Archive member included because of file (symbol)

C:/Freescale/SDK_1.3_FRDM-KL25Z/lib/ksdk_platform_lib/kds/KL25Z4/debug/libksdk_platform.a(fsl_power_manager.o)
                              ./SDK/platform/system/src/power/fsl_power_manager.o (gPowerManagerStateSync)
C:/Freescale/SDK_1.3_FRDM-KL25Z/lib/ksdk_platform_lib/kds/KL25Z4/debug/libksdk_platform.a(fsl_pit_driver.o)
                              ./SDK/platform/drivers/src/pit/fsl_pit_driver.o (g_pitSourceClock)
C:/Freescale/SDK_1.3_FRDM-KL25Z/lib/ksdk_platform_lib/kds/KL25Z4/debug/libksdk_platform.a(fsl_mcg_hal.o)
                              ./SDK/platform/hal/src/mcg/fsl_mcg_hal.o (g_xtal0ClkFreq)
C:/Freescale/SDK_1.3_FRDM-KL25Z/lib/ksdk_platform_lib/kds/KL25Z4/debug/libksdk_platform.a(fsl_lpsci_hal.o)
                              ./SDK/platform/drivers/src/lpsci/fsl_lpsci_driver.o (LPSCI_HAL_Init)
C:/Freescale/SDK_1.3_FRDM-KL25Z/lib/ksdk_platform_lib/kds/KL25Z4/debug/libksdk_platform.a(fsl_clock_MKL25Z4.o)
                              ./SDK/platform/system/src/clock/MKL25Z4/fsl_clock_MKL25Z4.o (g_tpmClkFreq)
c:/freescale/kds_3.0.0/toolchain/bin/../lib/gcc/arm-none-eabi/4.8.4/armv6-m\libgcc.a(_udivsi3.o)
                              ./Sources/StateMachine.o (__aeabi_uidiv)
c:/freescale/kds_3.0.0/toolchain/bin/../lib/gcc/arm-none-eabi/4.8.4/armv6-m\libgcc.a(_divsi3.o)
                              ./SDK/platform/utilities/src/print_scan.o (__aeabi_idiv)
c:/freescale/kds_3.0.0/toolchain/bin/../lib/gcc/arm-none-eabi/4.8.4/armv6-m\libgcc.a(_dvmd_tls.o)
                              c:/freescale/kds_3.0.0/toolchain/bin/../lib/gcc/arm-none-eabi/4.8.4/armv6-m\libgcc.a(_udivsi3.o) (__aeabi_idiv0)
c:/freescale/kds_3.0.0/toolchain/bin/../lib/gcc/arm-none-eabi/4.8.4/armv6-m\libgcc.a(_arm_cmpsf2.o)
                              ./Sources/StateMachine.o (__aeabi_fcmpgt)
c:/freescale/kds_3.0.0/toolchain/bin/../lib/gcc/arm-none-eabi/4.8.4/armv6-m\libgcc.a(_aeabi_uldivmod.o)
                              ./SDK/platform/drivers/src/rtc/fsl_rtc_driver.o (__aeabi_uldivmod)
c:/freescale/kds_3.0.0/toolchain/bin/../lib/gcc/arm-none-eabi/4.8.4/armv6-m\libgcc.a(_muldi3.o)
                              ./SDK/platform/drivers/src/rtc/fsl_rtc_driver.o (__aeabi_lmul)
c:/freescale/kds_3.0.0/toolchain/bin/../lib/gcc/arm-none-eabi/4.8.4/armv6-m\libgcc.a(bpabi.o)
                              c:/freescale/kds_3.0.0/toolchain/bin/../lib/gcc/arm-none-eabi/4.8.4/armv6-m\libgcc.a(_aeabi_uldivmod.o) (__gnu_uldivmod_helper)
c:/freescale/kds_3.0.0/toolchain/bin/../lib/gcc/arm-none-eabi/4.8.4/armv6-m\libgcc.a(divsf3.o)
                              ./Sources/Components/LM35.o (__aeabi_fdiv)
c:/freescale/kds_3.0.0/toolchain/bin/../lib/gcc/arm-none-eabi/4.8.4/armv6-m\libgcc.a(eqsf2.o)
                              c:/freescale/kds_3.0.0/toolchain/bin/../lib/gcc/arm-none-eabi/4.8.4/armv6-m\libgcc.a(_arm_cmpsf2.o) (__eqsf2)
c:/freescale/kds_3.0.0/toolchain/bin/../lib/gcc/arm-none-eabi/4.8.4/armv6-m\libgcc.a(gesf2.o)
                              c:/freescale/kds_3.0.0/toolchain/bin/../lib/gcc/arm-none-eabi/4.8.4/armv6-m\libgcc.a(_arm_cmpsf2.o) (__gesf2)
c:/freescale/kds_3.0.0/toolchain/bin/../lib/gcc/arm-none-eabi/4.8.4/armv6-m\libgcc.a(lesf2.o)
                              c:/freescale/kds_3.0.0/toolchain/bin/../lib/gcc/arm-none-eabi/4.8.4/armv6-m\libgcc.a(_arm_cmpsf2.o) (__lesf2)
c:/freescale/kds_3.0.0/toolchain/bin/../lib/gcc/arm-none-eabi/4.8.4/armv6-m\libgcc.a(mulsf3.o)
                              ./Sources/Components/UTILITIES.o (__aeabi_fmul)
c:/freescale/kds_3.0.0/toolchain/bin/../lib/gcc/arm-none-eabi/4.8.4/armv6-m\libgcc.a(subsf3.o)
                              ./Sources/Components/UTILITIES.o (__aeabi_fsub)
c:/freescale/kds_3.0.0/toolchain/bin/../lib/gcc/arm-none-eabi/4.8.4/armv6-m\libgcc.a(fixsfsi.o)
                              ./Sources/Components/MB7360.o (__aeabi_f2iz)
c:/freescale/kds_3.0.0/toolchain/bin/../lib/gcc/arm-none-eabi/4.8.4/armv6-m\libgcc.a(floatsisf.o)
                              ./Sources/Components/LM35.o (__aeabi_i2f)
c:/freescale/kds_3.0.0/toolchain/bin/../lib/gcc/arm-none-eabi/4.8.4/armv6-m\libgcc.a(divdf3.o)
                              ./Sources/Components/MB7360.o (__aeabi_ddiv)
c:/freescale/kds_3.0.0/toolchain/bin/../lib/gcc/arm-none-eabi/4.8.4/armv6-m\libgcc.a(muldf3.o)
                              ./Sources/Components/MB7360.o (__aeabi_dmul)
c:/freescale/kds_3.0.0/toolchain/bin/../lib/gcc/arm-none-eabi/4.8.4/armv6-m\libgcc.a(fixdfsi.o)
                              ./Sources/Components/MMA8451Q.o (__aeabi_d2iz)
c:/freescale/kds_3.0.0/toolchain/bin/../lib/gcc/arm-none-eabi/4.8.4/armv6-m\libgcc.a(floatsidf.o)
                              ./Sources/Components/MB7360.o (__aeabi_i2d)
c:/freescale/kds_3.0.0/toolchain/bin/../lib/gcc/arm-none-eabi/4.8.4/armv6-m\libgcc.a(truncdfsf2.o)
                              ./Sources/Components/MB7360.o (__aeabi_d2f)
[...]
Memory Configuration

Name             Origin             Length             Attributes
m_interrupts     0x00000000         0x00000200         xr
m_flash_config   0x00000400         0x00000010         xr
m_interrupts_ram 0x1ffff000         0x00000200         rw
m_text           0x00000410         0x0001fbf0         xr
m_data           0x1ffff200         0x00003e00         rw
*default*        0x00000000         0xffffffff

Linker script and memory map

LOAD c:/freescale/kds_3.0.0/toolchain/bin/../lib/gcc/arm-none-eabi/4.8.4/armv6-m/crti.o
LOAD c:/freescale/kds_3.0.0/toolchain/bin/../lib/gcc/arm-none-eabi/4.8.4/armv6-m/crtbegin.o
LOAD c:/freescale/kds_3.0.0/toolchain/bin/../lib/gcc/arm-none-eabi/4.8.4/../../../../arm-none-eabi/lib/armv6-m/crt0.o
LOAD ./Static_Code/System/PE_low_level_init.o
LOAD ./Sources/Components/MMA8451Q_Files/accel.o
LOAD ./Sources/Components/MMA8451Q_Files/fsl_i2c_irq.o
LOAD ./Sources/Components/MMA8451Q_Files/fxos_api.o
LOAD ./Sources/Components/MMA8451Q_Files/mma8451_api.o
LOAD ./Sources/Components/CONSOLE.o
LOAD ./Sources/Components/LM35.o
LOAD ./Sources/Components/MB7360.o
LOAD ./Sources/Components/MMA8451Q.o
LOAD ./Sources/Components/SIM800L.o
LOAD ./Sources/Components/UTILITIES.o
LOAD ./Sources/Events.o
LOAD ./Sources/Hardware.o
LOAD ./Sources/StateMachine.o
LOAD ./Sources/main.o
LOAD ./SDK/platform/utilities/src/fsl_debug_console.o
LOAD ./SDK/platform/utilities/src/fsl_misc_utilities.o
LOAD ./SDK/platform/utilities/src/print_scan.o
LOAD ./SDK/platform/system/src/power/fsl_power_manager.o
LOAD ./SDK/platform/system/src/interrupt/fsl_interrupt_manager.o
LOAD ./SDK/platform/system/src/clock/MKL25Z4/fsl_clock_MKL25Z4.o
LOAD ./SDK/platform/system/src/clock/fsl_clock_manager.o
LOAD ./SDK/platform/system/src/clock/fsl_clock_manager_common.o
LOAD ./SDK/platform/osa/src/fsl_os_abstraction_bm.o
LOAD ./SDK/platform/hal/src/uart/fsl_uart_hal.o
LOAD ./SDK/platform/hal/src/smc/fsl_smc_hal.o
LOAD ./SDK/platform/hal/src/sim/MKL25Z4/fsl_sim_hal_MKL25Z4.o
LOAD ./SDK/platform/hal/src/rtc/fsl_rtc_hal.o
LOAD ./SDK/platform/hal/src/rcm/fsl_rcm_hal.o
LOAD ./SDK/platform/hal/src/port/fsl_port_hal.o
LOAD ./SDK/platform/hal/src/pit/fsl_pit_hal.o
LOAD ./SDK/platform/hal/src/osc/fsl_osc_hal.o
LOAD ./SDK/platform/hal/src/mcg/fsl_mcg_hal.o
LOAD ./SDK/platform/hal/src/mcg/fsl_mcg_hal_modes.o
LOAD ./SDK/platform/hal/src/lptmr/fsl_lptmr_hal.o
LOAD ./SDK/platform/hal/src/lpsci/fsl_lpsci_hal.o
LOAD ./SDK/platform/hal/src/llwu/fsl_llwu_hal.o
LOAD ./SDK/platform/hal/src/i2c/fsl_i2c_hal.o
LOAD ./SDK/platform/hal/src/gpio/fsl_gpio_hal.o
LOAD ./SDK/platform/hal/src/adc16/fsl_adc16_hal.o
LOAD ./SDK/platform/drivers/src/uart/fsl_uart_common.o
LOAD ./SDK/platform/drivers/src/uart/fsl_uart_driver.o
LOAD ./SDK/platform/drivers/src/rtc/fsl_rtc_common.o
LOAD ./SDK/platform/drivers/src/rtc/fsl_rtc_driver.o
LOAD ./SDK/platform/drivers/src/pit/fsl_pit_common.o
LOAD ./SDK/platform/drivers/src/pit/fsl_pit_driver.o
LOAD ./SDK/platform/drivers/src/lptmr/fsl_lptmr_common.o
LOAD ./SDK/platform/drivers/src/lptmr/fsl_lptmr_driver.o
LOAD ./SDK/platform/drivers/src/lpsci/fsl_lpsci_common.o
LOAD ./SDK/platform/drivers/src/lpsci/fsl_lpsci_driver.o
LOAD ./SDK/platform/drivers/src/i2c/fsl_i2c_common.o
LOAD ./SDK/platform/drivers/src/i2c/fsl_i2c_master_driver.o
LOAD ./SDK/platform/drivers/src/i2c/fsl_i2c_shared_function.o
LOAD ./SDK/platform/drivers/src/i2c/fsl_i2c_slave_driver.o
LOAD ./SDK/platform/drivers/src/gpio/fsl_gpio_common.o
LOAD ./SDK/platform/drivers/src/gpio/fsl_gpio_driver.o
LOAD ./SDK/platform/drivers/src/adc16/fsl_adc16_common.o
LOAD ./SDK/platform/drivers/src/adc16/fsl_adc16_driver.o
LOAD ./SDK/platform/devices/MKL25Z4/startup/gcc/startup_MKL25Z4.o
LOAD ./SDK/platform/devices/MKL25Z4/startup/system_MKL25Z4.o
LOAD ./SDK/platform/devices/startup.o
LOAD ./Generated_Code/ADC_0.o
LOAD ./Generated_Code/Cpu.o
LOAD ./Generated_Code/GPIO_0.o
LOAD ./Generated_Code/KSDK1.o
LOAD ./Generated_Code/LPSCI_0.o
LOAD ./Generated_Code/LPTMR_0.o
LOAD ./Generated_Code/UART_1.o
LOAD ./Generated_Code/clockMan1.o
LOAD ./Generated_Code/gpio1.o
LOAD ./Generated_Code/hardware_init.o
LOAD ./Generated_Code/i2cCom1.o
LOAD ./Generated_Code/osa1.o
LOAD ./Generated_Code/pin_init.o
LOAD ./Generated_Code/pwrMan1.o
LOAD C:/Freescale/SDK_1.3_FRDM-KL25Z/lib/ksdk_platform_lib/kds/KL25Z4/debug/libksdk_platform.a
LOAD C:\Freescale\SDK_1.3_FRDM-KL25Z\lib\ksdk_platform_lib\kds\KL25Z4\debug\libksdk_platform.a
LOAD c:/freescale/kds_3.0.0/toolchain/bin/../lib/gcc/arm-none-eabi/4.8.4/../../../../arm-none-eabi/lib/armv6-m\libstdc++_s.a
LOAD c:/freescale/kds_3.0.0/toolchain/bin/../lib/gcc/arm-none-eabi/4.8.4/../../../../arm-none-eabi/lib/armv6-m\libm.a
START GROUP
LOAD c:/freescale/kds_3.0.0/toolchain/bin/../lib/gcc/arm-none-eabi/4.8.4/armv6-m\libgcc.a
LOAD c:/freescale/kds_3.0.0/toolchain/bin/../lib/gcc/arm-none-eabi/4.8.4/../../../../arm-none-eabi/lib/armv6-m\libg_s.a
LOAD c:/freescale/kds_3.0.0/toolchain/bin/../lib/gcc/arm-none-eabi/4.8.4/../../../../arm-none-eabi/lib/armv6-m\libc_s.a
END GROUP
START GROUP
LOAD c:/freescale/kds_3.0.0/toolchain/bin/../lib/gcc/arm-none-eabi/4.8.4/armv6-m\libgcc.a
LOAD c:/freescale/kds_3.0.0/toolchain/bin/../lib/gcc/arm-none-eabi/4.8.4/../../../../arm-none-eabi/lib/armv6-m\libc_s.a
LOAD c:/freescale/kds_3.0.0/toolchain/bin/../lib/gcc/arm-none-eabi/4.8.4/../../../../arm-none-eabi/lib/armv6-m\libnosys.a
END GROUP
START GROUP
LOAD c:/freescale/kds_3.0.0/toolchain/bin/../lib/gcc/arm-none-eabi/4.8.4/armv6-m\libgcc.a
LOAD c:/freescale/kds_3.0.0/toolchain/bin/../lib/gcc/arm-none-eabi/4.8.4/../../../../arm-none-eabi/lib/armv6-m\libc_s.a
LOAD c:/freescale/kds_3.0.0/toolchain/bin/../lib/gcc/arm-none-eabi/4.8.4/../../../../arm-none-eabi/lib/armv6-m\libnosys.a
END GROUP
LOAD c:/freescale/kds_3.0.0/toolchain/bin/../lib/gcc/arm-none-eabi/4.8.4/armv6-m/crtend.o
LOAD c:/freescale/kds_3.0.0/toolchain/bin/../lib/gcc/arm-none-eabi/4.8.4/armv6-m/crtn.o
                0x00000000                HEAP_SIZE = DEFINED (__heap_size__)?__heap_size__:0x0
                0x00000400                STACK_SIZE = DEFINED (__stack_size__)?__stack_size__:0x400

.interrupts     0x00000000       0xc0
                0x00000000                __VECTOR_TABLE = .
                0x00000000                . = ALIGN (0x4)
 *(.isr_vector)
 .isr_vector    0x00000000       0xc0 ./SDK/platform/devices/MKL25Z4/startup/gcc/startup_MKL25Z4.o
                0x00000000                __isr_vector
                0x000000c0                . = ALIGN (0x4)
                0x1ffff000                __VECTOR_RAM = ORIGIN (m_interrupts_ram)

.flash_config   0x00000400       0x10
                0x00000400                . = ALIGN (0x4)
 *(.FlashConfig)
 .FlashConfig   0x00000400       0x10 ./SDK/platform/devices/MKL25Z4/startup/gcc/startup_MKL25Z4.o
                0x00000410                . = ALIGN (0x4)

.text           0x00000410     0xa2ec
                0x00000410                . = ALIGN (0x4)
 *(.text)
 .text          0x00000410       0x60 c:/freescale/kds_3.0.0/toolchain/bin/../lib/gcc/arm-none-eabi/4.8.4/armv6-m/crtbegin.o
 .text          0x00000470       0x78 c:/freescale/kds_3.0.0/toolchain/bin/../lib/gcc/arm-none-eabi/4.8.4/../../../../arm-none-eabi/lib/armv6-m/crt0.o
                0x00000470                _start
                0x00000470                _mainCRTStartup
 .text          0x000004e8       0x18 ./SDK/platform/devices/MKL25Z4/startup/gcc/startup_MKL25Z4.o
                0x000004e8                Reset_Handler
                0x000004f8                PendSV_Handler
                0x000004f8                NMI_Handler
                0x000004f8                DMA2_IRQHandler
                0x000004f8                TPM0_IRQHandler
                0x000004f8                LLWU_IRQHandler
                0x000004f8                TSI0_IRQHandler
                0x000004f8                Reserved39_IRQHandler
                0x000004f8                SPI1_IRQHandler
                0x000004f8                DefaultISR
                0x000004f8                PORTD_IRQHandler
                0x000004f8                TPM2_IRQHandler
                0x000004f8                RTC_IRQHandler
                0x000004f8                HardFault_Handler
                0x000004f8                RTC_Seconds_IRQHandler
                0x000004f8                MCG_IRQHandler
                0x000004f8                UART2_IRQHandler
                0x000004f8                Reserved20_IRQHandler
                0x000004f8                USB0_IRQHandler
                0x000004f8                PIT_IRQHandler
                0x000004f8                SVC_Handler
                0x000004f8                DMA3_IRQHandler
                0x000004f8                DMA0_IRQHandler
                0x000004f8                DAC0_IRQHandler
                0x000004f8                Reserved45_IRQHandler
                0x000004f8                TPM1_IRQHandler
                0x000004f8                LVD_LVW_IRQHandler
                0x000004f8                SPI0_IRQHandler
                0x000004f8                PORTA_IRQHandler
                0x000004f8                FTFA_IRQHandler
                0x000004f8                CMP0_IRQHandler
                0x000004f8                DMA1_IRQHandler
 .text          0x00000500       0x9c c:/freescale/kds_3.0.0/toolchain/bin/../lib/gcc/arm-none-eabi/4.8.4/armv6-m\libgcc.a(_udivsi3.o)
                0x00000500                __aeabi_uidiv
                0x00000500                __udivsi3
                0x00000588                __aeabi_uidivmod
 .text          0x0000059c       0xc0 c:/freescale/kds_3.0.0/toolchain/bin/../lib/gcc/arm-none-eabi/4.8.4/armv6-m\libgcc.a(_divsi3.o)
                0x0000059c                __divsi3
                0x0000059c                __aeabi_idiv
                0x00000648                __aeabi_idivmod
 .text          0x0000065c        0x4 c:/freescale/kds_3.0.0/toolchain/bin/../lib/gcc/arm-none-eabi/4.8.4/armv6-m\libgcc.a(_dvmd_tls.o)
                0x0000065c                __aeabi_idiv0
                0x0000065c                __aeabi_ldiv0
 .text          0x00000660       0x40 c:/freescale/kds_3.0.0/toolchain/bin/../lib/gcc/arm-none-eabi/4.8.4/armv6-m\libgcc.a(_aeabi_uldivmod.o)
                0x00000660                __aeabi_uldivmod
 .text          0x000006a0       0x44 c:/freescale/kds_3.0.0/toolchain/bin/../lib/gcc/arm-none-eabi/4.8.4/armv6-m\libgcc.a(_muldi3.o)
                0x000006a0                __muldi3
                0x000006a0                __aeabi_lmul
 .text          0x000006e4       0x6c c:/freescale/kds_3.0.0/toolchain/bin/../lib/gcc/arm-none-eabi/4.8.4/armv6-m\libgcc.a(bpabi.o)
                0x000006e4                __gnu_ldivmod_helper
                0x0000071c                __gnu_uldivmod_helper
 .text          0x00000750      0x520 c:/freescale/kds_3.0.0/toolchain/bin/../lib/gcc/arm-none-eabi/4.8.4/armv6-m\libgcc.a(muldf3.o)
                0x00000750                __aeabi_dmul
 .text          0x00000c70       0x68 c:/freescale/kds_3.0.0/toolchain/bin/../lib/gcc/arm-none-eabi/4.8.4/armv6-m\libgcc.a(fixdfsi.o)
                0x00000c70                __aeabi_d2iz
 .text          0x00000cd8       0x7c c:/freescale/kds_3.0.0/toolchain/bin/../lib/gcc/arm-none-eabi/4.8.4/armv6-m\libgcc.a(floatsidf.o)
                0x00000cd8                __aeabi_i2d
 .text          0x00000d54       0x3c c:/freescale/kds_3.0.0/toolchain/bin/../lib/gcc/arm-none-eabi/4.8.4/armv6-m\libgcc.a(_clzsi2.o)
                0x00000d54                __clzsi2
 .text          0x00000d90      0x3b8 c:/freescale/kds_3.0.0/toolchain/bin/../lib/gcc/arm-none-eabi/4.8.4/armv6-m\libgcc.a(_divdi3.o)
                0x00000d90                __divdi3
 .text          0x00001148      0x384 c:/freescale/kds_3.0.0/toolchain/bin/../lib/gcc/arm-none-eabi/4.8.4/armv6-m\libgcc.a(_udivdi3.o)
                0x00001148                __udivdi3
 *(.text*)
 .text.PEX_components_init
                0x000014cc        0xc ./Static_Code/System/PE_low_level_init.o
                0x000014cc                PEX_components_init
 .text.PE_low_level_init
                0x000014d8       0x14 ./Static_Code/System/PE_low_level_init.o
                0x000014d8                PE_low_level_init
 .text.accel_read_reg
                0x000014ec       0x5c ./Sources/Components/MMA8451Q_Files/accel.o
                0x000014ec                accel_read_reg
 .text.accel_write_reg
                0x00001548       0x50 ./Sources/Components/MMA8451Q_Files/accel.o
                0x00001548                accel_write_reg
 .text.accel_init
                0x00001598      0x11c ./Sources/Components/MMA8451Q_Files/accel.o
                0x00001598                accel_init
 .text.I2C0_IRQHandler
                0x000016b4       0x10 ./Sources/Components/MMA8451Q_Files/fsl_i2c_irq.o
                0x000016b4                I2C0_IRQHandler
 .text.I2C1_IRQHandler
                0x000016c4       0x10 ./Sources/Components/MMA8451Q_Files/fsl_i2c_irq.o
                0x000016c4                I2C1_IRQHandler
 .text.fxos_init
                0x000016d4      0x12c ./Sources/Components/MMA8451Q_Files/fxos_api.o
                0x000016d4                fxos_init
 .text.fxos_read_sensor_data
                0x00001800       0x24 ./Sources/Components/MMA8451Q_Files/fxos_api.o
                0x00001800                fxos_read_sensor_data
 .text.fxos_read_register_array_fast
                0x00001824       0x5c ./Sources/Components/MMA8451Q_Files/fxos_api.o
                0x00001824                fxos_read_register_array_fast
 .text.mma8451_init
                0x00001880      0x10c ./Sources/Components/MMA8451Q_Files/mma8451_api.o
                0x00001880                mma8451_init
 .text.mma8451_read_sensor_data
                0x0000198c       0xb0 ./Sources/Components/MMA8451Q_Files/mma8451_api.o
                0x0000198c                mma8451_read_sensor_data
 .text.CONSOLE_SEND
                0x00001a3c       0x30 ./Sources/Components/CONSOLE.o
                0x00001a3c                CONSOLE_SEND
 .text.MMA8451Q_INIT
                0x00001a6c       0x58 ./Sources/Components/MMA8451Q.o
                0x00001a6c                MMA8451Q_INIT
 *fill*         0x00001ac4        0x4 
 .text.MMA8451Q_GET_DATA
                0x00001ac8       0xd8 ./Sources/Components/MMA8451Q.o
                0x00001ac8                MMA8451Q_GET_DATA
 .text.MMA8451Q_GET_X
                0x00001ba0       0x18 ./Sources/Components/MMA8451Q.o
                0x00001ba0                MMA8451Q_GET_X
 .text.MMA8451Q_GET_Y
                0x00001bb8       0x18 ./Sources/Components/MMA8451Q.o
                0x00001bb8                MMA8451Q_GET_Y
 .text.SIM800L_FLUSH_RX_BUFFER
                0x00001bd0       0x40 ./Sources/Components/SIM800L.o
                0x00001bd0                SIM800L_FLUSH_RX_BUFFER
 .text.LPTMR_HAL_ClearIntFlag
                0x00001c10       0x1c ./Sources/Events.o
 .text.UART_1_RxCallback
                0x00001c2c       0x50 ./Sources/Events.o
                0x00001c2c                UART_1_RxCallback
 .text.UART_1_TxCallback
                0x00001c7c       0x10 ./Sources/Events.o
                0x00001c7c                UART_1_TxCallback
 .text.ADC0_IRQHandler
                0x00001c8c        0x8 ./Sources/Events.o
                0x00001c8c                ADC0_IRQHandler
 .text.LPTMR_0_OnTimerCompare
                0x00001c94        0x8 ./Sources/Events.o
                0x00001c94                LPTMR_0_OnTimerCompare
 .text.pwrMan1_llwuIRQHandler
                0x00001c9c       0x20 ./Sources/Events.o
                0x00001c9c                pwrMan1_llwuIRQHandler
 .text.main     0x00001cbc       0xc0 ./Sources/main.o
                0x00001cbc                main
 .text._write   0x00001d7c       0x5c ./SDK/platform/utilities/src/fsl_debug_console.o
                0x00001d7c                _write
 .text._read    0x00001dd8       0x48 ./SDK/platform/utilities/src/fsl_debug_console.o
                0x00001dd8                _read
 .text.debug_printf
                0x00001e20       0x4c ./SDK/platform/utilities/src/fsl_debug_console.o
                0x00001e20                debug_printf
 .text.debug_putc
                0x00001e6c       0x44 ./SDK/platform/utilities/src/fsl_debug_console.o
 .text._sbrk    0x00001eb0       0x5c ./SDK/platform/utilities/src/fsl_misc_utilities.o
                0x00001eb0                _sbrk
 .text._doprint
                0x00001f0c      0x6e4 ./SDK/platform/utilities/src/print_scan.o
                0x00001f0c                _doprint
 .text.mknumstr
                0x000025f0      0x110 ./SDK/platform/utilities/src/print_scan.o
 .text.fput_pad
                0x00002700       0x44 ./SDK/platform/utilities/src/print_scan.o
 .text.POWER_SYS_Init
                0x00002744       0x78 ./SDK/platform/system/src/power/fsl_power_manager.o
                0x00002744                POWER_SYS_Init
 .text.POWER_SYS_GetWakeupModuleFlag
                0x000027bc       0x4c ./SDK/platform/system/src/power/fsl_power_manager.o
                0x000027bc                POWER_SYS_GetWakeupModuleFlag
 .text.INT_SYS_InstallHandler
                0x00002808       0x84 ./SDK/platform/system/src/interrupt/fsl_interrupt_manager.o
                0x00002808                INT_SYS_InstallHandler
 .text.INT_SYS_EnableIRQGlobal
                0x0000288c       0x2c ./SDK/platform/system/src/interrupt/fsl_interrupt_manager.o
                0x0000288c                INT_SYS_EnableIRQGlobal
 .text.INT_SYS_DisableIRQGlobal
                0x000028b8       0x18 ./SDK/platform/system/src/interrupt/fsl_interrupt_manager.o
                0x000028b8                INT_SYS_DisableIRQGlobal
 .text.SIM_HAL_EnableClock
                0x000028d0       0x58 ./SDK/platform/system/src/clock/MKL25Z4/fsl_clock_MKL25Z4.o
 .text.CLOCK_HAL_GetLpsciSrc
                0x00002928       0x28 ./SDK/platform/system/src/clock/MKL25Z4/fsl_clock_MKL25Z4.o
 .text.CLOCK_HAL_GetExternalRefClock32kSrc
                0x00002950       0x20 ./SDK/platform/system/src/clock/MKL25Z4/fsl_clock_MKL25Z4.o
 .text.CLOCK_HAL_GetPllfllSel
                0x00002970       0x24 ./SDK/platform/system/src/clock/MKL25Z4/fsl_clock_MKL25Z4.o
 .text.CLOCK_HAL_GetOutDiv1
                0x00002994       0x28 ./SDK/platform/system/src/clock/MKL25Z4/fsl_clock_MKL25Z4.o
 .text.CLOCK_HAL_GetOutDiv4
                0x000029bc       0x28 ./SDK/platform/system/src/clock/MKL25Z4/fsl_clock_MKL25Z4.o
 .text.CLOCK_SYS_GetLpoClockFreq
                0x000029e4       0x10 ./SDK/platform/system/src/clock/MKL25Z4/fsl_clock_MKL25Z4.o
 .text.OSC_HAL_GetExternalRefClkCmd
                0x000029f4       0x24 ./SDK/platform/system/src/clock/MKL25Z4/fsl_clock_MKL25Z4.o
 .text.CLOCK_SYS_GetCoreClockFreq
                0x00002a18       0x34 ./SDK/platform/system/src/clock/MKL25Z4/fsl_clock_MKL25Z4.o
                0x00002a18                CLOCK_SYS_GetCoreClockFreq
 .text.CLOCK_SYS_GetSystemClockFreq
                0x00002a4c       0x34 ./SDK/platform/system/src/clock/MKL25Z4/fsl_clock_MKL25Z4.o
                0x00002a4c                CLOCK_SYS_GetSystemClockFreq
 .text.CLOCK_SYS_GetBusClockFreq
                0x00002a80       0x2c ./SDK/platform/system/src/clock/MKL25Z4/fsl_clock_MKL25Z4.o
                0x00002a80                CLOCK_SYS_GetBusClockFreq
 .text.CLOCK_SYS_GetPllFllClockFreq
                0x00002aac       0x5c ./SDK/platform/system/src/clock/MKL25Z4/fsl_clock_MKL25Z4.o
                0x00002aac                CLOCK_SYS_GetPllFllClockFreq
 .text.CLOCK_SYS_GetExternalRefClock32kFreq
                0x00002b08       0x6c ./SDK/platform/system/src/clock/MKL25Z4/fsl_clock_MKL25Z4.o
                0x00002b08                CLOCK_SYS_GetExternalRefClock32kFreq
 .text.CLOCK_SYS_GetOsc0ExternalRefClockFreq
                0x00002b74       0x2c ./SDK/platform/system/src/clock/MKL25Z4/fsl_clock_MKL25Z4.o
                0x00002b74                CLOCK_SYS_GetOsc0ExternalRefClockFreq
 .text.CLOCK_SYS_GetLptmrFreq
                0x00002ba0       0x68 ./SDK/platform/system/src/clock/MKL25Z4/fsl_clock_MKL25Z4.o
                0x00002ba0                CLOCK_SYS_GetLptmrFreq
 .text.CLOCK_SYS_GetI2cFreq
                0x00002c08       0x28 ./SDK/platform/system/src/clock/MKL25Z4/fsl_clock_MKL25Z4.o
                0x00002c08                CLOCK_SYS_GetI2cFreq
 .text.CLOCK_SYS_GetLpsciFreq
                0x00002c30       0x68 ./SDK/platform/system/src/clock/MKL25Z4/fsl_clock_MKL25Z4.o
                0x00002c30                CLOCK_SYS_GetLpsciFreq
 .text.CLOCK_SYS_GetUartFreq
                0x00002c98       0x2c ./SDK/platform/system/src/clock/MKL25Z4/fsl_clock_MKL25Z4.o
                0x00002c98                CLOCK_SYS_GetUartFreq
 .text.CLOCK_SYS_EnablePortClock
                0x00002cc4       0x4c ./SDK/platform/system/src/clock/MKL25Z4/fsl_clock_MKL25Z4.o
                0x00002cc4                CLOCK_SYS_EnablePortClock
 .text.CLOCK_SYS_EnableAdcClock
                0x00002d10       0x40 ./SDK/platform/system/src/clock/MKL25Z4/fsl_clock_MKL25Z4.o
                0x00002d10                CLOCK_SYS_EnableAdcClock
 .text.CLOCK_SYS_EnableI2cClock
                0x00002d50       0x4c ./SDK/platform/system/src/clock/MKL25Z4/fsl_clock_MKL25Z4.o
                0x00002d50                CLOCK_SYS_EnableI2cClock
 .text.CLOCK_SYS_EnableLpsciClock
                0x00002d9c       0x40 ./SDK/platform/system/src/clock/MKL25Z4/fsl_clock_MKL25Z4.o
                0x00002d9c                CLOCK_SYS_EnableLpsciClock
 .text.CLOCK_SYS_EnableUartClock
                0x00002ddc       0x4c ./SDK/platform/system/src/clock/MKL25Z4/fsl_clock_MKL25Z4.o
                0x00002ddc                CLOCK_SYS_EnableUartClock
 .text.CLOCK_SYS_GetSystickFreq
                0x00002e28       0x28 ./SDK/platform/system/src/clock/fsl_clock_manager.o
                0x00002e28                CLOCK_SYS_GetSystickFreq
 .text.OSA_SemaCreate
                0x00002e50       0x54 ./SDK/platform/osa/src/fsl_os_abstraction_bm.o
                0x00002e50                OSA_SemaCreate
 .text.OSA_SemaWait
                0x00002ea4       0xc8 ./SDK/platform/osa/src/fsl_os_abstraction_bm.o
                0x00002ea4                OSA_SemaWait
 .text.OSA_SemaPost
                0x00002f6c       0x58 ./SDK/platform/osa/src/fsl_os_abstraction_bm.o
                0x00002f6c                OSA_SemaPost
 .text.OSA_EventSet
                0x00002fc4       0x4c ./SDK/platform/osa/src/fsl_os_abstraction_bm.o
                0x00002fc4                OSA_EventSet
 .text.task_init
                0x00003010       0x60 ./SDK/platform/osa/src/fsl_os_abstraction_bm.o
                0x00003010                task_init
 .text.OSA_TimeDelay
                0x00003070       0x34 ./SDK/platform/osa/src/fsl_os_abstraction_bm.o
                0x00003070                OSA_TimeDelay
 .text.OSA_InstallIntHandler
                0x000030a4       0x24 ./SDK/platform/osa/src/fsl_os_abstraction_bm.o
                0x000030a4                OSA_InstallIntHandler
 .text.OSA_Init
                0x000030c8       0x14 ./SDK/platform/osa/src/fsl_os_abstraction_bm.o
                0x000030c8                OSA_Init
 .text.UART_HAL_Init
                0x000030dc       0x38 ./SDK/platform/hal/src/uart/fsl_uart_hal.o
                0x000030dc                UART_HAL_Init
 .text.UART_HAL_SetBaudRate
                0x00003114       0x6c ./SDK/platform/hal/src/uart/fsl_uart_hal.o
                0x00003114                UART_HAL_SetBaudRate
 .text.UART_HAL_SetParityMode
                0x00003180       0x40 ./SDK/platform/hal/src/uart/fsl_uart_hal.o
                0x00003180                UART_HAL_SetParityMode
 .text.UART_HAL_Putchar
                0x000031c0       0x34 ./SDK/platform/hal/src/uart/fsl_uart_hal.o
                0x000031c0                UART_HAL_Putchar
 .text.UART_HAL_Getchar
                0x000031f4       0x34 ./SDK/platform/hal/src/uart/fsl_uart_hal.o
                0x000031f4                UART_HAL_Getchar
 .text.UART_HAL_SetIntMode
                0x00003228       0xd4 ./SDK/platform/hal/src/uart/fsl_uart_hal.o
                0x00003228                UART_HAL_SetIntMode
 .text.UART_HAL_GetStatusFlag
                0x000032fc       0x8c ./SDK/platform/hal/src/uart/fsl_uart_hal.o
                0x000032fc                UART_HAL_GetStatusFlag
 .text.UART_HAL_ClearStatusFlag
                0x00003388       0x98 ./SDK/platform/hal/src/uart/fsl_uart_hal.o
                0x00003388                UART_HAL_ClearStatusFlag
 .text.CLOCK_HAL_GetClkOutStat
                0x00003420       0x20 ./SDK/platform/hal/src/mcg/fsl_mcg_hal.o
 .text.CLOCK_HAL_IsPllSelected
                0x00003440       0x24 ./SDK/platform/hal/src/mcg/fsl_mcg_hal.o
 .text.CLOCK_HAL_GetMcgExternalClkFreq
                0x00003464       0x18 ./SDK/platform/hal/src/mcg/fsl_mcg_hal.o
 .text.CLOCK_HAL_TestFllExternalRefFreq
                0x0000347c       0x7c ./SDK/platform/hal/src/mcg/fsl_mcg_hal.o
                0x0000347c                CLOCK_HAL_TestFllExternalRefFreq
 .text.CLOCK_HAL_GetFllRefClk
                0x000034f8       0x8c ./SDK/platform/hal/src/mcg/fsl_mcg_hal.o
                0x000034f8                CLOCK_HAL_GetFllRefClk
 .text.CLOCK_HAL_TestFllFreq
                0x00003584       0x6c ./SDK/platform/hal/src/mcg/fsl_mcg_hal.o
                0x00003584                CLOCK_HAL_TestFllFreq
 .text.CLOCK_HAL_GetFllClk
                0x000035f0       0x7c ./SDK/platform/hal/src/mcg/fsl_mcg_hal.o
                0x000035f0                CLOCK_HAL_GetFllClk
 .text.CLOCK_HAL_GetPll0RefFreq
                0x0000366c       0x1c ./SDK/platform/hal/src/mcg/fsl_mcg_hal.o
                0x0000366c                CLOCK_HAL_GetPll0RefFreq
 .text.CLOCK_HAL_GetPll0Clk
                0x00003688       0x90 ./SDK/platform/hal/src/mcg/fsl_mcg_hal.o
                0x00003688                CLOCK_HAL_GetPll0Clk
 .text.CLOCK_HAL_GetInternalRefClk
                0x00003718       0x64 ./SDK/platform/hal/src/mcg/fsl_mcg_hal.o
                0x00003718                CLOCK_HAL_GetInternalRefClk
 .text.CLOCK_HAL_GetOutClk
                0x0000377c       0x7c ./SDK/platform/hal/src/mcg/fsl_mcg_hal.o
                0x0000377c                CLOCK_HAL_GetOutClk
 .text.LPTMR_HAL_SetTimerWorkingMode
                0x000037f8       0x5c ./SDK/platform/hal/src/lptmr/fsl_lptmr_hal.o
                0x000037f8                LPTMR_HAL_SetTimerWorkingMode
 .text.LPTMR_HAL_SetPrescalerMode
                0x00003854       0x3c ./SDK/platform/hal/src/lptmr/fsl_lptmr_hal.o
                0x00003854                LPTMR_HAL_SetPrescalerMode
 .text.LLWU_HAL_GetInternalModuleWakeupFlag
                0x00003890       0x3c ./SDK/platform/hal/src/llwu/fsl_llwu_hal.o
                0x00003890                LLWU_HAL_GetInternalModuleWakeupFlag
 .text.I2C_HAL_GetStatusFlag
                0x000038cc       0x34 ./SDK/platform/hal/src/i2c/fsl_i2c_hal.o
 .text.I2C_HAL_Init
                0x00003900       0x50 ./SDK/platform/hal/src/i2c/fsl_i2c_hal.o
                0x00003900                I2C_HAL_Init
 .text.I2C_HAL_SetBaudRate
                0x00003950       0xe0 ./SDK/platform/hal/src/i2c/fsl_i2c_hal.o
                0x00003950                I2C_HAL_SetBaudRate
 .text.I2C_HAL_SendStart
                0x00003a30       0x8c ./SDK/platform/hal/src/i2c/fsl_i2c_hal.o
                0x00003a30                I2C_HAL_SendStart
 .text.I2C_HAL_SendStop
                0x00003abc       0x78 ./SDK/platform/hal/src/i2c/fsl_i2c_hal.o
                0x00003abc                I2C_HAL_SendStop
 .text.GPIO_HAL_SetPinDir
                0x00003b34       0x6c ./SDK/platform/hal/src/gpio/fsl_gpio_hal.o
                0x00003b34                GPIO_HAL_SetPinDir
 .text.GPIO_HAL_WritePinOutput
                0x00003ba0       0x50 ./SDK/platform/hal/src/gpio/fsl_gpio_hal.o
                0x00003ba0                GPIO_HAL_WritePinOutput
 .text.ADC16_HAL_Init
                0x00003bf0       0x34 ./SDK/platform/hal/src/adc16/fsl_adc16_hal.o
                0x00003bf0                ADC16_HAL_Init
 .text.ADC16_HAL_ConfigConverter
                0x00003c24      0x1d0 ./SDK/platform/hal/src/adc16/fsl_adc16_hal.o
                0x00003c24                ADC16_HAL_ConfigConverter
 .text.NVIC_EnableIRQ
                0x00003df4       0x2c ./SDK/platform/drivers/src/uart/fsl_uart_driver.o
 .text.UART_HAL_EnableTransmitter
                0x00003e20       0x1c ./SDK/platform/drivers/src/uart/fsl_uart_driver.o
 .text.UART_HAL_EnableReceiver
                0x00003e3c       0x1c ./SDK/platform/drivers/src/uart/fsl_uart_driver.o
 .text.UART_HAL_SetBitCountPerChar
                0x00003e58       0x28 ./SDK/platform/drivers/src/uart/fsl_uart_driver.o
 .text.UART_HAL_SetStopBitCount
                0x00003e80       0x28 ./SDK/platform/drivers/src/uart/fsl_uart_driver.o
 .text.INT_SYS_EnableIRQ
                0x00003ea8       0x5c ./SDK/platform/drivers/src/uart/fsl_uart_driver.o
 .text.UART_DRV_Init
                0x00003f04      0x144 ./SDK/platform/drivers/src/uart/fsl_uart_driver.o
                0x00003f04                UART_DRV_Init
 .text.UART_DRV_InstallRxCallback
                0x00004048       0x88 ./SDK/platform/drivers/src/uart/fsl_uart_driver.o
                0x00004048                UART_DRV_InstallRxCallback
 .text.UART_DRV_InstallTxCallback
                0x000040d0       0x60 ./SDK/platform/drivers/src/uart/fsl_uart_driver.o
                0x000040d0                UART_DRV_InstallTxCallback
 .text.UART_DRV_IRQHandler
                0x00004130      0x16c ./SDK/platform/drivers/src/uart/fsl_uart_driver.o
                0x00004130                UART_DRV_IRQHandler
 .text.UART_DRV_CompleteSendData
                0x0000429c       0x74 ./SDK/platform/drivers/src/uart/fsl_uart_driver.o
 .text.UART_DRV_CompleteReceiveData
                0x00004310       0x88 ./SDK/platform/drivers/src/uart/fsl_uart_driver.o
 .text.NVIC_EnableIRQ
                0x00004398       0x2c ./SDK/platform/drivers/src/lptmr/fsl_lptmr_driver.o
 .text.NVIC_DisableIRQ
                0x000043c4       0x2c ./SDK/platform/drivers/src/lptmr/fsl_lptmr_driver.o
 .text.LPTMR_HAL_Disable
                0x000043f0       0x1c ./SDK/platform/drivers/src/lptmr/fsl_lptmr_driver.o
 .text.LPTMR_HAL_ClearIntFlag
                0x0000440c       0x1c ./SDK/platform/drivers/src/lptmr/fsl_lptmr_driver.o
 .text.LPTMR_HAL_SetIntCmd
                0x00004428       0x24 ./SDK/platform/drivers/src/lptmr/fsl_lptmr_driver.o
 .text.SIM_HAL_EnableClock
                0x0000444c       0x58 ./SDK/platform/drivers/src/lptmr/fsl_lptmr_driver.o
 .text.SIM_HAL_GetGateCmd
                0x000044a4       0x50 ./SDK/platform/drivers/src/lptmr/fsl_lptmr_driver.o
 .text.INT_SYS_EnableIRQ
                0x000044f4       0x5c ./SDK/platform/drivers/src/lptmr/fsl_lptmr_driver.o
 .text.INT_SYS_DisableIRQ
                0x00004550       0x5c ./SDK/platform/drivers/src/lptmr/fsl_lptmr_driver.o
 .text.CLOCK_SYS_EnableLptmrClock
                0x000045ac       0x1c ./SDK/platform/drivers/src/lptmr/fsl_lptmr_driver.o
 .text.CLOCK_SYS_GetLptmrGateCmd
                0x000045c8       0x20 ./SDK/platform/drivers/src/lptmr/fsl_lptmr_driver.o
 .text.LPTMR_DRV_Init
                0x000045e8      0x180 ./SDK/platform/drivers/src/lptmr/fsl_lptmr_driver.o
                0x000045e8                LPTMR_DRV_Init
 .text.LPTMR_DRV_InstallCallback
                0x00004768       0x6c ./SDK/platform/drivers/src/lptmr/fsl_lptmr_driver.o
                0x00004768                LPTMR_DRV_InstallCallback
 .text.LPTMR_DRV_IRQHandler
                0x000047d4       0x90 ./SDK/platform/drivers/src/lptmr/fsl_lptmr_driver.o
                0x000047d4                LPTMR_DRV_IRQHandler
 .text.NVIC_EnableIRQ
                0x00004864       0x2c ./SDK/platform/drivers/src/lpsci/fsl_lpsci_driver.o
 .text.CLOCK_HAL_SetLpsciSrc
                0x00004890       0x30 ./SDK/platform/drivers/src/lpsci/fsl_lpsci_driver.o
 .text.CLOCK_SYS_SetLpsciSrc
                0x000048c0       0x2c ./SDK/platform/drivers/src/lpsci/fsl_lpsci_driver.o
 .text.LPSCI_HAL_EnableTransmitter
                0x000048ec       0x1c ./SDK/platform/drivers/src/lpsci/fsl_lpsci_driver.o
 .text.LPSCI_HAL_EnableReceiver
                0x00004908       0x1c ./SDK/platform/drivers/src/lpsci/fsl_lpsci_driver.o
 .text.LPSCI_HAL_SetBitCountPerChar
                0x00004924       0x28 ./SDK/platform/drivers/src/lpsci/fsl_lpsci_driver.o
 .text.LPSCI_HAL_SetStopBitCount
                0x0000494c       0x28 ./SDK/platform/drivers/src/lpsci/fsl_lpsci_driver.o
 .text.LPSCI_HAL_Putchar
                0x00004974       0x1c ./SDK/platform/drivers/src/lpsci/fsl_lpsci_driver.o
 .text.LPSCI_HAL_Getchar
                0x00004990       0x1c ./SDK/platform/drivers/src/lpsci/fsl_lpsci_driver.o
 .text.INT_SYS_EnableIRQ
                0x000049ac       0x5c ./SDK/platform/drivers/src/lpsci/fsl_lpsci_driver.o
 .text.LPSCI_DRV_Init
                0x00004a08      0x130 ./SDK/platform/drivers/src/lpsci/fsl_lpsci_driver.o
                0x00004a08                LPSCI_DRV_Init
 .text.LPSCI_DRV_SendData
                0x00004b38       0x88 ./SDK/platform/drivers/src/lpsci/fsl_lpsci_driver.o
                0x00004b38                LPSCI_DRV_SendData
 .text.LPSCI_DRV_GetTransmitStatus
                0x00004bc0       0x70 ./SDK/platform/drivers/src/lpsci/fsl_lpsci_driver.o
                0x00004bc0                LPSCI_DRV_GetTransmitStatus
 .text.LPSCI_DRV_IRQHandler
                0x00004c30      0x14c ./SDK/platform/drivers/src/lpsci/fsl_lpsci_driver.o
                0x00004c30                LPSCI_DRV_IRQHandler
 .text.LPSCI_DRV_CompleteSendData
                0x00004d7c       0x74 ./SDK/platform/drivers/src/lpsci/fsl_lpsci_driver.o
 .text.LPSCI_DRV_StartSendData
                0x00004df0       0x8c ./SDK/platform/drivers/src/lpsci/fsl_lpsci_driver.o
 .text.LPSCI_DRV_CompleteReceiveData
                0x00004e7c       0x84 ./SDK/platform/drivers/src/lpsci/fsl_lpsci_driver.o
 .text.NVIC_EnableIRQ
                0x00004f00       0x2c ./SDK/platform/drivers/src/i2c/fsl_i2c_master_driver.o
 .text.I2C_HAL_Enable
                0x00004f2c       0x1c ./SDK/platform/drivers/src/i2c/fsl_i2c_master_driver.o
 .text.I2C_HAL_SendAck
                0x00004f48       0x1c ./SDK/platform/drivers/src/i2c/fsl_i2c_master_driver.o
 .text.I2C_HAL_SendNak
                0x00004f64       0x1c ./SDK/platform/drivers/src/i2c/fsl_i2c_master_driver.o
 .text.I2C_HAL_SetDirMode
                0x00004f80       0x28 ./SDK/platform/drivers/src/i2c/fsl_i2c_master_driver.o
 .text.I2C_HAL_GetDirMode
                0x00004fa8       0x20 ./SDK/platform/drivers/src/i2c/fsl_i2c_master_driver.o
 .text.I2C_HAL_ReadByte
                0x00004fc8       0x18 ./SDK/platform/drivers/src/i2c/fsl_i2c_master_driver.o
 .text.I2C_HAL_WriteByte
                0x00004fe0       0x1c ./SDK/platform/drivers/src/i2c/fsl_i2c_master_driver.o
 .text.I2C_HAL_GetStatusFlag
                0x00004ffc       0x34 ./SDK/platform/drivers/src/i2c/fsl_i2c_master_driver.o
 .text.I2C_HAL_IsMaster
                0x00005030       0x24 ./SDK/platform/drivers/src/i2c/fsl_i2c_master_driver.o
 .text.I2C_HAL_ClearArbitrationLost
                0x00005054       0x14 ./SDK/platform/drivers/src/i2c/fsl_i2c_master_driver.o
 .text.I2C_HAL_SetIntCmd
                0x00005068       0x28 ./SDK/platform/drivers/src/i2c/fsl_i2c_master_driver.o
 .text.I2C_HAL_ClearInt
                0x00005090       0x14 ./SDK/platform/drivers/src/i2c/fsl_i2c_master_driver.o
 .text.INT_SYS_EnableIRQ
                0x000050a4       0x5c ./SDK/platform/drivers/src/i2c/fsl_i2c_master_driver.o
 .text.I2C_DRV_MasterInit
                0x00005100       0xc4 ./SDK/platform/drivers/src/i2c/fsl_i2c_master_driver.o
                0x00005100                I2C_DRV_MasterInit
 .text.I2C_DRV_MasterSetBaudRate
                0x000051c4       0x98 ./SDK/platform/drivers/src/i2c/fsl_i2c_master_driver.o
                0x000051c4                I2C_DRV_MasterSetBaudRate
 .text.I2C_DRV_MasterSendDataBlocking
                0x0000525c       0x34 ./SDK/platform/drivers/src/i2c/fsl_i2c_master_driver.o
                0x0000525c                I2C_DRV_MasterSendDataBlocking
 .text.I2C_DRV_MasterReceiveDataBlocking
                0x00005290       0x34 ./SDK/platform/drivers/src/i2c/fsl_i2c_master_driver.o
                0x00005290                I2C_DRV_MasterReceiveDataBlocking
 .text.I2C_DRV_MasterIRQHandler
                0x000052c4      0x180 ./SDK/platform/drivers/src/i2c/fsl_i2c_master_driver.o
                0x000052c4                I2C_DRV_MasterIRQHandler
 .text.I2C_DRV_MasterWait
                0x00005444       0x78 ./SDK/platform/drivers/src/i2c/fsl_i2c_master_driver.o
 .text.I2C_DRV_CompleteTransfer
                0x000054bc       0x98 ./SDK/platform/drivers/src/i2c/fsl_i2c_master_driver.o
 .text.I2C_DRV_SendAddress
                0x00005554      0x228 ./SDK/platform/drivers/src/i2c/fsl_i2c_master_driver.o
 .text.I2C_DRV_MasterSend
                0x0000577c      0x1ac ./SDK/platform/drivers/src/i2c/fsl_i2c_master_driver.o
 .text.I2C_DRV_MasterReceive
                0x00005928      0x1bc ./SDK/platform/drivers/src/i2c/fsl_i2c_master_driver.o
 .text.I2C_HAL_GetStatusFlag
                0x00005ae4       0x34 ./SDK/platform/drivers/src/i2c/fsl_i2c_shared_function.o
 .text.I2C_HAL_IsMaster
                0x00005b18       0x24 ./SDK/platform/drivers/src/i2c/fsl_i2c_shared_function.o
 .text.I2C_DRV_IRQHandler
                0x00005b3c       0x78 ./SDK/platform/drivers/src/i2c/fsl_i2c_shared_function.o
                0x00005b3c                I2C_DRV_IRQHandler
 .text.I2C_HAL_SetDirMode
                0x00005bb4       0x28 ./SDK/platform/drivers/src/i2c/fsl_i2c_slave_driver.o
 .text.I2C_HAL_GetDirMode
                0x00005bdc       0x20 ./SDK/platform/drivers/src/i2c/fsl_i2c_slave_driver.o
 .text.I2C_HAL_ReadByte
                0x00005bfc       0x18 ./SDK/platform/drivers/src/i2c/fsl_i2c_slave_driver.o
 .text.I2C_HAL_WriteByte
                0x00005c14       0x1c ./SDK/platform/drivers/src/i2c/fsl_i2c_slave_driver.o
 .text.I2C_HAL_GetStatusFlag
                0x00005c30       0x34 ./SDK/platform/drivers/src/i2c/fsl_i2c_slave_driver.o
 .text.I2C_HAL_SetIntCmd
                0x00005c64       0x28 ./SDK/platform/drivers/src/i2c/fsl_i2c_slave_driver.o
 .text.I2C_HAL_ClearInt
                0x00005c8c       0x14 ./SDK/platform/drivers/src/i2c/fsl_i2c_slave_driver.o
 .text.I2C_HAL_GetStopFlag
                0x00005ca0       0x24 ./SDK/platform/drivers/src/i2c/fsl_i2c_slave_driver.o
 .text.I2C_HAL_ClearStopFlag
                0x00005cc4       0x1c ./SDK/platform/drivers/src/i2c/fsl_i2c_slave_driver.o
 .text.I2C_HAL_GetStopIntCmd
                0x00005ce0       0x24 ./SDK/platform/drivers/src/i2c/fsl_i2c_slave_driver.o
 .text.I2C_DRV_SlaveIRQHandler
                0x00005d04      0x370 ./SDK/platform/drivers/src/i2c/fsl_i2c_slave_driver.o
                0x00005d04                I2C_DRV_SlaveIRQHandler
 .text.NVIC_EnableIRQ
                0x00006074       0x2c ./SDK/platform/drivers/src/gpio/fsl_gpio_driver.o
 .text.PORT_HAL_SetPullCmd
                0x000060a0       0x4c ./SDK/platform/drivers/src/gpio/fsl_gpio_driver.o
 .text.PORT_HAL_SetSlewRateMode
                0x000060ec       0x4c ./SDK/platform/drivers/src/gpio/fsl_gpio_driver.o
 .text.PORT_HAL_SetPassiveFilterCmd
                0x00006138       0x4c ./SDK/platform/drivers/src/gpio/fsl_gpio_driver.o
 .text.PORT_HAL_SetDriveStrengthMode
                0x00006184       0x4c ./SDK/platform/drivers/src/gpio/fsl_gpio_driver.o
 .text.PORT_HAL_SetMuxMode
                0x000061d0       0x4c ./SDK/platform/drivers/src/gpio/fsl_gpio_driver.o
 .text.PORT_HAL_SetPinIntMode
                0x0000621c       0x4c ./SDK/platform/drivers/src/gpio/fsl_gpio_driver.o
 .text.GPIO_HAL_SetPinOutput
                0x00006268       0x3c ./SDK/platform/drivers/src/gpio/fsl_gpio_driver.o
 .text.GPIO_HAL_ClearPinOutput
                0x000062a4       0x3c ./SDK/platform/drivers/src/gpio/fsl_gpio_driver.o
 .text.INT_SYS_EnableIRQ
                0x000062e0       0x5c ./SDK/platform/drivers/src/gpio/fsl_gpio_driver.o
 .text.GPIO_DRV_Init
                0x0000633c       0x4c ./SDK/platform/drivers/src/gpio/fsl_gpio_driver.o
                0x0000633c                GPIO_DRV_Init
 .text.GPIO_DRV_InputPinInit
                0x00006388       0xc4 ./SDK/platform/drivers/src/gpio/fsl_gpio_driver.o
                0x00006388                GPIO_DRV_InputPinInit
 .text.GPIO_DRV_OutputPinInit
                0x0000644c       0x9c ./SDK/platform/drivers/src/gpio/fsl_gpio_driver.o
                0x0000644c                GPIO_DRV_OutputPinInit
 .text.GPIO_DRV_SetPinOutput
                0x000064e8       0x38 ./SDK/platform/drivers/src/gpio/fsl_gpio_driver.o
                0x000064e8                GPIO_DRV_SetPinOutput
 .text.GPIO_DRV_ClearPinOutput
                0x00006520       0x38 ./SDK/platform/drivers/src/gpio/fsl_gpio_driver.o
                0x00006520                GPIO_DRV_ClearPinOutput
 .text.NVIC_EnableIRQ
                0x00006558       0x2c ./SDK/platform/drivers/src/adc16/fsl_adc16_driver.o
 .text.INT_SYS_EnableIRQ
                0x00006584       0x5c ./SDK/platform/drivers/src/adc16/fsl_adc16_driver.o
 .text.ADC16_DRV_Init
                0x000065e0       0x7c ./SDK/platform/drivers/src/adc16/fsl_adc16_driver.o
                0x000065e0                ADC16_DRV_Init
 .text.SystemInit
                0x0000665c      0x134 ./SDK/platform/devices/MKL25Z4/startup/system_MKL25Z4.o
                0x0000665c                SystemInit
 .text.init_data_bss
                0x00006790       0xc8 ./SDK/platform/devices/startup.o
                0x00006790                init_data_bss
 .text.NVIC_EnableIRQ
                0x00006858       0x2c ./Generated_Code/Cpu.o
 .text.NVIC_SetPriority
                0x00006884       0xe0 ./Generated_Code/Cpu.o
 .text.INT_SYS_EnableIRQ
                0x00006964       0x5c ./Generated_Code/Cpu.o
 .text.Components_Init
                0x000069c0      0x114 ./Generated_Code/Cpu.o
                0x000069c0                Components_Init
 .text.UART0_IRQHandler
                0x00006ad4       0x10 ./Generated_Code/LPSCI_0.o
                0x00006ad4                UART0_IRQHandler
 .text.LPTMR0_IRQHandler
                0x00006ae4       0x10 ./Generated_Code/LPTMR_0.o
                0x00006ae4                LPTMR0_IRQHandler
 .text.UART1_IRQHandler
                0x00006af4       0x10 ./Generated_Code/UART_1.o
                0x00006af4                UART1_IRQHandler
 .text.SIM_HAL_EnableClock
                0x00006b04       0x58 ./Generated_Code/hardware_init.o
 .text.hardware_init
                0x00006b5c       0xa8 ./Generated_Code/hardware_init.o
                0x00006b5c                hardware_init
 .text.NVIC_SetPriority
                0x00006c04       0xe0 ./Generated_Code/osa1.o
 .text.CLOCK_SYS_SetSystickSrc
                0x00006ce4       0x30 ./Generated_Code/osa1.o
 .text.SysTick_Handler
                0x00006d14       0x1c ./Generated_Code/osa1.o
                0x00006d14                SysTick_Handler
 .text.OSA_TimeInit
                0x00006d30       0xa0 ./Generated_Code/osa1.o
                0x00006d30                OSA_TimeInit
 .text.OSA_TimeDiff
                0x00006dd0       0x30 ./Generated_Code/osa1.o
                0x00006dd0                OSA_TimeDiff
 .text.OSA_TimeGetMsec
                0x00006e00       0x14 ./Generated_Code/osa1.o
                0x00006e00                OSA_TimeGetMsec
 .text.PORT_HAL_SetMuxMode
                0x00006e14       0x4c ./Generated_Code/pin_init.o
 .text.SIM_HAL_SetUartRxSrcMode
                0x00006e60       0x2c ./Generated_Code/pin_init.o
 .text.SIM_HAL_SetLpsciRxSrcMode
                0x00006e8c       0x2c ./Generated_Code/pin_init.o
 .text.init_adc_pins
                0x00006eb8       0x38 ./Generated_Code/pin_init.o
                0x00006eb8                init_adc_pins
 .text.init_gpio_pins
                0x00006ef0       0x94 ./Generated_Code/pin_init.o
                0x00006ef0                init_gpio_pins
 .text.init_i2c_pins
                0x00006f84       0x34 ./Generated_Code/pin_init.o
                0x00006f84                init_i2c_pins
 .text.init_llwu_pins
                0x00006fb8       0x20 ./Generated_Code/pin_init.o
                0x00006fb8                init_llwu_pins
 .text.init_osc_pins
                0x00006fd8       0x2c ./Generated_Code/pin_init.o
                0x00006fd8                init_osc_pins
 .text.init_rcm_pins
                0x00007004       0x20 ./Generated_Code/pin_init.o
                0x00007004                init_rcm_pins
 .text.init_rtc_pins
                0x00007024       0x20 ./Generated_Code/pin_init.o
                0x00007024                init_rtc_pins
 .text.init_sim_pins
                0x00007044       0x20 ./Generated_Code/pin_init.o
                0x00007044                init_sim_pins
 .text.init_swd_pins
                0x00007064       0x2c ./Generated_Code/pin_init.o
                0x00007064                init_swd_pins
 .text.init_tsi_pins
                0x00007090       0x38 ./Generated_Code/pin_init.o
                0x00007090                init_tsi_pins
 .text.init_uart_pins
                0x000070c8       0x44 ./Generated_Code/pin_init.o
                0x000070c8                init_uart_pins
 .text.init_uart0_pins
                0x0000710c       0x3c ./Generated_Code/pin_init.o
                0x0000710c                init_uart0_pins
 .text.LPSCI_HAL_Init
                0x00007148       0x4c C:/Freescale/SDK_1.3_FRDM-KL25Z/lib/ksdk_platform_lib/kds/KL25Z4/debug/libksdk_platform.a(fsl_lpsci_hal.o)
                0x00007148                LPSCI_HAL_Init
 .text.LPSCI_HAL_SetBaudRate
                0x00007194      0x14c C:/Freescale/SDK_1.3_FRDM-KL25Z/lib/ksdk_platform_lib/kds/KL25Z4/debug/libksdk_platform.a(fsl_lpsci_hal.o)
                0x00007194                LPSCI_HAL_SetBaudRate
 .text.LPSCI_HAL_SetParityMode
                0x000072e0       0x40 C:/Freescale/SDK_1.3_FRDM-KL25Z/lib/ksdk_platform_lib/kds/KL25Z4/debug/libksdk_platform.a(fsl_lpsci_hal.o)
                0x000072e0                LPSCI_HAL_SetParityMode
 .text.LPSCI_HAL_SetIntMode
                0x00007320       0xd4 C:/Freescale/SDK_1.3_FRDM-KL25Z/lib/ksdk_platform_lib/kds/KL25Z4/debug/libksdk_platform.a(fsl_lpsci_hal.o)
                0x00007320                LPSCI_HAL_SetIntMode
 .text.LPSCI_HAL_GetStatusFlag
                0x000073f4       0x8c C:/Freescale/SDK_1.3_FRDM-KL25Z/lib/ksdk_platform_lib/kds/KL25Z4/debug/libksdk_platform.a(fsl_lpsci_hal.o)
                0x000073f4                LPSCI_HAL_GetStatusFlag
 .text.LPSCI_HAL_ClearStatusFlag
                0x00007480       0xb8 C:/Freescale/SDK_1.3_FRDM-KL25Z/lib/ksdk_platform_lib/kds/KL25Z4/debug/libksdk_platform.a(fsl_lpsci_hal.o)
                0x00007480                LPSCI_HAL_ClearStatusFlag
 .text.__assert_func
                0x00007538       0x3c c:/freescale/kds_3.0.0/toolchain/bin/../lib/gcc/arm-none-eabi/4.8.4/../../../../arm-none-eabi/lib/armv6-m\libg_s.a(lib_a-assert.o)
                0x00007538                __assert_func
 .text.__errno  0x00007574        0xc c:/freescale/kds_3.0.0/toolchain/bin/../lib/gcc/arm-none-eabi/4.8.4/../../../../arm-none-eabi/lib/armv6-m\libg_s.a(lib_a-errno.o)
                0x00007574                __errno
 .text.exit     0x00007580       0x2c c:/freescale/kds_3.0.0/toolchain/bin/../lib/gcc/arm-none-eabi/4.8.4/../../../../arm-none-eabi/lib/armv6-m\libg_s.a(lib_a-exit.o)
                0x00007580                exit
 .text.fprintf  0x000075ac       0x24 c:/freescale/kds_3.0.0/toolchain/bin/../lib/gcc/arm-none-eabi/4.8.4/../../../../arm-none-eabi/lib/armv6-m\libg_s.a(lib_a-fprintf.o)
                0x000075ac                fiprintf
                0x000075ac                fprintf
 .text.__libc_init_array
                0x000075d0       0x4c c:/freescale/kds_3.0.0/toolchain/bin/../lib/gcc/arm-none-eabi/4.8.4/../../../../arm-none-eabi/lib/armv6-m\libg_s.a(lib_a-init.o)
                0x000075d0                __libc_init_array
 .text.memcpy   0x0000761c       0x12 c:/freescale/kds_3.0.0/toolchain/bin/../lib/gcc/arm-none-eabi/4.8.4/../../../../arm-none-eabi/lib/armv6-m\libg_s.a(lib_a-memcpy-stub.o)
                0x0000761c                memcpy
 .text.memset   0x0000762e       0x10 c:/freescale/kds_3.0.0/toolchain/bin/../lib/gcc/arm-none-eabi/4.8.4/../../../../arm-none-eabi/lib/armv6-m\libg_s.a(lib_a-memset.o)
                0x0000762e                memset
 *fill*         0x0000763e        0x2 
 .text._free_r  0x00007640       0x90 c:/freescale/kds_3.0.0/toolchain/bin/../lib/gcc/arm-none-eabi/4.8.4/../../../../arm-none-eabi/lib/armv6-m\libg_s.a(lib_a-nano-freer.o)
                0x00007640                _free_r
 .text._malloc_r
                0x000076d0       0xa8 c:/freescale/kds_3.0.0/toolchain/bin/../lib/gcc/arm-none-eabi/4.8.4/../../../../arm-none-eabi/lib/armv6-m\libg_s.a(lib_a-nano-mallocr.o)
                0x000076d0                _malloc_r
 .text._sbrk_r  0x00007778       0x24 c:/freescale/kds_3.0.0/toolchain/bin/../lib/gcc/arm-none-eabi/4.8.4/../../../../arm-none-eabi/lib/armv6-m\libg_s.a(lib_a-sbrkr.o)
                0x00007778                _sbrk_r
 .text.sprintf  0x0000779c       0x44 c:/freescale/kds_3.0.0/toolchain/bin/../lib/gcc/arm-none-eabi/4.8.4/../../../../arm-none-eabi/lib/armv6-m\libg_s.a(lib_a-sprintf.o)
                0x0000779c                siprintf
                0x0000779c                sprintf
 .text.strlen   0x000077e0        0xe c:/freescale/kds_3.0.0/toolchain/bin/../lib/gcc/arm-none-eabi/4.8.4/../../../../arm-none-eabi/lib/armv6-m\libg_s.a(lib_a-strlen.o)
                0x000077e0                strlen
 *fill*         0x000077ee        0x2 
 .text.__ssputs_r
                0x000077f0       0xc0 c:/freescale/kds_3.0.0/toolchain/bin/../lib/gcc/arm-none-eabi/4.8.4/../../../../arm-none-eabi/lib/armv6-m\libg_s.a(lib_a-svfprintf.o)
                0x000077f0                __ssputs_r
 .text._svfprintf_r
                0x000078b0      0x1e0 c:/freescale/kds_3.0.0/toolchain/bin/../lib/gcc/arm-none-eabi/4.8.4/../../../../arm-none-eabi/lib/armv6-m\libg_s.a(lib_a-svfprintf.o)
                0x000078b0                _svfiprintf_r
                0x000078b0                _svfprintf_r
 .text.__sfputc_r
                0x00007a90       0x2a c:/freescale/kds_3.0.0/toolchain/bin/../lib/gcc/arm-none-eabi/4.8.4/../../../../arm-none-eabi/lib/armv6-m\libg_s.a(lib_a-vfprintf.o)
 .text.__sfputs_r
                0x00007aba       0x24 c:/freescale/kds_3.0.0/toolchain/bin/../lib/gcc/arm-none-eabi/4.8.4/../../../../arm-none-eabi/lib/armv6-m\libg_s.a(lib_a-vfprintf.o)
                0x00007aba                __sfputs_r
 *fill*         0x00007ade        0x2 
 .text._vfprintf_r
                0x00007ae0      0x210 c:/freescale/kds_3.0.0/toolchain/bin/../lib/gcc/arm-none-eabi/4.8.4/../../../../arm-none-eabi/lib/armv6-m\libg_s.a(lib_a-vfprintf.o)
                0x00007ae0                _vfprintf_r
                0x00007ae0                _vfiprintf_r
 .text._printf_common
                0x00007cf0       0xe8 c:/freescale/kds_3.0.0/toolchain/bin/../lib/gcc/arm-none-eabi/4.8.4/../../../../arm-none-eabi/lib/armv6-m\libg_s.a(lib_a-vfprintf_i.o)
                0x00007cf0                _printf_common
 .text._printf_i
                0x00007dd8      0x22c c:/freescale/kds_3.0.0/toolchain/bin/../lib/gcc/arm-none-eabi/4.8.4/../../../../arm-none-eabi/lib/armv6-m\libg_s.a(lib_a-vfprintf_i.o)
                0x00007dd8                _printf_i
 .text.__swbuf_r
                0x00008004       0xb0 c:/freescale/kds_3.0.0/toolchain/bin/../lib/gcc/arm-none-eabi/4.8.4/../../../../arm-none-eabi/lib/armv6-m\libg_s.a(lib_a-wbuf.o)
                0x00008004                __swbuf_r
 .text.__swsetup_r
                0x000080b4       0xe4 c:/freescale/kds_3.0.0/toolchain/bin/../lib/gcc/arm-none-eabi/4.8.4/../../../../arm-none-eabi/lib/armv6-m\libg_s.a(lib_a-wsetup.o)
                0x000080b4                __swsetup_r
 .text.abort    0x00008198        0xe c:/freescale/kds_3.0.0/toolchain/bin/../lib/gcc/arm-none-eabi/4.8.4/../../../../arm-none-eabi/lib/armv6-m\libg_s.a(lib_a-abort.o)
                0x00008198                abort
 .text.__sflush_r
                0x000081a6      0x112 c:/freescale/kds_3.0.0/toolchain/bin/../lib/gcc/arm-none-eabi/4.8.4/../../../../arm-none-eabi/lib/armv6-m\libg_s.a(lib_a-fflush.o)
                0x000081a6                __sflush_r
 .text._fflush_r
                0x000082b8       0x58 c:/freescale/kds_3.0.0/toolchain/bin/../lib/gcc/arm-none-eabi/4.8.4/../../../../arm-none-eabi/lib/armv6-m\libg_s.a(lib_a-fflush.o)
                0x000082b8                _fflush_r
 .text._cleanup_r
                0x00008310       0x34 c:/freescale/kds_3.0.0/toolchain/bin/../lib/gcc/arm-none-eabi/4.8.4/../../../../arm-none-eabi/lib/armv6-m\libg_s.a(lib_a-findfp.o)
                0x00008310                _cleanup_r
 .text.std.isra.0
                0x00008344       0x48 c:/freescale/kds_3.0.0/toolchain/bin/../lib/gcc/arm-none-eabi/4.8.4/../../../../arm-none-eabi/lib/armv6-m\libg_s.a(lib_a-findfp.o)
 .text.__sfmoreglue
                0x0000838c       0x2c c:/freescale/kds_3.0.0/toolchain/bin/../lib/gcc/arm-none-eabi/4.8.4/../../../../arm-none-eabi/lib/armv6-m\libg_s.a(lib_a-findfp.o)
                0x0000838c                __sfmoreglue
 .text.__sinit  0x000083b8       0x64 c:/freescale/kds_3.0.0/toolchain/bin/../lib/gcc/arm-none-eabi/4.8.4/../../../../arm-none-eabi/lib/armv6-m\libg_s.a(lib_a-findfp.o)
                0x000083b8                __sinit
 .text.__sfp    0x0000841c       0x7c c:/freescale/kds_3.0.0/toolchain/bin/../lib/gcc/arm-none-eabi/4.8.4/../../../../arm-none-eabi/lib/armv6-m\libg_s.a(lib_a-findfp.o)
                0x0000841c                __sfp
 .text.__smakebuf_r
                0x00008498       0xa0 c:/freescale/kds_3.0.0/toolchain/bin/../lib/gcc/arm-none-eabi/4.8.4/../../../../arm-none-eabi/lib/armv6-m\libg_s.a(lib_a-makebuf.o)
                0x00008498                __smakebuf_r
 .text.memchr   0x00008538       0x16 c:/freescale/kds_3.0.0/toolchain/bin/../lib/gcc/arm-none-eabi/4.8.4/../../../../arm-none-eabi/lib/armv6-m\libg_s.a(lib_a-memchr-stub.o)
                0x00008538                memchr
 .text.memmove  0x0000854e       0x32 c:/freescale/kds_3.0.0/toolchain/bin/../lib/gcc/arm-none-eabi/4.8.4/../../../../arm-none-eabi/lib/armv6-m\libg_s.a(lib_a-memmove.o)
                0x0000854e                memmove
 .text._realloc_r
                0x00008580       0x4c c:/freescale/kds_3.0.0/toolchain/bin/../lib/gcc/arm-none-eabi/4.8.4/../../../../arm-none-eabi/lib/armv6-m\libg_s.a(lib_a-nano-reallocr.o)
                0x00008580                _realloc_r
 .text._raise_r
                0x000085cc       0x56 c:/freescale/kds_3.0.0/toolchain/bin/../lib/gcc/arm-none-eabi/4.8.4/../../../../arm-none-eabi/lib/armv6-m\libg_s.a(lib_a-signal.o)
                0x000085cc                _raise_r
 *fill*         0x00008622        0x2 
 .text.raise    0x00008624       0x14 c:/freescale/kds_3.0.0/toolchain/bin/../lib/gcc/arm-none-eabi/4.8.4/../../../../arm-none-eabi/lib/armv6-m\libg_s.a(lib_a-signal.o)
                0x00008624                raise
 .text._kill_r  0x00008638       0x24 c:/freescale/kds_3.0.0/toolchain/bin/../lib/gcc/arm-none-eabi/4.8.4/../../../../arm-none-eabi/lib/armv6-m\libg_s.a(lib_a-signalr.o)
                0x00008638                _kill_r
 .text._getpid_r
                0x0000865c        0x8 c:/freescale/kds_3.0.0/toolchain/bin/../lib/gcc/arm-none-eabi/4.8.4/../../../../arm-none-eabi/lib/armv6-m\libg_s.a(lib_a-signalr.o)
                0x0000865c                _getpid_r
 .text.__sread  0x00008664       0x28 c:/freescale/kds_3.0.0/toolchain/bin/../lib/gcc/arm-none-eabi/4.8.4/../../../../arm-none-eabi/lib/armv6-m\libg_s.a(lib_a-stdio.o)
                0x00008664                __sread
 .text.__swrite
                0x0000868c       0x38 c:/freescale/kds_3.0.0/toolchain/bin/../lib/gcc/arm-none-eabi/4.8.4/../../../../arm-none-eabi/lib/armv6-m\libg_s.a(lib_a-stdio.o)
                0x0000868c                __swrite
 .text.__sseek  0x000086c4       0x2c c:/freescale/kds_3.0.0/toolchain/bin/../lib/gcc/arm-none-eabi/4.8.4/../../../../arm-none-eabi/lib/armv6-m\libg_s.a(lib_a-stdio.o)
                0x000086c4                __sseek
 .text.__sclose
                0x000086f0        0xc c:/freescale/kds_3.0.0/toolchain/bin/../lib/gcc/arm-none-eabi/4.8.4/../../../../arm-none-eabi/lib/armv6-m\libg_s.a(lib_a-stdio.o)
                0x000086f0                __sclose
 .text._write_r
                0x000086fc       0x28 c:/freescale/kds_3.0.0/toolchain/bin/../lib/gcc/arm-none-eabi/4.8.4/../../../../arm-none-eabi/lib/armv6-m\libg_s.a(lib_a-writer.o)
                0x000086fc                _write_r
 .text._close_r
                0x00008724       0x24 c:/freescale/kds_3.0.0/toolchain/bin/../lib/gcc/arm-none-eabi/4.8.4/../../../../arm-none-eabi/lib/armv6-m\libg_s.a(lib_a-closer.o)
                0x00008724                _close_r
 .text._fstat_r
                0x00008748       0x24 c:/freescale/kds_3.0.0/toolchain/bin/../lib/gcc/arm-none-eabi/4.8.4/../../../../arm-none-eabi/lib/armv6-m\libg_s.a(lib_a-fstatr.o)
                0x00008748                _fstat_r
 .text._isatty_r
                0x0000876c       0x24 c:/freescale/kds_3.0.0/toolchain/bin/../lib/gcc/arm-none-eabi/4.8.4/../../../../arm-none-eabi/lib/armv6-m\libg_s.a(lib_a-isattyr.o)
                0x0000876c                _isatty_r
 .text._lseek_r
                0x00008790       0x28 c:/freescale/kds_3.0.0/toolchain/bin/../lib/gcc/arm-none-eabi/4.8.4/../../../../arm-none-eabi/lib/armv6-m\libg_s.a(lib_a-lseekr.o)
                0x00008790                _lseek_r
 .text._malloc_usable_size_r
                0x000087b8       0x12 c:/freescale/kds_3.0.0/toolchain/bin/../lib/gcc/arm-none-eabi/4.8.4/../../../../arm-none-eabi/lib/armv6-m\libg_s.a(lib_a-nano-msizer.o)
                0x000087b8                _malloc_usable_size_r
 *fill*         0x000087ca        0x2 
 .text._read_r  0x000087cc       0x28 c:/freescale/kds_3.0.0/toolchain/bin/../lib/gcc/arm-none-eabi/4.8.4/../../../../arm-none-eabi/lib/armv6-m\libg_s.a(lib_a-readr.o)
                0x000087cc                _read_r
 .text._close   0x000087f4       0x10 c:/freescale/kds_3.0.0/toolchain/bin/../lib/gcc/arm-none-eabi/4.8.4/../../../../arm-none-eabi/lib/armv6-m\libnosys.a(close.o)
                0x000087f4                _close
 .text._fstat   0x00008804       0x10 c:/freescale/kds_3.0.0/toolchain/bin/../lib/gcc/arm-none-eabi/4.8.4/../../../../arm-none-eabi/lib/armv6-m\libnosys.a(fstat.o)
                0x00008804                _fstat
 .text._getpid  0x00008814       0x10 c:/freescale/kds_3.0.0/toolchain/bin/../lib/gcc/arm-none-eabi/4.8.4/../../../../arm-none-eabi/lib/armv6-m\libnosys.a(getpid.o)
                0x00008814                _getpid
 .text._isatty  0x00008824       0x10 c:/freescale/kds_3.0.0/toolchain/bin/../lib/gcc/arm-none-eabi/4.8.4/../../../../arm-none-eabi/lib/armv6-m\libnosys.a(isatty.o)
                0x00008824                _isatty
 .text._kill    0x00008834       0x10 c:/freescale/kds_3.0.0/toolchain/bin/../lib/gcc/arm-none-eabi/4.8.4/../../../../arm-none-eabi/lib/armv6-m\libnosys.a(kill.o)
                0x00008834                _kill
 .text._lseek   0x00008844       0x10 c:/freescale/kds_3.0.0/toolchain/bin/../lib/gcc/arm-none-eabi/4.8.4/../../../../arm-none-eabi/lib/armv6-m\libnosys.a(lseek.o)
                0x00008844                _lseek
 .text._exit    0x00008854        0x4 c:/freescale/kds_3.0.0/toolchain/bin/../lib/gcc/arm-none-eabi/4.8.4/../../../../arm-none-eabi/lib/armv6-m\libnosys.a(_exit.o)
                0x00008854                _exit
 *(.rodata)
 .rodata        0x00008858       0x68 ./Sources/Components/MMA8451Q_Files/accel.o
 .rodata        0x000088c0       0x74 ./Sources/Components/MMA8451Q_Files/fxos_api.o
 .rodata        0x00008934      0x378 ./Sources/main.o
 .rodata        0x00008cac       0x90 ./SDK/platform/system/src/power/fsl_power_manager.o
 .rodata        0x00008d3c       0x98 ./SDK/platform/system/src/interrupt/fsl_interrupt_manager.o
 .rodata        0x00008dd4      0x21c ./SDK/platform/system/src/clock/MKL25Z4/fsl_clock_MKL25Z4.o
 .rodata        0x00008ff0       0x64 ./SDK/platform/osa/src/fsl_os_abstraction_bm.o
 .rodata        0x00009054       0x48 ./SDK/platform/hal/src/i2c/fsl_i2c_hal.o
 .rodata        0x0000909c       0x38 ./SDK/platform/hal/src/gpio/fsl_gpio_hal.o
 .rodata        0x000090d4      0x130 ./SDK/platform/drivers/src/uart/fsl_uart_driver.o
 .rodata        0x00009204      0x130 ./SDK/platform/drivers/src/lptmr/fsl_lptmr_driver.o
 .rodata        0x00009334      0x120 ./SDK/platform/drivers/src/lpsci/fsl_lpsci_driver.o
 .rodata        0x00009454      0x10c ./SDK/platform/drivers/src/i2c/fsl_i2c_master_driver.o
 .rodata        0x00009560       0x5c ./SDK/platform/drivers/src/i2c/fsl_i2c_shared_function.o
 .rodata        0x000095bc      0x104 ./SDK/platform/drivers/src/i2c/fsl_i2c_slave_driver.o
 .rodata        0x000096c0      0x144 ./SDK/platform/drivers/src/gpio/fsl_gpio_driver.o
 .rodata        0x00009804      0x170 ./SDK/platform/drivers/src/adc16/fsl_adc16_driver.o
 .rodata        0x00009974      0x3fc ./Generated_Code/Cpu.o
 .rodata        0x00009d70       0x2c ./Generated_Code/osa1.o
 .rodata        0x00009d9c       0x58 ./Generated_Code/pin_init.o
 .rodata        0x00009df4       0x40 c:/freescale/kds_3.0.0/toolchain/bin/../lib/gcc/arm-none-eabi/4.8.4/armv6-m\libgcc.a(muldf3.o)
 *(.rodata*)
 .rodata._doprint
                0x00009e34       0xc8 ./SDK/platform/utilities/src/print_scan.o
 .rodata.__func__.7289
                0x00009efc       0x20 ./SDK/platform/system/src/power/fsl_power_manager.o
 .rodata.__func__.5068
                0x00009f1c       0x18 ./SDK/platform/system/src/interrupt/fsl_interrupt_manager.o
 .rodata.portGateTable
                0x00009f34        0x8 ./SDK/platform/system/src/clock/MKL25Z4/fsl_clock_MKL25Z4.o
 .rodata.i2cGateTable
                0x00009f3c        0x4 ./SDK/platform/system/src/clock/MKL25Z4/fsl_clock_MKL25Z4.o
 .rodata.uartGateTable
                0x00009f40        0x4 ./SDK/platform/system/src/clock/MKL25Z4/fsl_clock_MKL25Z4.o
 .rodata.__func__.6572
                0x00009f44       0x1c ./SDK/platform/system/src/clock/MKL25Z4/fsl_clock_MKL25Z4.o
 .rodata.__func__.6585
                0x00009f60       0x1c ./SDK/platform/system/src/clock/MKL25Z4/fsl_clock_MKL25Z4.o
 .rodata.__func__.6624
                0x00009f7c       0x1c ./SDK/platform/system/src/clock/MKL25Z4/fsl_clock_MKL25Z4.o
 .rodata.__func__.6645
                0x00009f98       0x1c ./SDK/platform/system/src/clock/MKL25Z4/fsl_clock_MKL25Z4.o
 .rodata.__func__.6650
                0x00009fb4       0x1c ./SDK/platform/system/src/clock/MKL25Z4/fsl_clock_MKL25Z4.o
 .rodata.g_oscBase
                0x00009fd0        0x4 ./SDK/platform/system/src/clock/fsl_clock_manager_common.o
                0x00009fd0                g_oscBase
 .rodata.__func__.6468
                0x00009fd4       0x10 ./SDK/platform/osa/src/fsl_os_abstraction_bm.o
 .rodata.__func__.6474
                0x00009fe4       0x10 ./SDK/platform/osa/src/fsl_os_abstraction_bm.o
 .rodata.__func__.6478
                0x00009ff4       0x10 ./SDK/platform/osa/src/fsl_os_abstraction_bm.o
 .rodata.__func__.6524
                0x0000a004       0x10 ./SDK/platform/osa/src/fsl_os_abstraction_bm.o
 .rodata.fllFactorTable.5325
                0x0000a014       0x10 ./SDK/platform/hal/src/mcg/fsl_mcg_hal.o
 .rodata.kI2CDividerTable
                0x0000a024       0xc8 ./SDK/platform/hal/src/i2c/fsl_i2c_hal.o
                0x0000a024                kI2CDividerTable
 .rodata.__func__.5300
                0x0000a0ec       0x14 ./SDK/platform/hal/src/i2c/fsl_i2c_hal.o
 .rodata.__func__.5175
                0x0000a100       0x14 ./SDK/platform/hal/src/gpio/fsl_gpio_hal.o
 .rodata.__func__.5181
                0x0000a114       0x18 ./SDK/platform/hal/src/gpio/fsl_gpio_hal.o
 .rodata.g_uartBase
                0x0000a12c        0xc ./SDK/platform/drivers/src/uart/fsl_uart_common.o
                0x0000a12c                g_uartBase
 .rodata.__func__.6888
                0x0000a138       0x10 ./SDK/platform/drivers/src/uart/fsl_uart_driver.o
 .rodata.__func__.6861
                0x0000a148       0x14 ./SDK/platform/drivers/src/uart/fsl_uart_driver.o
 .rodata.__func__.6907
                0x0000a15c       0x1c ./SDK/platform/drivers/src/uart/fsl_uart_driver.o
 .rodata.__func__.6917
                0x0000a178       0x1c ./SDK/platform/drivers/src/uart/fsl_uart_driver.o
 .rodata.__func__.7000
                0x0000a194       0x1c ./SDK/platform/drivers/src/uart/fsl_uart_driver.o
 .rodata.__func__.7014
                0x0000a1b0       0x20 ./SDK/platform/drivers/src/uart/fsl_uart_driver.o
 .rodata.g_lptmrBase
                0x0000a1d0        0x4 ./SDK/platform/drivers/src/lptmr/fsl_lptmr_common.o
                0x0000a1d0                g_lptmrBase
 .rodata.g_lptmrIrqId
                0x0000a1d4        0x4 ./SDK/platform/drivers/src/lptmr/fsl_lptmr_common.o
                0x0000a1d4                g_lptmrIrqId
 .rodata.__func__.6537
                0x0000a1d8       0x10 ./SDK/platform/drivers/src/lptmr/fsl_lptmr_driver.o
 .rodata.__func__.5702
                0x0000a1e8       0x14 ./SDK/platform/drivers/src/lptmr/fsl_lptmr_driver.o
 .rodata.__func__.5706
                0x0000a1fc       0x14 ./SDK/platform/drivers/src/lptmr/fsl_lptmr_driver.o
 .rodata.__func__.6585
                0x0000a210       0x1c ./SDK/platform/drivers/src/lptmr/fsl_lptmr_driver.o
 .rodata.__func__.6589
                0x0000a22c       0x18 ./SDK/platform/drivers/src/lptmr/fsl_lptmr_driver.o
 .rodata.g_lpsciBase
                0x0000a244        0x4 ./SDK/platform/drivers/src/lpsci/fsl_lpsci_common.o
                0x0000a244                g_lpsciBase
 .rodata.__func__.6873
                0x0000a248       0x10 ./SDK/platform/drivers/src/lpsci/fsl_lpsci_driver.o
 .rodata.__func__.6846
                0x0000a258       0x14 ./SDK/platform/drivers/src/lpsci/fsl_lpsci_driver.o
 .rodata.__func__.6923
                0x0000a26c       0x14 ./SDK/platform/drivers/src/lpsci/fsl_lpsci_driver.o
 .rodata.__func__.6930
                0x0000a280       0x1c ./SDK/platform/drivers/src/lpsci/fsl_lpsci_driver.o
 .rodata.__func__.6981
                0x0000a29c       0x1c ./SDK/platform/drivers/src/lpsci/fsl_lpsci_driver.o
 .rodata.__func__.6989
                0x0000a2b8       0x18 ./SDK/platform/drivers/src/lpsci/fsl_lpsci_driver.o
 .rodata.__func__.6995
                0x0000a2d0       0x20 ./SDK/platform/drivers/src/lpsci/fsl_lpsci_driver.o
 .rodata.g_i2cBase
                0x0000a2f0        0x8 ./SDK/platform/drivers/src/i2c/fsl_i2c_common.o
                0x0000a2f0                g_i2cBase
 .rodata.g_i2cIrqId
                0x0000a2f8        0x4 ./SDK/platform/drivers/src/i2c/fsl_i2c_common.o
                0x0000a2f8                g_i2cIrqId
 .rodata.__func__.6885
                0x0000a2fc       0x14 ./SDK/platform/drivers/src/i2c/fsl_i2c_master_driver.o
 .rodata.__func__.6842
                0x0000a310       0x14 ./SDK/platform/drivers/src/i2c/fsl_i2c_master_driver.o
 .rodata.__func__.6897
                0x0000a324       0x1c ./SDK/platform/drivers/src/i2c/fsl_i2c_master_driver.o
 .rodata.__func__.6956
                0x0000a340       0x1c ./SDK/platform/drivers/src/i2c/fsl_i2c_master_driver.o
 .rodata.__func__.6969
                0x0000a35c       0x14 ./SDK/platform/drivers/src/i2c/fsl_i2c_master_driver.o
 .rodata.__func__.6977
                0x0000a370       0x1c ./SDK/platform/drivers/src/i2c/fsl_i2c_master_driver.o
 .rodata.__func__.6988
                0x0000a38c       0x14 ./SDK/platform/drivers/src/i2c/fsl_i2c_master_driver.o
 .rodata.__func__.7008
                0x0000a3a0       0x14 ./SDK/platform/drivers/src/i2c/fsl_i2c_master_driver.o
 .rodata.__func__.7021
                0x0000a3b4       0x18 ./SDK/platform/drivers/src/i2c/fsl_i2c_master_driver.o
 .rodata.__func__.5280
                0x0000a3cc       0x14 ./SDK/platform/drivers/src/i2c/fsl_i2c_shared_function.o
 .rodata.__func__.6945
                0x0000a3e0       0x18 ./SDK/platform/drivers/src/i2c/fsl_i2c_slave_driver.o
 .rodata.g_gpioBase
                0x0000a3f8       0x14 ./SDK/platform/drivers/src/gpio/fsl_gpio_common.o
                0x0000a3f8                g_gpioBase
 .rodata.g_portBase
                0x0000a40c       0x14 ./SDK/platform/drivers/src/gpio/fsl_gpio_common.o
                0x0000a40c                g_portBase
 .rodata.g_portIrqId
                0x0000a420        0x8 ./SDK/platform/drivers/src/gpio/fsl_gpio_common.o
                0x0000a420                g_portIrqId
 .rodata.__func__.5094
                0x0000a428       0x14 ./SDK/platform/drivers/src/gpio/fsl_gpio_driver.o
 .rodata.__func__.5070
                0x0000a43c       0x14 ./SDK/platform/drivers/src/gpio/fsl_gpio_driver.o
 .rodata.__func__.5082
                0x0000a450       0x20 ./SDK/platform/drivers/src/gpio/fsl_gpio_driver.o
 .rodata.__func__.5108
                0x0000a470       0x18 ./SDK/platform/drivers/src/gpio/fsl_gpio_driver.o
 .rodata.__func__.6588
                0x0000a488       0x14 ./SDK/platform/drivers/src/gpio/fsl_gpio_driver.o
 .rodata.__func__.5076
                0x0000a49c       0x1c ./SDK/platform/drivers/src/gpio/fsl_gpio_driver.o
 .rodata.__func__.5088
                0x0000a4b8       0x20 ./SDK/platform/drivers/src/gpio/fsl_gpio_driver.o
 .rodata.__func__.5172
                0x0000a4d8       0x18 ./SDK/platform/drivers/src/gpio/fsl_gpio_driver.o
 .rodata.__func__.5177
                0x0000a4f0       0x18 ./SDK/platform/drivers/src/gpio/fsl_gpio_driver.o
 .rodata.g_adcBase
                0x0000a508        0x4 ./SDK/platform/drivers/src/adc16/fsl_adc16_common.o
                0x0000a508                g_adcBase
 .rodata.g_adcIrqId
                0x0000a50c        0x4 ./SDK/platform/drivers/src/adc16/fsl_adc16_common.o
                0x0000a50c                g_adcIrqId
 .rodata.__func__.6583
                0x0000a510       0x10 ./SDK/platform/drivers/src/adc16/fsl_adc16_driver.o
 .rodata.__func__.6551
                0x0000a520       0x14 ./SDK/platform/drivers/src/adc16/fsl_adc16_driver.o
 .rodata.ADC_0_CONFIG
                0x0000a534        0xc ./Generated_Code/ADC_0.o
                0x0000a534                ADC_0_CONFIG
 .rodata.__func__.6576
                0x0000a540       0x14 ./Generated_Code/Cpu.o
 .rodata.GPIO_0_INPUTS_CONFIG
                0x0000a554        0x8 ./Generated_Code/GPIO_0.o
                0x0000a554                GPIO_0_INPUTS_CONFIG
 .rodata.GPIO_0_OUTPUTS_CONFIG
                0x0000a55c       0x48 ./Generated_Code/GPIO_0.o
                0x0000a55c                GPIO_0_OUTPUTS_CONFIG
 .rodata.LPSCI_0_CONFIG
                0x0000a5a4        0xc ./Generated_Code/LPSCI_0.o
                0x0000a5a4                LPSCI_0_CONFIG
 .rodata.LPTMR_0_lptmrCfg0
                0x0000a5b0        0x8 ./Generated_Code/LPTMR_0.o
                0x0000a5b0                LPTMR_0_lptmrCfg0
 .rodata.UART_1_CONFIG
                0x0000a5b8        0x8 ./Generated_Code/UART_1.o
                0x0000a5b8                UART_1_CONFIG
 .rodata.gpio1_OutConfig0
                0x0000a5c0       0x18 ./Generated_Code/gpio1.o
                0x0000a5c0                gpio1_OutConfig0
 .rodata.i2cCom1_MasterConfig0
                0x0000a5d8        0x8 ./Generated_Code/i2cCom1.o
                0x0000a5d8                i2cCom1_MasterConfig0
 .rodata.__func__.8855
                0x0000a5e0       0x10 ./Generated_Code/osa1.o
 .rodata.__func__.5094
                0x0000a5f0       0x14 ./Generated_Code/pin_init.o
 .rodata.RUN_MODE
                0x0000a604        0x4 ./Generated_Code/pwrMan1.o
                0x0000a604                RUN_MODE
 .rodata.LLS_MODE
                0x0000a608        0x4 ./Generated_Code/pwrMan1.o
                0x0000a608                LLS_MODE
 .rodata.str1.1
                0x0000a60c       0x3c c:/freescale/kds_3.0.0/toolchain/bin/../lib/gcc/arm-none-eabi/4.8.4/../../../../arm-none-eabi/lib/armv6-m\libg_s.a(lib_a-assert.o)
                                 0x3d (size before relaxing)
 .rodata.str1.1
                0x0000a648        0x2 c:/freescale/kds_3.0.0/toolchain/bin/../lib/gcc/arm-none-eabi/4.8.4/../../../../arm-none-eabi/lib/armv6-m\libg_s.a(lib_a-impure.o)
 *fill*         0x0000a64a        0x2 
 .rodata._global_impure_ptr
                0x0000a64c        0x4 c:/freescale/kds_3.0.0/toolchain/bin/../lib/gcc/arm-none-eabi/4.8.4/../../../../arm-none-eabi/lib/armv6-m\libg_s.a(lib_a-impure.o)
                0x0000a64c                _global_impure_ptr
 .rodata.str1.1
                0x0000a650       0x11 c:/freescale/kds_3.0.0/toolchain/bin/../lib/gcc/arm-none-eabi/4.8.4/../../../../arm-none-eabi/lib/armv6-m\libg_s.a(lib_a-svfprintf.o)
 .rodata.str1.1
                0x00000000       0x11 c:/freescale/kds_3.0.0/toolchain/bin/../lib/gcc/arm-none-eabi/4.8.4/../../../../arm-none-eabi/lib/armv6-m\libg_s.a(lib_a-vfprintf.o)
 .rodata.str1.1
                0x0000a661       0x22 c:/freescale/kds_3.0.0/toolchain/bin/../lib/gcc/arm-none-eabi/4.8.4/../../../../arm-none-eabi/lib/armv6-m\libg_s.a(lib_a-vfprintf_i.o)
 *fill*         0x0000a683        0x1 
 .rodata.__sf_fake_stdin
                0x0000a684       0x20 c:/freescale/kds_3.0.0/toolchain/bin/../lib/gcc/arm-none-eabi/4.8.4/../../../../arm-none-eabi/lib/armv6-m\libg_s.a(lib_a-findfp.o)
                0x0000a684                __sf_fake_stdin
 .rodata.__sf_fake_stdout
                0x0000a6a4       0x20 c:/freescale/kds_3.0.0/toolchain/bin/../lib/gcc/arm-none-eabi/4.8.4/../../../../arm-none-eabi/lib/armv6-m\libg_s.a(lib_a-findfp.o)
                0x0000a6a4                __sf_fake_stdout
 .rodata.__sf_fake_stderr
                0x0000a6c4       0x20 c:/freescale/kds_3.0.0/toolchain/bin/../lib/gcc/arm-none-eabi/4.8.4/../../../../arm-none-eabi/lib/armv6-m\libg_s.a(lib_a-findfp.o)
                0x0000a6c4                __sf_fake_stderr
 *(.glue_7)
 .glue_7        0x00000000        0x0 linker stubs
 *(.glue_7t)
 .glue_7t       0x00000000        0x0 linker stubs
 *(.eh_frame)
 .eh_frame      0x0000a6e4        0x0 c:/freescale/kds_3.0.0/toolchain/bin/../lib/gcc/arm-none-eabi/4.8.4/armv6-m/crtbegin.o
 *(.init)
 .init          0x0000a6e4        0x4 c:/freescale/kds_3.0.0/toolchain/bin/../lib/gcc/arm-none-eabi/4.8.4/armv6-m/crti.o
                0x0000a6e4                _init
 .init          0x0000a6e8        0x8 c:/freescale/kds_3.0.0/toolchain/bin/../lib/gcc/arm-none-eabi/4.8.4/armv6-m/crtn.o
 *(.fini)
 .fini          0x0000a6f0        0x4 c:/freescale/kds_3.0.0/toolchain/bin/../lib/gcc/arm-none-eabi/4.8.4/armv6-m/crti.o
                0x0000a6f0                _fini
 .fini          0x0000a6f4        0x8 c:/freescale/kds_3.0.0/toolchain/bin/../lib/gcc/arm-none-eabi/4.8.4/armv6-m/crtn.o
                0x0000a6fc                . = ALIGN (0x4)

.vfp11_veneer   0x0000a6fc        0x0
 .vfp11_veneer  0x00000000        0x0 linker stubs

.v4_bx          0x0000a6fc        0x0
 .v4_bx         0x00000000        0x0 linker stubs

.iplt           0x0000a6fc        0x0
 .iplt          0x00000000        0x0 c:/freescale/kds_3.0.0/toolchain/bin/../lib/gcc/arm-none-eabi/4.8.4/armv6-m/crtbegin.o

.ARM.extab
 *(.ARM.extab* .gnu.linkonce.armextab.*)

.ARM            0x0000a6fc        0x8
                0x0000a6fc                __exidx_start = .
 *(.ARM.exidx*)
 .ARM.exidx     0x0000a6fc        0x8 c:/freescale/kds_3.0.0/toolchain/bin/../lib/gcc/arm-none-eabi/4.8.4/../../../../arm-none-eabi/lib/armv6-m/crt0.o
 .ARM.exidx     0x0000a704        0x0 c:/freescale/kds_3.0.0/toolchain/bin/../lib/gcc/arm-none-eabi/4.8.4/armv6-m\libgcc.a(_divdi3.o)
                                  0x8 (size before relaxing)
 .ARM.exidx     0x0000a704        0x0 c:/freescale/kds_3.0.0/toolchain/bin/../lib/gcc/arm-none-eabi/4.8.4/armv6-m\libgcc.a(_udivdi3.o)
                                  0x8 (size before relaxing)
                0x0000a704                __exidx_end = .

.rel.dyn        0x0000a704        0x0
 .rel.iplt      0x00000000        0x0 c:/freescale/kds_3.0.0/toolchain/bin/../lib/gcc/arm-none-eabi/4.8.4/armv6-m/crtbegin.o

.ctors          0x0000a704        0x0
                0x0000a704                __CTOR_LIST__ = .
 *crtbegin.o(.ctors)
 *crtbegin?.o(.ctors)
 *(EXCLUDE_FILE(*crtend.o *crtend?.o) .ctors)
 *(SORT(.ctors.*))
 *(.ctors)
                0x0000a704                __CTOR_END__ = .

.dtors          0x0000a704        0x0
                0x0000a704                __DTOR_LIST__ = .
 *crtbegin.o(.dtors)
 *crtbegin?.o(.dtors)
 *(EXCLUDE_FILE(*crtend.o *crtend?.o) .dtors)
 *(SORT(.dtors.*))
 *(.dtors)
                0x0000a704                __DTOR_END__ = .

.preinit_array  0x0000a704        0x0
                0x0000a704                PROVIDE (__preinit_array_start, .)
 *(.preinit_array*)
                0x0000a704                PROVIDE (__preinit_array_end, .)

.init_array     0x0000a704        0x4
                0x0000a704                PROVIDE (__init_array_start, .)
 *(SORT(.init_array.*))
 *(.init_array*)
 .init_array    0x0000a704        0x4 c:/freescale/kds_3.0.0/toolchain/bin/../lib/gcc/arm-none-eabi/4.8.4/armv6-m/crtbegin.o
                0x0000a708                PROVIDE (__init_array_end, .)

.fini_array     0x0000a708        0x4
                0x0000a708                PROVIDE (__fini_array_start, .)
 *(SORT(.fini_array.*))
 *(.fini_array*)
 .fini_array    0x0000a708        0x4 c:/freescale/kds_3.0.0/toolchain/bin/../lib/gcc/arm-none-eabi/4.8.4/armv6-m/crtbegin.o
                0x0000a70c                PROVIDE (__fini_array_end, .)
                0x0000a70c                __etext = .
                0x0000a70c                __DATA_ROM = .

.mtb            0x1ffff200        0x0
                0x1ffff200                . = ALIGN (0x8)
                0x1ffff200                _mtb_start = .
 *(.mtb_buf)
                0x1ffff200                . = ALIGN (0x8)
                0x1ffff200                _mtb_end = .

.data           0x1ffff200       0x80 load address 0x0000a70c
                0x1ffff200                . = ALIGN (0x4)
                0x1ffff200                __DATA_RAM = .
                0x1ffff200                __data_start__ = .
 *(.data)
 *(.data*)
 .data.g_fastInternalRefClkFreq
                0x1ffff200        0x4 ./SDK/platform/hal/src/mcg/fsl_mcg_hal.o
                0x1ffff200                g_fastInternalRefClkFreq
 .data.g_slowInternalRefClkFreq
                0x1ffff204        0x4 ./SDK/platform/hal/src/mcg/fsl_mcg_hal.o
                0x1ffff204                g_slowInternalRefClkFreq
 .data.g_uartRxTxIrqId
                0x1ffff208        0x4 ./SDK/platform/drivers/src/uart/fsl_uart_common.o
                0x1ffff208                g_uartRxTxIrqId
 .data.g_lpsciRxTxIrqId
                0x1ffff20c        0x4 ./SDK/platform/drivers/src/lpsci/fsl_lpsci_common.o
                0x1ffff20c                g_lpsciRxTxIrqId
 .data.powerConfigsArr
                0x1ffff210        0x8 ./Generated_Code/pwrMan1.o
                0x1ffff210                powerConfigsArr
 .data.impure_data
                0x1ffff218       0x60 c:/freescale/kds_3.0.0/toolchain/bin/../lib/gcc/arm-none-eabi/4.8.4/../../../../arm-none-eabi/lib/armv6-m\libg_s.a(lib_a-impure.o)
 .data._impure_ptr
                0x1ffff278        0x4 c:/freescale/kds_3.0.0/toolchain/bin/../lib/gcc/arm-none-eabi/4.8.4/../../../../arm-none-eabi/lib/armv6-m\libg_s.a(lib_a-impure.o)
                0x1ffff278                _impure_ptr
 *(.jcr*)
 .jcr           0x1ffff27c        0x0 c:/freescale/kds_3.0.0/toolchain/bin/../lib/gcc/arm-none-eabi/4.8.4/armv6-m/crtbegin.o
 .jcr           0x1ffff27c        0x4 c:/freescale/kds_3.0.0/toolchain/bin/../lib/gcc/arm-none-eabi/4.8.4/armv6-m/crtend.o
                0x1ffff280                . = ALIGN (0x4)
                0x1ffff280                __data_end__ = .
                0x0000a78c                __DATA_END = (__DATA_ROM + (__data_end__ - __data_start__))

.igot.plt       0x1ffff280        0x0 load address 0x0000a78c
 .igot.plt      0x00000000        0x0 c:/freescale/kds_3.0.0/toolchain/bin/../lib/gcc/arm-none-eabi/4.8.4/armv6-m/crtbegin.o

.m_interrupts_ram
                0x1ffff000      0x200
                0x1ffff000                . = ALIGN (0x4)
                0x1ffff000                __m_interrupts_ram_RAMStart = .
 *(.m_interrupts_ram)
                0x1ffff200                . = (. + 0x200)
 *fill*         0x1ffff000      0x200 
                0x1ffff200                __m_interrupts_ram_RAMEnd = .
                0x1ffff200                . = ALIGN (0x4)
                0x00000200                __m_interrupts_ram_ROMSize = (__m_interrupts_ram_RAMEnd - __m_interrupts_ram_RAMStart)
                0x00000200                __RAM_VECTOR_TABLE_SIZE_BYTES = (__m_interrupts_ram_RAMEnd - __m_interrupts_ram_RAMStart)
                0x00020000                text_end = (ORIGIN (m_text) + 0x1fbf0)
                0x0000a78c                data_init_end = (__DATA_ROM + SIZEOF (.data))
                0x00000001                ASSERT ((data_init_end <= text_end), region m_text overflowed with text and data)

.bss            0x1ffff280      0x60c load address 0x0000a78c
                0x1ffff280                . = ALIGN (0x4)
                0x1ffff280                __START_BSS = .
                0x1ffff280                __bss_start__ = .
 *(.bss)
 .bss           0x1ffff280       0x1c c:/freescale/kds_3.0.0/toolchain/bin/../lib/gcc/arm-none-eabi/4.8.4/armv6-m/crtbegin.o
 *(.bss*)
 .bss.s_debugConsole
                0x1ffff29c       0x10 ./SDK/platform/utilities/src/fsl_debug_console.o
 .bss.heap_end.5138
                0x1ffff2ac        0x4 ./SDK/platform/utilities/src/fsl_misc_utilities.o
 .bss.gPowerManagerState
                0x1ffff2b0       0x10 ./SDK/platform/system/src/power/fsl_power_manager.o
 .bss.g_interruptDisableCount
                0x1ffff2c0        0x4 ./SDK/platform/system/src/interrupt/fsl_interrupt_manager.o
                0x1ffff2c0                g_interruptDisableCount
 .bss.g_taskControlBlockPool
                0x1ffff2c4       0x50 ./SDK/platform/osa/src/fsl_os_abstraction_bm.o
 .bss.g_freeTaskControlBlock
                0x1ffff314        0x4 ./SDK/platform/osa/src/fsl_os_abstraction_bm.o
 .bss.g_taskListHead
                0x1ffff318       0x10 ./SDK/platform/osa/src/fsl_os_abstraction_bm.o
 .bss.g_uartStatePtr
                0x1ffff328        0xc ./SDK/platform/drivers/src/uart/fsl_uart_common.o
                0x1ffff328                g_uartStatePtr
 .bss.g_lptmrStatePtr
                0x1ffff334        0x4 ./SDK/platform/drivers/src/lptmr/fsl_lptmr_common.o
                0x1ffff334                g_lptmrStatePtr
 .bss.g_lpsciStatePtr
                0x1ffff338        0x4 ./SDK/platform/drivers/src/lpsci/fsl_lpsci_common.o
                0x1ffff338                g_lpsciStatePtr
 .bss.g_i2cStatePtr
                0x1ffff33c        0x8 ./SDK/platform/drivers/src/i2c/fsl_i2c_common.o
                0x1ffff33c                g_i2cStatePtr
 .bss.SwTimerIsrCounter
                0x1ffff344        0x2 ./Generated_Code/osa1.o
 *fill*         0x1ffff346        0x2 
 .bss.g_xtal0ClkFreq
                0x1ffff348        0x4 C:/Freescale/SDK_1.3_FRDM-KL25Z/lib/ksdk_platform_lib/kds/KL25Z4/debug/libksdk_platform.a(fsl_mcg_hal.o)
                0x1ffff348                g_xtal0ClkFreq
 .bss.g_xtalRtcClkFreq
                0x1ffff34c        0x4 C:/Freescale/SDK_1.3_FRDM-KL25Z/lib/ksdk_platform_lib/kds/KL25Z4/debug/libksdk_platform.a(fsl_mcg_hal.o)
                0x1ffff34c                g_xtalRtcClkFreq
 .bss.__malloc_sbrk_start
                0x1ffff350        0x4 c:/freescale/kds_3.0.0/toolchain/bin/../lib/gcc/arm-none-eabi/4.8.4/../../../../arm-none-eabi/lib/armv6-m\libg_s.a(lib_a-nano-mallocr.o)
                0x1ffff350                __malloc_sbrk_start
 .bss.__malloc_free_list
                0x1ffff354        0x4 c:/freescale/kds_3.0.0/toolchain/bin/../lib/gcc/arm-none-eabi/4.8.4/../../../../arm-none-eabi/lib/armv6-m\libg_s.a(lib_a-nano-mallocr.o)
                0x1ffff354                __malloc_free_list
 *(COMMON)
 COMMON         0x1ffff358       0x60 ./Sources/Components/MMA8451Q.o
                0x1ffff358                Mma8451q
 COMMON         0x1ffff3b8      0x428 ./Sources/Components/SIM800L.o
                0x1ffff3b8                SIM800L
 COMMON         0x1ffff7e0       0x3c ./Generated_Code/LPSCI_0.o
                0x1ffff7e0                LPSCI_0_STATE
 COMMON         0x1ffff81c        0x8 ./Generated_Code/LPTMR_0.o
                0x1ffff81c                LPTMR_0_State
 COMMON         0x1ffff824       0x40 ./Generated_Code/UART_1.o
                0x1ffff824                UART_1_STATE
 COMMON         0x1ffff864       0x24 ./Generated_Code/i2cCom1.o
                0x1ffff864                i2cCom1_MasterState
 COMMON         0x1ffff888        0x4 c:/freescale/kds_3.0.0/toolchain/bin/../lib/gcc/arm-none-eabi/4.8.4/../../../../arm-none-eabi/lib/armv6-m\libg_s.a(lib_a-reent.o)
                0x1ffff888                errno
                0x1ffff88c                . = ALIGN (0x4)
                0x1ffff88c                __bss_end__ = .
                0x1ffff88c                __END_BSS = .

.heap           0x1ffff88c        0x4 load address 0x0000ad98
                0x1ffff890                . = ALIGN (0x8)
 *fill*         0x1ffff88c        0x4 
                0x1ffff890                __end__ = .
                0x1ffff890                PROVIDE (end, .)
                0x1ffff890                __HeapBase = .
                0x1ffff890                . = (. + HEAP_SIZE)
                0x1ffff890                __HeapLimit = .

.stack          0x1ffff890      0x400 load address 0x0000ad9c
                0x1ffff890                . = ALIGN (0x8)
                0x1ffffc90                . = (. + STACK_SIZE)
 *fill*         0x1ffff890      0x400 
                0x20003000                __StackTop = (ORIGIN (m_data) + 0x3e00)
                0x20002c00                __StackLimit = (__StackTop - STACK_SIZE)
                0x20003000                PROVIDE (__stack, __StackTop)

.ARM.attributes
                0x00000000       0x28
 *(.ARM.attributes)
 .ARM.attributes
                0x00000000       0x1e c:/freescale/kds_3.0.0/toolchain/bin/../lib/gcc/arm-none-eabi/4.8.4/armv6-m/crti.o
 .ARM.attributes
                0x0000001e       0x2c c:/freescale/kds_3.0.0/toolchain/bin/../lib/gcc/arm-none-eabi/4.8.4/armv6-m/crtbegin.o
 .ARM.attributes
                0x0000004a       0x1b c:/freescale/kds_3.0.0/toolchain/bin/../lib/gcc/arm-none-eabi/4.8.4/../../../../arm-none-eabi/lib/armv6-m/crt0.o
 .ARM.attributes
                0x00000065       0x32 ./Static_Code/System/PE_low_level_init.o
 .ARM.attributes
                0x00000097       0x32 ./Sources/Components/MMA8451Q_Files/accel.o
 .ARM.attributes
                0x000000c9       0x32 ./Sources/Components/MMA8451Q_Files/fsl_i2c_irq.o
 .ARM.attributes
                0x000000fb       0x32 ./Sources/Components/MMA8451Q_Files/fxos_api.o
 .ARM.attributes
                0x0000012d       0x32 ./Sources/Components/MMA8451Q_Files/mma8451_api.o
 .ARM.attributes
                0x0000015f       0x32 ./Sources/Components/CONSOLE.o
 .ARM.attributes
                0x00000191       0x32 ./Sources/Components/MMA8451Q.o
 .ARM.attributes
                0x000001c3       0x32 ./Sources/Components/SIM800L.o
 .ARM.attributes
                0x000001f5       0x32 ./Sources/Events.o
 .ARM.attributes
                0x00000227       0x32 ./Sources/main.o
 .ARM.attributes
                0x00000259       0x32 ./SDK/platform/utilities/src/fsl_debug_console.o
 .ARM.attributes
                0x0000028b       0x32 ./SDK/platform/utilities/src/fsl_misc_utilities.o
 .ARM.attributes
                0x000002bd       0x32 ./SDK/platform/utilities/src/print_scan.o
 .ARM.attributes
                0x000002ef       0x32 ./SDK/platform/system/src/power/fsl_power_manager.o
 .ARM.attributes
                0x00000321       0x32 ./SDK/platform/system/src/interrupt/fsl_interrupt_manager.o
 .ARM.attributes
                0x00000353       0x32 ./SDK/platform/system/src/clock/MKL25Z4/fsl_clock_MKL25Z4.o
 .ARM.attributes
                0x00000385       0x32 ./SDK/platform/system/src/clock/fsl_clock_manager.o
 .ARM.attributes
                0x000003b7       0x32 ./SDK/platform/system/src/clock/fsl_clock_manager_common.o
 .ARM.attributes
                0x000003e9       0x32 ./SDK/platform/osa/src/fsl_os_abstraction_bm.o
 .ARM.attributes
                0x0000041b       0x32 ./SDK/platform/hal/src/uart/fsl_uart_hal.o
 .ARM.attributes
                0x0000044d       0x32 ./SDK/platform/hal/src/mcg/fsl_mcg_hal.o
 .ARM.attributes
                0x0000047f       0x32 ./SDK/platform/hal/src/lptmr/fsl_lptmr_hal.o
 .ARM.attributes
                0x000004b1       0x32 ./SDK/platform/hal/src/llwu/fsl_llwu_hal.o
 .ARM.attributes
                0x000004e3       0x32 ./SDK/platform/hal/src/i2c/fsl_i2c_hal.o
 .ARM.attributes
                0x00000515       0x32 ./SDK/platform/hal/src/gpio/fsl_gpio_hal.o
 .ARM.attributes
                0x00000547       0x32 ./SDK/platform/hal/src/adc16/fsl_adc16_hal.o
 .ARM.attributes
                0x00000579       0x32 ./SDK/platform/drivers/src/uart/fsl_uart_common.o
 .ARM.attributes
                0x000005ab       0x32 ./SDK/platform/drivers/src/uart/fsl_uart_driver.o
 .ARM.attributes
                0x000005dd       0x32 ./SDK/platform/drivers/src/lptmr/fsl_lptmr_common.o
 .ARM.attributes
                0x0000060f       0x32 ./SDK/platform/drivers/src/lptmr/fsl_lptmr_driver.o
 .ARM.attributes
                0x00000641       0x32 ./SDK/platform/drivers/src/lpsci/fsl_lpsci_common.o
 .ARM.attributes
                0x00000673       0x32 ./SDK/platform/drivers/src/lpsci/fsl_lpsci_driver.o
 .ARM.attributes
                0x000006a5       0x32 ./SDK/platform/drivers/src/i2c/fsl_i2c_common.o
 .ARM.attributes
                0x000006d7       0x32 ./SDK/platform/drivers/src/i2c/fsl_i2c_master_driver.o
 .ARM.attributes
                0x00000709       0x32 ./SDK/platform/drivers/src/i2c/fsl_i2c_shared_function.o
 .ARM.attributes
                0x0000073b       0x32 ./SDK/platform/drivers/src/i2c/fsl_i2c_slave_driver.o
 .ARM.attributes
                0x0000076d       0x32 ./SDK/platform/drivers/src/gpio/fsl_gpio_common.o
 .ARM.attributes
                0x0000079f       0x32 ./SDK/platform/drivers/src/gpio/fsl_gpio_driver.o
 .ARM.attributes
                0x000007d1       0x32 ./SDK/platform/drivers/src/adc16/fsl_adc16_common.o
 .ARM.attributes
                0x00000803       0x32 ./SDK/platform/drivers/src/adc16/fsl_adc16_driver.o
 .ARM.attributes
                0x00000835       0x1b ./SDK/platform/devices/MKL25Z4/startup/gcc/startup_MKL25Z4.o
 .ARM.attributes
                0x00000850       0x32 ./SDK/platform/devices/MKL25Z4/startup/system_MKL25Z4.o
 .ARM.attributes
                0x00000882       0x32 ./SDK/platform/devices/startup.o
 .ARM.attributes
                0x000008b4       0x32 ./Generated_Code/ADC_0.o
 .ARM.attributes
                0x000008e6       0x32 ./Generated_Code/Cpu.o
 .ARM.attributes
                0x00000918       0x32 ./Generated_Code/GPIO_0.o
 .ARM.attributes
                0x0000094a       0x32 ./Generated_Code/LPSCI_0.o
 .ARM.attributes
                0x0000097c       0x32 ./Generated_Code/LPTMR_0.o
 .ARM.attributes
                0x000009ae       0x32 ./Generated_Code/UART_1.o
 .ARM.attributes
                0x000009e0       0x32 ./Generated_Code/gpio1.o
 .ARM.attributes
                0x00000a12       0x32 ./Generated_Code/hardware_init.o
 .ARM.attributes
                0x00000a44       0x32 ./Generated_Code/i2cCom1.o
 .ARM.attributes
                0x00000a76       0x32 ./Generated_Code/osa1.o
 .ARM.attributes
                0x00000aa8       0x32 ./Generated_Code/pin_init.o
 .ARM.attributes
                0x00000ada       0x32 ./Generated_Code/pwrMan1.o
 .ARM.attributes
                0x00000b0c       0x32 C:/Freescale/SDK_1.3_FRDM-KL25Z/lib/ksdk_platform_lib/kds/KL25Z4/debug/libksdk_platform.a(fsl_mcg_hal.o)
 .ARM.attributes
                0x00000b3e       0x32 C:/Freescale/SDK_1.3_FRDM-KL25Z/lib/ksdk_platform_lib/kds/KL25Z4/debug/libksdk_platform.a(fsl_lpsci_hal.o)
 .ARM.attributes
                0x00000b70       0x1e c:/freescale/kds_3.0.0/toolchain/bin/../lib/gcc/arm-none-eabi/4.8.4/armv6-m\libgcc.a(_udivsi3.o)
 .ARM.attributes
                0x00000b8e       0x1e c:/freescale/kds_3.0.0/toolchain/bin/../lib/gcc/arm-none-eabi/4.8.4/armv6-m\libgcc.a(_divsi3.o)
 .ARM.attributes
                0x00000bac       0x1e c:/freescale/kds_3.0.0/toolchain/bin/../lib/gcc/arm-none-eabi/4.8.4/armv6-m\libgcc.a(_dvmd_tls.o)
 .ARM.attributes
                0x00000bca       0x1e c:/freescale/kds_3.0.0/toolchain/bin/../lib/gcc/arm-none-eabi/4.8.4/armv6-m\libgcc.a(_aeabi_uldivmod.o)
 .ARM.attributes
                0x00000be8       0x2c c:/freescale/kds_3.0.0/toolchain/bin/../lib/gcc/arm-none-eabi/4.8.4/armv6-m\libgcc.a(_muldi3.o)
 .ARM.attributes
                0x00000c14       0x2c c:/freescale/kds_3.0.0/toolchain/bin/../lib/gcc/arm-none-eabi/4.8.4/armv6-m\libgcc.a(bpabi.o)
 .ARM.attributes
                0x00000c40       0x2c c:/freescale/kds_3.0.0/toolchain/bin/../lib/gcc/arm-none-eabi/4.8.4/armv6-m\libgcc.a(muldf3.o)
 .ARM.attributes
                0x00000c6c       0x2c c:/freescale/kds_3.0.0/toolchain/bin/../lib/gcc/arm-none-eabi/4.8.4/armv6-m\libgcc.a(fixdfsi.o)
 .ARM.attributes
                0x00000c98       0x2c c:/freescale/kds_3.0.0/toolchain/bin/../lib/gcc/arm-none-eabi/4.8.4/armv6-m\libgcc.a(floatsidf.o)
 .ARM.attributes
                0x00000cc4       0x1e c:/freescale/kds_3.0.0/toolchain/bin/../lib/gcc/arm-none-eabi/4.8.4/armv6-m\libgcc.a(_clzsi2.o)
 .ARM.attributes
                0x00000ce2       0x2c c:/freescale/kds_3.0.0/toolchain/bin/../lib/gcc/arm-none-eabi/4.8.4/armv6-m\libgcc.a(_divdi3.o)
 .ARM.attributes