Archive member included because of file (symbol)

C:/Freescale/SDK_1.3_FRDM-KL25Z/lib/ksdk_platform_lib/kds/KL25Z4/debug/libksdk_platform.a(fsl_power_manager.o)
                              ./SDK/platform/system/src/power/fsl_power_manager.o (gPowerManagerStateSync)
C:/Freescale/SDK_1.3_FRDM-KL25Z/lib/ksdk_platform_lib/kds/KL25Z4/debug/libksdk_platform.a(fsl_pit_driver.o)
                              ./SDK/platform/drivers/src/pit/fsl_pit_driver.o (g_pitSourceClock)
C:/Freescale/SDK_1.3_FRDM-KL25Z/lib/ksdk_platform_lib/kds/KL25Z4/debug/libksdk_platform.a(fsl_mcg_hal.o)
                              ./SDK/platform/hal/src/mcg/fsl_mcg_hal.o (g_xtal0ClkFreq)
C:/Freescale/SDK_1.3_FRDM-KL25Z/lib/ksdk_platform_lib/kds/KL25Z4/debug/libksdk_platform.a(fsl_clock_MKL25Z4.o)
                              ./SDK/platform/system/src/clock/MKL25Z4/fsl_clock_MKL25Z4.o (g_tpmClkFreq)
c:/freescale/kds_v3/toolchain/bin/../lib/gcc/arm-none-eabi/4.8.4/armv6-m\libgcc.a(_udivsi3.o)
                              ./Sources/StateMachine.o (__aeabi_uidiv)
c:/freescale/kds_v3/toolchain/bin/../lib/gcc/arm-none-eabi/4.8.4/armv6-m\libgcc.a(_divsi3.o)
                              ./SDK/platform/utilities/src/print_scan.o (__aeabi_idiv)
c:/freescale/kds_v3/toolchain/bin/../lib/gcc/arm-none-eabi/4.8.4/armv6-m\libgcc.a(_dvmd_tls.o)
                              c:/freescale/kds_v3/toolchain/bin/../lib/gcc/arm-none-eabi/4.8.4/armv6-m\libgcc.a(_udivsi3.o) (__aeabi_idiv0)
c:/freescale/kds_v3/toolchain/bin/../lib/gcc/arm-none-eabi/4.8.4/armv6-m\libgcc.a(_arm_cmpsf2.o)
                              ./Sources/StateMachine.o (__aeabi_fcmpgt)
c:/freescale/kds_v3/toolchain/bin/../lib/gcc/arm-none-eabi/4.8.4/armv6-m\libgcc.a(_aeabi_uldivmod.o)
                              ./SDK/platform/drivers/src/rtc/fsl_rtc_driver.o (__aeabi_uldivmod)
c:/freescale/kds_v3/toolchain/bin/../lib/gcc/arm-none-eabi/4.8.4/armv6-m\libgcc.a(_muldi3.o)
                              ./SDK/platform/drivers/src/rtc/fsl_rtc_driver.o (__aeabi_lmul)
c:/freescale/kds_v3/toolchain/bin/../lib/gcc/arm-none-eabi/4.8.4/armv6-m\libgcc.a(bpabi.o)
                              c:/freescale/kds_v3/toolchain/bin/../lib/gcc/arm-none-eabi/4.8.4/armv6-m\libgcc.a(_aeabi_uldivmod.o) (__gnu_uldivmod_helper)
c:/freescale/kds_v3/toolchain/bin/../lib/gcc/arm-none-eabi/4.8.4/armv6-m\libgcc.a(divsf3.o)
                              ./Sources/Components/LM35.o (__aeabi_fdiv)
c:/freescale/kds_v3/toolchain/bin/../lib/gcc/arm-none-eabi/4.8.4/armv6-m\libgcc.a(eqsf2.o)
                              c:/freescale/kds_v3/toolchain/bin/../lib/gcc/arm-none-eabi/4.8.4/armv6-m\libgcc.a(_arm_cmpsf2.o) (__eqsf2)
c:/freescale/kds_v3/toolchain/bin/../lib/gcc/arm-none-eabi/4.8.4/armv6-m\libgcc.a(gesf2.o)
                              c:/freescale/kds_v3/toolchain/bin/../lib/gcc/arm-none-eabi/4.8.4/armv6-m\libgcc.a(_arm_cmpsf2.o) (__gesf2)
c:/freescale/kds_v3/toolchain/bin/../lib/gcc/arm-none-eabi/4.8.4/armv6-m\libgcc.a(lesf2.o)
                              c:/freescale/kds_v3/toolchain/bin/../lib/gcc/arm-none-eabi/4.8.4/armv6-m\libgcc.a(_arm_cmpsf2.o) (__lesf2)
c:/freescale/kds_v3/toolchain/bin/../lib/gcc/arm-none-eabi/4.8.4/armv6-m\libgcc.a(mulsf3.o)
                              ./Sources/Components/UTILITIES.o (__aeabi_fmul)
c:/freescale/kds_v3/toolchain/bin/../lib/gcc/arm-none-eabi/4.8.4/armv6-m\libgcc.a(subsf3.o)
                              ./Sources/Components/UTILITIES.o (__aeabi_fsub)
c:/freescale/kds_v3/toolchain/bin/../lib/gcc/arm-none-eabi/4.8.4/armv6-m\libgcc.a(fixsfsi.o)
                              ./Sources/Components/MB7360.o (__aeabi_f2iz)
c:/freescale/kds_v3/toolchain/bin/../lib/gcc/arm-none-eabi/4.8.4/armv6-m\libgcc.a(floatsisf.o)
                              ./Sources/Components/LM35.o (__aeabi_i2f)
c:/freescale/kds_v3/toolchain/bin/../lib/gcc/arm-none-eabi/4.8.4/armv6-m\libgcc.a(divdf3.o)
                              ./Sources/Components/MB7360.o (__aeabi_ddiv)
c:/freescale/kds_v3/toolchain/bin/../lib/gcc/arm-none-eabi/4.8.4/armv6-m\libgcc.a(muldf3.o)
                              ./Sources/Components/MB7360.o (__aeabi_dmul)
c:/freescale/kds_v3/toolchain/bin/../lib/gcc/arm-none-eabi/4.8.4/armv6-m\libgcc.a(fixdfsi.o)
                              ./Sources/Components/MMA8451Q.o (__aeabi_d2iz)
c:/freescale/kds_v3/toolchain/bin/../lib/gcc/arm-none-eabi/4.8.4/armv6-m\libgcc.a(floatsidf.o)
                              ./Sources/Components/MB7360.o (__aeabi_i2d)
c:/freescale/kds_v3/toolchain/bin/../lib/gcc/arm-none-eabi/4.8.4/armv6-m\libgcc.a(truncdfsf2.o)
                              ./Sources/Components/MB7360.o (__aeabi_d2f)
c:/freescale/kds_v3/toolchain/bin/../lib/gcc/arm-none-eabi/4.8.4/armv6-m\libgcc.a(_clzsi2.o)
                              c:/freescale/kds_v3/toolchain/bin/../lib/gcc/arm-none-eabi/4.8.4/armv6-m\libgcc.a(divsf3.o) (__clzsi2)
c:/freescale/kds_v3/toolchain/bin/../lib/gcc/arm-none-eabi/4.8.4/armv6-m\libgcc.a(_divdi3.o)
[...]
Memory Configuration

Name             Origin             Length             Attributes
m_interrupts     0x00000000         0x00000200         xr
m_flash_config   0x00000400         0x00000010         xr
m_interrupts_ram 0x1ffff000         0x00000200         rw
m_text           0x00000410         0x0001fbf0         xr
m_data           0x1ffff200         0x00003e00         rw
*default*        0x00000000         0xffffffff

Linker script and memory map

LOAD c:/freescale/kds_v3/toolchain/bin/../lib/gcc/arm-none-eabi/4.8.4/armv6-m/crti.o
LOAD c:/freescale/kds_v3/toolchain/bin/../lib/gcc/arm-none-eabi/4.8.4/armv6-m/crtbegin.o
LOAD c:/freescale/kds_v3/toolchain/bin/../lib/gcc/arm-none-eabi/4.8.4/../../../../arm-none-eabi/lib/armv6-m/crt0.o
LOAD ./Static_Code/System/PE_low_level_init.o
LOAD ./Sources/Components/MMA8451Q_Files/accel.o
LOAD ./Sources/Components/MMA8451Q_Files/fsl_i2c_irq.o
LOAD ./Sources/Components/MMA8451Q_Files/fxos_api.o
LOAD ./Sources/Components/MMA8451Q_Files/mma8451_api.o
LOAD ./Sources/Components/CONSOLE.o
LOAD ./Sources/Components/LM35.o
LOAD ./Sources/Components/MB7360.o
LOAD ./Sources/Components/MMA8451Q.o
LOAD ./Sources/Components/SIM800L.o
LOAD ./Sources/Components/UTILITIES.o
LOAD ./Sources/Events.o
LOAD ./Sources/Hardware.o
LOAD ./Sources/StateMachine.o
LOAD ./Sources/main.o
LOAD ./SDK/platform/utilities/src/fsl_debug_console.o
LOAD ./SDK/platform/utilities/src/fsl_misc_utilities.o
LOAD ./SDK/platform/utilities/src/print_scan.o
LOAD ./SDK/platform/system/src/power/fsl_power_manager.o
LOAD ./SDK/platform/system/src/interrupt/fsl_interrupt_manager.o
LOAD ./SDK/platform/system/src/clock/MKL25Z4/fsl_clock_MKL25Z4.o
LOAD ./SDK/platform/system/src/clock/fsl_clock_manager.o
LOAD ./SDK/platform/system/src/clock/fsl_clock_manager_common.o
LOAD ./SDK/platform/osa/src/fsl_os_abstraction_bm.o
LOAD ./SDK/platform/hal/src/uart/fsl_uart_hal.o
LOAD ./SDK/platform/hal/src/smc/fsl_smc_hal.o
LOAD ./SDK/platform/hal/src/sim/MKL25Z4/fsl_sim_hal_MKL25Z4.o
LOAD ./SDK/platform/hal/src/rtc/fsl_rtc_hal.o
LOAD ./SDK/platform/hal/src/rcm/fsl_rcm_hal.o
LOAD ./SDK/platform/hal/src/port/fsl_port_hal.o
LOAD ./SDK/platform/hal/src/pit/fsl_pit_hal.o
LOAD ./SDK/platform/hal/src/osc/fsl_osc_hal.o
LOAD ./SDK/platform/hal/src/mcg/fsl_mcg_hal.o
LOAD ./SDK/platform/hal/src/mcg/fsl_mcg_hal_modes.o
LOAD ./SDK/platform/hal/src/lptmr/fsl_lptmr_hal.o
LOAD ./SDK/platform/hal/src/lpsci/fsl_lpsci_hal.o
LOAD ./SDK/platform/hal/src/llwu/fsl_llwu_hal.o
LOAD ./SDK/platform/hal/src/i2c/fsl_i2c_hal.o
LOAD ./SDK/platform/hal/src/gpio/fsl_gpio_hal.o
LOAD ./SDK/platform/hal/src/adc16/fsl_adc16_hal.o
LOAD ./SDK/platform/drivers/src/uart/fsl_uart_common.o
LOAD ./SDK/platform/drivers/src/uart/fsl_uart_driver.o
LOAD ./SDK/platform/drivers/src/rtc/fsl_rtc_common.o
LOAD ./SDK/platform/drivers/src/rtc/fsl_rtc_driver.o
LOAD ./SDK/platform/drivers/src/pit/fsl_pit_common.o
LOAD ./SDK/platform/drivers/src/pit/fsl_pit_driver.o
LOAD ./SDK/platform/drivers/src/lptmr/fsl_lptmr_common.o
LOAD ./SDK/platform/drivers/src/lptmr/fsl_lptmr_driver.o
LOAD ./SDK/platform/drivers/src/lpsci/fsl_lpsci_common.o
LOAD ./SDK/platform/drivers/src/lpsci/fsl_lpsci_driver.o
LOAD ./SDK/platform/drivers/src/i2c/fsl_i2c_common.o
LOAD ./SDK/platform/drivers/src/i2c/fsl_i2c_master_driver.o
LOAD ./SDK/platform/drivers/src/i2c/fsl_i2c_shared_function.o
LOAD ./SDK/platform/drivers/src/i2c/fsl_i2c_slave_driver.o
LOAD ./SDK/platform/drivers/src/gpio/fsl_gpio_common.o
LOAD ./SDK/platform/drivers/src/gpio/fsl_gpio_driver.o
LOAD ./SDK/platform/drivers/src/adc16/fsl_adc16_common.o
LOAD ./SDK/platform/drivers/src/adc16/fsl_adc16_driver.o
LOAD ./SDK/platform/devices/MKL25Z4/startup/gcc/startup_MKL25Z4.o
LOAD ./SDK/platform/devices/MKL25Z4/startup/system_MKL25Z4.o
LOAD ./SDK/platform/devices/startup.o
LOAD ./Generated_Code/ADC_0.o
LOAD ./Generated_Code/Cpu.o
LOAD ./Generated_Code/GPIO_0.o
LOAD ./Generated_Code/LPSCI_0.o
LOAD ./Generated_Code/LPTMR_0.o
LOAD ./Generated_Code/UART_1.o
LOAD ./Generated_Code/clockMan1.o
LOAD ./Generated_Code/gpio1.o
LOAD ./Generated_Code/hardware_init.o
LOAD ./Generated_Code/i2cCom1.o
LOAD ./Generated_Code/osa1.o
LOAD ./Generated_Code/pin_init.o
LOAD ./Generated_Code/pwrMan1.o
LOAD C:/Freescale/SDK_1.3_FRDM-KL25Z/lib/ksdk_platform_lib/kds/KL25Z4/debug/libksdk_platform.a
LOAD C:\Freescale\SDK_1.3_FRDM-KL25Z\lib\ksdk_platform_lib\kds\KL25Z4\debug\libksdk_platform.a
LOAD c:/freescale/kds_v3/toolchain/bin/../lib/gcc/arm-none-eabi/4.8.4/../../../../arm-none-eabi/lib/armv6-m\libstdc++_s.a
LOAD c:/freescale/kds_v3/toolchain/bin/../lib/gcc/arm-none-eabi/4.8.4/../../../../arm-none-eabi/lib/armv6-m\libm.a
START GROUP
LOAD c:/freescale/kds_v3/toolchain/bin/../lib/gcc/arm-none-eabi/4.8.4/armv6-m\libgcc.a
LOAD c:/freescale/kds_v3/toolchain/bin/../lib/gcc/arm-none-eabi/4.8.4/../../../../arm-none-eabi/lib/armv6-m\libg_s.a
LOAD c:/freescale/kds_v3/toolchain/bin/../lib/gcc/arm-none-eabi/4.8.4/../../../../arm-none-eabi/lib/armv6-m\libc_s.a
END GROUP
START GROUP
LOAD c:/freescale/kds_v3/toolchain/bin/../lib/gcc/arm-none-eabi/4.8.4/armv6-m\libgcc.a
LOAD c:/freescale/kds_v3/toolchain/bin/../lib/gcc/arm-none-eabi/4.8.4/../../../../arm-none-eabi/lib/armv6-m\libc_s.a
LOAD c:/freescale/kds_v3/toolchain/bin/../lib/gcc/arm-none-eabi/4.8.4/../../../../arm-none-eabi/lib/armv6-m\libnosys.a
END GROUP
START GROUP
LOAD c:/freescale/kds_v3/toolchain/bin/../lib/gcc/arm-none-eabi/4.8.4/armv6-m\libgcc.a
LOAD c:/freescale/kds_v3/toolchain/bin/../lib/gcc/arm-none-eabi/4.8.4/../../../../arm-none-eabi/lib/armv6-m\libc_s.a
LOAD c:/freescale/kds_v3/toolchain/bin/../lib/gcc/arm-none-eabi/4.8.4/../../../../arm-none-eabi/lib/armv6-m\libnosys.a
END GROUP
LOAD c:/freescale/kds_v3/toolchain/bin/../lib/gcc/arm-none-eabi/4.8.4/armv6-m/crtend.o
LOAD c:/freescale/kds_v3/toolchain/bin/../lib/gcc/arm-none-eabi/4.8.4/armv6-m/crtn.o
                0x00000000                HEAP_SIZE = DEFINED (__heap_size__)?__heap_size__:0x0
                0x00000400                STACK_SIZE = DEFINED (__stack_size__)?__stack_size__:0x400

.interrupts     0x00000000       0xc0
                0x00000000                __VECTOR_TABLE = .
                0x00000000                . = ALIGN (0x4)
 *(.isr_vector)
 .isr_vector    0x00000000       0xc0 ./SDK/platform/devices/MKL25Z4/startup/gcc/startup_MKL25Z4.o
                0x00000000                __isr_vector
                0x000000c0                . = ALIGN (0x4)
                0x1ffff000                __VECTOR_RAM = ORIGIN (m_interrupts_ram)

.flash_config   0x00000400       0x10
                0x00000400                . = ALIGN (0x4)
 *(.FlashConfig)
 .FlashConfig   0x00000400       0x10 ./SDK/platform/devices/MKL25Z4/startup/gcc/startup_MKL25Z4.o
                0x00000410                . = ALIGN (0x4)

.text           0x00000410    0x11760
                0x00000410                . = ALIGN (0x4)
 *(.text)
 .text          0x00000410       0x60 c:/freescale/kds_v3/toolchain/bin/../lib/gcc/arm-none-eabi/4.8.4/armv6-m/crtbegin.o
 .text          0x00000470       0x78 c:/freescale/kds_v3/toolchain/bin/../lib/gcc/arm-none-eabi/4.8.4/../../../../arm-none-eabi/lib/armv6-m/crt0.o
                0x00000470                _start
                0x00000470                _mainCRTStartup
 .text          0x000004e8       0x18 ./SDK/platform/devices/MKL25Z4/startup/gcc/startup_MKL25Z4.o
                0x000004e8                Reset_Handler
                0x000004f8                PendSV_Handler
                0x000004f8                NMI_Handler
                0x000004f8                DMA2_IRQHandler
                0x000004f8                TPM0_IRQHandler
                0x000004f8                LLWU_IRQHandler
                0x000004f8                TSI0_IRQHandler
                0x000004f8                Reserved39_IRQHandler
                0x000004f8                SPI1_IRQHandler
                0x000004f8                DefaultISR
                0x000004f8                PORTD_IRQHandler
                0x000004f8                TPM2_IRQHandler
                0x000004f8                RTC_IRQHandler
                0x000004f8                HardFault_Handler
                0x000004f8                RTC_Seconds_IRQHandler
                0x000004f8                MCG_IRQHandler
                0x000004f8                UART2_IRQHandler
                0x000004f8                Reserved20_IRQHandler
                0x000004f8                USB0_IRQHandler
                0x000004f8                PIT_IRQHandler
                0x000004f8                SVC_Handler
                0x000004f8                DMA3_IRQHandler
                0x000004f8                DMA0_IRQHandler
                0x000004f8                DAC0_IRQHandler
                0x000004f8                Reserved45_IRQHandler
                0x000004f8                TPM1_IRQHandler
                0x000004f8                LVD_LVW_IRQHandler
                0x000004f8                SPI0_IRQHandler
                0x000004f8                PORTA_IRQHandler
                0x000004f8                FTFA_IRQHandler
                0x000004f8                CMP0_IRQHandler
                0x000004f8                DMA1_IRQHandler
 .text          0x00000500       0x9c c:/freescale/kds_v3/toolchain/bin/../lib/gcc/arm-none-eabi/4.8.4/armv6-m\libgcc.a(_udivsi3.o)
                0x00000500                __aeabi_uidiv
                0x00000500                __udivsi3
                0x00000588                __aeabi_uidivmod
 .text          0x0000059c       0xc0 c:/freescale/kds_v3/toolchain/bin/../lib/gcc/arm-none-eabi/4.8.4/armv6-m\libgcc.a(_divsi3.o)
                0x0000059c                __divsi3
                0x0000059c                __aeabi_idiv
                0x00000648                __aeabi_idivmod
 .text          0x0000065c        0x4 c:/freescale/kds_v3/toolchain/bin/../lib/gcc/arm-none-eabi/4.8.4/armv6-m\libgcc.a(_dvmd_tls.o)
                0x0000065c                __aeabi_idiv0
                0x0000065c                __aeabi_ldiv0
 .text          0x00000660       0x74 c:/freescale/kds_v3/toolchain/bin/../lib/gcc/arm-none-eabi/4.8.4/armv6-m\libgcc.a(_arm_cmpsf2.o)
                0x00000660                __aeabi_cfrcmple
                0x00000668                __aeabi_cfcmpeq
                0x00000668                __aeabi_cfcmple
                0x00000678                __aeabi_fcmpeq
                0x00000684                __aeabi_fcmplt
                0x00000698                __aeabi_fcmple
                0x000006ac                __aeabi_fcmpgt
                0x000006c0                __aeabi_fcmpge
 .text          0x000006d4       0x40 c:/freescale/kds_v3/toolchain/bin/../lib/gcc/arm-none-eabi/4.8.4/armv6-m\libgcc.a(_aeabi_uldivmod.o)
                0x000006d4                __aeabi_uldivmod
 .text          0x00000714       0x44 c:/freescale/kds_v3/toolchain/bin/../lib/gcc/arm-none-eabi/4.8.4/armv6-m\libgcc.a(_muldi3.o)
                0x00000714                __muldi3
                0x00000714                __aeabi_lmul
 .text          0x00000758       0x6c c:/freescale/kds_v3/toolchain/bin/../lib/gcc/arm-none-eabi/4.8.4/armv6-m\libgcc.a(bpabi.o)
                0x00000758                __gnu_ldivmod_helper
                0x00000790                __gnu_uldivmod_helper
 .text          0x000007c4      0x24c c:/freescale/kds_v3/toolchain/bin/../lib/gcc/arm-none-eabi/4.8.4/armv6-m\libgcc.a(divsf3.o)
                0x000007c4                __aeabi_fdiv
 .text          0x00000a10       0x54 c:/freescale/kds_v3/toolchain/bin/../lib/gcc/arm-none-eabi/4.8.4/armv6-m\libgcc.a(eqsf2.o)
                0x00000a10                __eqsf2
                0x00000a10                __nesf2
 .text          0x00000a64       0x90 c:/freescale/kds_v3/toolchain/bin/../lib/gcc/arm-none-eabi/4.8.4/armv6-m\libgcc.a(gesf2.o)
                0x00000a64                __gesf2
                0x00000a64                __gtsf2
 .text          0x00000af4       0x98 c:/freescale/kds_v3/toolchain/bin/../lib/gcc/arm-none-eabi/4.8.4/armv6-m\libgcc.a(lesf2.o)
                0x00000af4                __ltsf2
                0x00000af4                __lesf2
 .text          0x00000b8c      0x254 c:/freescale/kds_v3/toolchain/bin/../lib/gcc/arm-none-eabi/4.8.4/armv6-m\libgcc.a(mulsf3.o)
                0x00000b8c                __aeabi_fmul
 .text          0x00000de0      0x2ec c:/freescale/kds_v3/toolchain/bin/../lib/gcc/arm-none-eabi/4.8.4/armv6-m\libgcc.a(subsf3.o)
                0x00000de0                __aeabi_fsub
 .text          0x000010cc       0x40 c:/freescale/kds_v3/toolchain/bin/../lib/gcc/arm-none-eabi/4.8.4/armv6-m\libgcc.a(fixsfsi.o)
                0x000010cc                __aeabi_f2iz
 .text          0x0000110c       0xb8 c:/freescale/kds_v3/toolchain/bin/../lib/gcc/arm-none-eabi/4.8.4/armv6-m\libgcc.a(floatsisf.o)
                0x0000110c                __aeabi_i2f
 .text          0x000011c4      0x648 c:/freescale/kds_v3/toolchain/bin/../lib/gcc/arm-none-eabi/4.8.4/armv6-m\libgcc.a(divdf3.o)
                0x000011c4                __aeabi_ddiv
 .text          0x0000180c      0x520 c:/freescale/kds_v3/toolchain/bin/../lib/gcc/arm-none-eabi/4.8.4/armv6-m\libgcc.a(muldf3.o)
                0x0000180c                __aeabi_dmul
 .text          0x00001d2c       0x68 c:/freescale/kds_v3/toolchain/bin/../lib/gcc/arm-none-eabi/4.8.4/armv6-m\libgcc.a(fixdfsi.o)
                0x00001d2c                __aeabi_d2iz
 .text          0x00001d94       0x7c c:/freescale/kds_v3/toolchain/bin/../lib/gcc/arm-none-eabi/4.8.4/armv6-m\libgcc.a(floatsidf.o)
                0x00001d94                __aeabi_i2d
 .text          0x00001e10      0x118 c:/freescale/kds_v3/toolchain/bin/../lib/gcc/arm-none-eabi/4.8.4/armv6-m\libgcc.a(truncdfsf2.o)
                0x00001e10                __aeabi_d2f
 .text          0x00001f28       0x3c c:/freescale/kds_v3/toolchain/bin/../lib/gcc/arm-none-eabi/4.8.4/armv6-m\libgcc.a(_clzsi2.o)
                0x00001f28                __clzsi2
 .text          0x00001f64      0x3b8 c:/freescale/kds_v3/toolchain/bin/../lib/gcc/arm-none-eabi/4.8.4/armv6-m\libgcc.a(_divdi3.o)
                0x00001f64                __divdi3
 .text          0x0000231c      0x384 c:/freescale/kds_v3/toolchain/bin/../lib/gcc/arm-none-eabi/4.8.4/armv6-m\libgcc.a(_udivdi3.o)
                0x0000231c                __udivdi3
 *(.text*)
 .text.PEX_components_init
                0x000026a0        0xc ./Static_Code/System/PE_low_level_init.o
                0x000026a0                PEX_components_init
 .text.PE_low_level_init
                0x000026ac       0x14 ./Static_Code/System/PE_low_level_init.o
                0x000026ac                PE_low_level_init
 .text.accel_read_reg
                0x000026c0       0x5c ./Sources/Components/MMA8451Q_Files/accel.o
                0x000026c0                accel_read_reg
 .text.accel_write_reg
                0x0000271c       0x50 ./Sources/Components/MMA8451Q_Files/accel.o
                0x0000271c                accel_write_reg
 .text.accel_init
                0x0000276c      0x11c ./Sources/Components/MMA8451Q_Files/accel.o
                0x0000276c                accel_init
 .text.I2C0_IRQHandler
                0x00002888       0x10 ./Sources/Components/MMA8451Q_Files/fsl_i2c_irq.o
                0x00002888                I2C0_IRQHandler
 .text.I2C1_IRQHandler
                0x00002898       0x10 ./Sources/Components/MMA8451Q_Files/fsl_i2c_irq.o
                0x00002898                I2C1_IRQHandler
 .text.fxos_init
                0x000028a8      0x12c ./Sources/Components/MMA8451Q_Files/fxos_api.o
                0x000028a8                fxos_init
 .text.fxos_read_sensor_data
                0x000029d4       0x24 ./Sources/Components/MMA8451Q_Files/fxos_api.o
                0x000029d4                fxos_read_sensor_data
 .text.fxos_read_register_array_fast
                0x000029f8       0x5c ./Sources/Components/MMA8451Q_Files/fxos_api.o
                0x000029f8                fxos_read_register_array_fast
 .text.mma8451_init
                0x00002a54      0x10c ./Sources/Components/MMA8451Q_Files/mma8451_api.o
                0x00002a54                mma8451_init
 .text.mma8451_read_sensor_data
                0x00002b60       0xb0 ./Sources/Components/MMA8451Q_Files/mma8451_api.o
                0x00002b60                mma8451_read_sensor_data
 .text.CONSOLE_INIT
                0x00002c10       0x30 ./Sources/Components/CONSOLE.o
                0x00002c10                CONSOLE_INIT
 .text.CONSOLE_SEND
                0x00002c40       0x30 ./Sources/Components/CONSOLE.o
                0x00002c40                CONSOLE_SEND
 .text.CONSOLE_RECEIVE
                0x00002c70       0x30 ./Sources/Components/CONSOLE.o
                0x00002c70                CONSOLE_RECEIVE
 .text.LM35_INIT
                0x00002ca0       0x4c ./Sources/Components/LM35.o
                0x00002ca0                LM35_INIT
 .text.LM35_DEINIT
                0x00002cec       0x10 ./Sources/Components/LM35.o
                0x00002cec                LM35_DEINIT
 .text.LM35_GET_TEMPERATURE_CELSIUS
                0x00002cfc       0xe8 ./Sources/Components/LM35.o
                0x00002cfc                LM35_GET_TEMPERATURE_CELSIUS
 .text.MB7360_INIT
                0x00002de4       0x58 ./Sources/Components/MB7360.o
                0x00002de4                MB7360_INIT
 .text.MB7360_DEINIT
                0x00002e3c       0x14 ./Sources/Components/MB7360.o
                0x00002e3c                MB7360_DEINIT
 .text.MB7360_STOP_RANGING
                0x00002e50       0x14 ./Sources/Components/MB7360.o
                0x00002e50                MB7360_STOP_RANGING
 .text.MB7360_START_RANGING
                0x00002e64       0x1c ./Sources/Components/MB7360.o
                0x00002e64                MB7360_START_RANGING
 .text.MB7360_GET_DISTANCE_MM
                0x00002e80      0x130 ./Sources/Components/MB7360.o
                0x00002e80                MB7360_GET_DISTANCE_MM
 .text.MMA8451Q_INIT
                0x00002fb0       0x74 ./Sources/Components/MMA8451Q.o
                0x00002fb0                MMA8451Q_INIT
 *fill*         0x00003024        0x4 
 .text.MMA8451Q_GET_DATA
                0x00003028       0xd8 ./Sources/Components/MMA8451Q.o
                0x00003028                MMA8451Q_GET_DATA
 .text.MMA8451_GET_STATE
                0x00003100       0x60 ./Sources/Components/MMA8451Q.o
                0x00003100                MMA8451_GET_STATE
 .text.SIM800L_INIT
                0x00003160       0xa8 ./Sources/Components/SIM800L.o
                0x00003160                SIM800L_INIT
 .text.SIM800L_DEINIT
                0x00003208       0x30 ./Sources/Components/SIM800L.o
                0x00003208                SIM800L_DEINIT
 .text.SIM800L_FLUSH_RX_BUFFER
                0x00003238       0x40 ./Sources/Components/SIM800L.o
                0x00003238                SIM800L_FLUSH_RX_BUFFER
 .text.SIM800L_SEND_COMMAND
                0x00003278       0x30 ./Sources/Components/SIM800L.o
                0x00003278                SIM800L_SEND_COMMAND
 .text.SIM800L_SELECT_TE_CHAR_SET_GSM
                0x000032a8       0x88 ./Sources/Components/SIM800L.o
                0x000032a8                SIM800L_SELECT_TE_CHAR_SET_GSM
 .text.SIM800L_SELECT_SMS_FORMAT_TEXT
                0x00003330       0x88 ./Sources/Components/SIM800L.o
                0x00003330                SIM800L_SELECT_SMS_FORMAT_TEXT
 .text.SIM800L_IS_READY_TO_SEND_SMS
                0x000033b8       0x88 ./Sources/Components/SIM800L.o
                0x000033b8                SIM800L_IS_READY_TO_SEND_SMS
 .text.SIM800L_SMS_SEND
                0x00003440       0x90 ./Sources/Components/SIM800L.o
                0x00003440                SIM800L_SMS_SEND
 .text.SIM800L_HTTP_SEND
                0x000034d0       0x94 ./Sources/Components/SIM800L.o
                0x000034d0                SIM800L_HTTP_SEND
 .text.SIM800L_IS_READY_TO_SEND
                0x00003564       0x88 ./Sources/Components/SIM800L.o
                0x00003564                SIM800L_IS_READY_TO_SEND
 .text.SIM800L_CIPSHUT
                0x000035ec       0x8c ./Sources/Components/SIM800L.o
                0x000035ec                SIM800L_CIPSHUT
 .text.SIM800L_START_APN_OK
                0x00003678       0x88 ./Sources/Components/SIM800L.o
                0x00003678                SIM800L_START_APN_OK
 .text.SIM800L_ESTABLISH_TCP_CONNECTION
                0x00003700       0xe4 ./Sources/Components/SIM800L.o
                0x00003700                SIM800L_ESTABLISH_TCP_CONNECTION
 .text.SIM800L_CLOSE_TCP_CONNECTION
                0x000037e4       0x8c ./Sources/Components/SIM800L.o
                0x000037e4                SIM800L_CLOSE_TCP_CONNECTION
 .text.SIM800L_GPRS_ATTACHMENT_OK
                0x00003870       0x88 ./Sources/Components/SIM800L.o
                0x00003870                SIM800L_GPRS_ATTACHMENT_OK
 .text.SIM800L_IS_REGISTERED_TO_NETWORK
                0x000038f8       0xb0 ./Sources/Components/SIM800L.o
                0x000038f8                SIM800L_IS_REGISTERED_TO_NETWORK
 .text.SIM800L_GET_BATTERY_VOLTAGE_MV
                0x000039a8      0x28c ./Sources/Components/SIM800L.o
                0x000039a8                SIM800L_GET_BATTERY_VOLTAGE_MV
 .text.SIM800L_GET_BATTERY_PERCENTAGE
                0x00003c34      0x1d4 ./Sources/Components/SIM800L.o
                0x00003c34                SIM800L_GET_BATTERY_PERCENTAGE
 .text.SIM800L_GET_IMEI
                0x00003e08      0x14c ./Sources/Components/SIM800L.o
                0x00003e08                SIM800L_GET_IMEI
 .text.SIM800L_GET_IP
                0x00003f54      0x120 ./Sources/Components/SIM800L.o
                0x00003f54                SIM800L_GET_IP
 .text.SIM800L_GET_SIGNAL_QUALITY
                0x00004074      0x124 ./Sources/Components/SIM800L.o
                0x00004074                SIM800L_GET_SIGNAL_QUALITY
 .text.SIM800L_IS_RESPONDING
                0x00004198       0xa0 ./Sources/Components/SIM800L.o
                0x00004198                SIM800L_IS_RESPONDING
 .text.SIM800L_IS_GPRS_CONNECTION_ACTIVE
                0x00004238       0x8c ./Sources/Components/SIM800L.o
                0x00004238                SIM800L_IS_GPRS_CONNECTION_ACTIVE
 .text.SIM800L_IS_ECHO_DISABLED
                0x000042c4       0x88 ./Sources/Components/SIM800L.o
                0x000042c4                SIM800L_IS_ECHO_DISABLED
 .text.SIM800L_IS_SIM_READY
                0x0000434c       0xa0 ./Sources/Components/SIM800L.o
                0x0000434c                SIM800L_IS_SIM_READY
 .text.SIM800L_FIND_WORD_IN_BUFFER
                0x000043ec       0x90 ./Sources/Components/SIM800L.o
                0x000043ec                SIM800L_FIND_WORD_IN_BUFFER
 .text.SIM800L_CHECK_STATUS
                0x0000447c       0x98 ./Sources/Components/SIM800L.o
                0x0000447c                SIM800L_CHECK_STATUS
 .text.SIM800L_CONNECT_GPRS
                0x00004514       0x68 ./Sources/Components/SIM800L.o
                0x00004514                SIM800L_CONNECT_GPRS
 .text.SIM800L_PREPARE_SMS
                0x0000457c       0x38 ./Sources/Components/SIM800L.o
                0x0000457c                SIM800L_PREPARE_SMS
 .text.UTILITIES_IS_NUMBER
                0x000045b4       0x28 ./Sources/Components/UTILITIES.o
                0x000045b4                UTILITIES_IS_NUMBER
 .text.UTILITIES_FLOAT_TO_STR
                0x000045dc       0x60 ./Sources/Components/UTILITIES.o
                0x000045dc                UTILITIES_FLOAT_TO_STR
 .text.LPTMR_HAL_ClearIntFlag
                0x0000463c       0x1c ./Sources/Events.o
 .text.UART_1_RxCallback
                0x00004658       0x50 ./Sources/Events.o
                0x00004658                UART_1_RxCallback
 .text.UART_1_TxCallback
                0x000046a8       0x10 ./Sources/Events.o
                0x000046a8                UART_1_TxCallback
 .text.ADC0_IRQHandler
                0x000046b8        0x8 ./Sources/Events.o
                0x000046b8                ADC0_IRQHandler
 .text.LPTMR_0_OnTimerCompare
                0x000046c0        0x8 ./Sources/Events.o
                0x000046c0                LPTMR_0_OnTimerCompare
 .text.pwrMan1_llwuIRQHandler
                0x000046c8       0x20 ./Sources/Events.o
                0x000046c8                pwrMan1_llwuIRQHandler
 .text.stringFromMessageType
                0x000046e8       0x34 ./Sources/StateMachine.o
 .text.CREATE_SMS_SAMPLES
                0x0000471c       0xa0 ./Sources/StateMachine.o
                0x0000471c                CREATE_SMS_SAMPLES
 .text.CREATE_SMS_ALERT
                0x000047bc       0x78 ./Sources/StateMachine.o
                0x000047bc                CREATE_SMS_ALERT
 .text.CREATE_HTTP_SAMPLES
                0x00004834       0xe4 ./Sources/StateMachine.o
                0x00004834                CREATE_HTTP_SAMPLES
 .text.CREATE_HTTP_ALERT
                0x00004918       0x94 ./Sources/StateMachine.o
                0x00004918                CREATE_HTTP_ALERT
 .text.RECEIVE_CONFIG_TASK
                0x000049ac      0x190 ./Sources/StateMachine.o
                0x000049ac                RECEIVE_CONFIG_TASK
 .text.SEND_DATA_SMS_TASK
                0x00004b3c      0x2dc ./Sources/StateMachine.o
                0x00004b3c                SEND_DATA_SMS_TASK
 .text.SEND_DATA_GPRS_TASK
                0x00004e18      0x3e4 ./Sources/StateMachine.o
                0x00004e18                SEND_DATA_GPRS_TASK
 .text.Application
                0x000051fc      0x390 ./Sources/StateMachine.o
                0x000051fc                Application
 .text.main     0x0000558c       0x14 ./Sources/main.o
                0x0000558c                main
 .text._write   0x000055a0       0x5c ./SDK/platform/utilities/src/fsl_debug_console.o
                0x000055a0                _write
 .text._read    0x000055fc       0x48 ./SDK/platform/utilities/src/fsl_debug_console.o
                0x000055fc                _read
 .text.debug_printf
                0x00005644       0x4c ./SDK/platform/utilities/src/fsl_debug_console.o
                0x00005644                debug_printf
 .text.debug_putc
                0x00005690       0x44 ./SDK/platform/utilities/src/fsl_debug_console.o
 .text._sbrk    0x000056d4       0x5c ./SDK/platform/utilities/src/fsl_misc_utilities.o
                0x000056d4                _sbrk
 .text._doprint
                0x00005730      0x6e4 ./SDK/platform/utilities/src/print_scan.o
                0x00005730                _doprint
 .text.mknumstr
                0x00005e14      0x110 ./SDK/platform/utilities/src/print_scan.o
 .text.fput_pad
                0x00005f24       0x44 ./SDK/platform/utilities/src/print_scan.o
 .text.SMC_HAL_GetProtection
                0x00005f68       0x24 ./SDK/platform/system/src/power/fsl_power_manager.o
 .text.PMC_HAL_GetRegulatorStatus
                0x00005f8c       0x20 ./SDK/platform/system/src/power/fsl_power_manager.o
 .text.CLOCK_HAL_GetInternalRefClkMode
                0x00005fac       0x20 ./SDK/platform/system/src/power/fsl_power_manager.o
 .text.CLOCK_HAL_IsOsc0MonitorEnabled
                0x00005fcc       0x24 ./SDK/platform/system/src/power/fsl_power_manager.o
 .text.POWER_SYS_Init
                0x00005ff0       0x78 ./SDK/platform/system/src/power/fsl_power_manager.o
                0x00005ff0                POWER_SYS_Init
 .text.POWER_SYS_SetMode
                0x00006068      0x45c ./SDK/platform/system/src/power/fsl_power_manager.o
                0x00006068                POWER_SYS_SetMode
 .text.POWER_SYS_SetWakeupModule
                0x000064c4       0x54 ./SDK/platform/system/src/power/fsl_power_manager.o
                0x000064c4                POWER_SYS_SetWakeupModule
 .text.POWER_SYS_GetWakeupModuleFlag
                0x00006518       0x4c ./SDK/platform/system/src/power/fsl_power_manager.o
                0x00006518                POWER_SYS_GetWakeupModuleFlag
 .text.POWER_SYS_WaitForRunStatus
                0x00006564       0x68 ./SDK/platform/system/src/power/fsl_power_manager.o
 .text.POWER_SYS_WaitForVlprStatus
                0x000065cc       0x3c ./SDK/platform/system/src/power/fsl_power_manager.o
 .text.POWER_SYS_CheckClocks
                0x00006608       0xe4 ./SDK/platform/system/src/power/fsl_power_manager.o
 .text.INT_SYS_InstallHandler
                0x000066ec       0x84 ./SDK/platform/system/src/interrupt/fsl_interrupt_manager.o
                0x000066ec                INT_SYS_InstallHandler
 .text.INT_SYS_EnableIRQGlobal
                0x00006770       0x2c ./SDK/platform/system/src/interrupt/fsl_interrupt_manager.o
                0x00006770                INT_SYS_EnableIRQGlobal
 .text.INT_SYS_DisableIRQGlobal
                0x0000679c       0x18 ./SDK/platform/system/src/interrupt/fsl_interrupt_manager.o
                0x0000679c                INT_SYS_DisableIRQGlobal
 .text.SIM_HAL_EnableClock
                0x000067b4       0x58 ./SDK/platform/system/src/clock/MKL25Z4/fsl_clock_MKL25Z4.o
 .text.SIM_HAL_DisableClock
                0x0000680c       0x4c ./SDK/platform/system/src/clock/MKL25Z4/fsl_clock_MKL25Z4.o
 .text.SIM_HAL_GetGateCmd
                0x00006858       0x50 ./SDK/platform/system/src/clock/MKL25Z4/fsl_clock_MKL25Z4.o
 .text.CLOCK_HAL_GetLpsciSrc
                0x000068a8       0x28 ./SDK/platform/system/src/clock/MKL25Z4/fsl_clock_MKL25Z4.o
 .text.CLOCK_HAL_GetExternalRefClock32kSrc
                0x000068d0       0x20 ./SDK/platform/system/src/clock/MKL25Z4/fsl_clock_MKL25Z4.o
 .text.CLOCK_HAL_GetPllfllSel
                0x000068f0       0x24 ./SDK/platform/system/src/clock/MKL25Z4/fsl_clock_MKL25Z4.o
 .text.CLOCK_HAL_GetOutDiv1
                0x00006914       0x28 ./SDK/platform/system/src/clock/MKL25Z4/fsl_clock_MKL25Z4.o
 .text.CLOCK_HAL_GetOutDiv4
                0x0000693c       0x28 ./SDK/platform/system/src/clock/MKL25Z4/fsl_clock_MKL25Z4.o
 .text.CLOCK_SYS_GetLpoClockFreq
                0x00006964       0x10 ./SDK/platform/system/src/clock/MKL25Z4/fsl_clock_MKL25Z4.o
 .text.OSC_HAL_GetExternalRefClkCmd
                0x00006974       0x24 ./SDK/platform/system/src/clock/MKL25Z4/fsl_clock_MKL25Z4.o
 .text.CLOCK_SYS_GetCoreClockFreq
                0x00006998       0x34 ./SDK/platform/system/src/clock/MKL25Z4/fsl_clock_MKL25Z4.o
                0x00006998                CLOCK_SYS_GetCoreClockFreq
 .text.CLOCK_SYS_GetSystemClockFreq
                0x000069cc       0x34 ./SDK/platform/system/src/clock/MKL25Z4/fsl_clock_MKL25Z4.o
                0x000069cc                CLOCK_SYS_GetSystemClockFreq
 .text.CLOCK_SYS_GetBusClockFreq
                0x00006a00       0x2c ./SDK/platform/system/src/clock/MKL25Z4/fsl_clock_MKL25Z4.o
                0x00006a00                CLOCK_SYS_GetBusClockFreq
 .text.CLOCK_SYS_GetFlashClockFreq
                0x00006a2c       0x2c ./SDK/platform/system/src/clock/MKL25Z4/fsl_clock_MKL25Z4.o
                0x00006a2c                CLOCK_SYS_GetFlashClockFreq
 .text.CLOCK_SYS_GetPllFllClockFreq
                0x00006a58       0x5c ./SDK/platform/system/src/clock/MKL25Z4/fsl_clock_MKL25Z4.o
                0x00006a58                CLOCK_SYS_GetPllFllClockFreq
 .text.CLOCK_SYS_GetExternalRefClock32kFreq
                0x00006ab4       0x6c ./SDK/platform/system/src/clock/MKL25Z4/fsl_clock_MKL25Z4.o
                0x00006ab4                CLOCK_SYS_GetExternalRefClock32kFreq
 .text.CLOCK_SYS_GetOsc0ExternalRefClockFreq
                0x00006b20       0x2c ./SDK/platform/system/src/clock/MKL25Z4/fsl_clock_MKL25Z4.o
                0x00006b20                CLOCK_SYS_GetOsc0ExternalRefClockFreq
 .text.CLOCK_SYS_GetLptmrFreq
                0x00006b4c       0x68 ./SDK/platform/system/src/clock/MKL25Z4/fsl_clock_MKL25Z4.o
                0x00006b4c                CLOCK_SYS_GetLptmrFreq
 .text.CLOCK_SYS_GetI2cFreq
                0x00006bb4       0x28 ./SDK/platform/system/src/clock/MKL25Z4/fsl_clock_MKL25Z4.o
                0x00006bb4                CLOCK_SYS_GetI2cFreq
 .text.CLOCK_SYS_GetLpsciFreq
                0x00006bdc       0x68 ./SDK/platform/system/src/clock/MKL25Z4/fsl_clock_MKL25Z4.o
                0x00006bdc                CLOCK_SYS_GetLpsciFreq
 .text.CLOCK_SYS_GetUartFreq
                0x00006c44       0x2c ./SDK/platform/system/src/clock/MKL25Z4/fsl_clock_MKL25Z4.o
                0x00006c44                CLOCK_SYS_GetUartFreq
 .text.CLOCK_SYS_EnablePortClock
                0x00006c70       0x4c ./SDK/platform/system/src/clock/MKL25Z4/fsl_clock_MKL25Z4.o
                0x00006c70                CLOCK_SYS_EnablePortClock
 .text.CLOCK_SYS_EnableAdcClock
                0x00006cbc       0x40 ./SDK/platform/system/src/clock/MKL25Z4/fsl_clock_MKL25Z4.o
                0x00006cbc                CLOCK_SYS_EnableAdcClock
 .text.CLOCK_SYS_DisableAdcClock
                0x00006cfc       0x40 ./SDK/platform/system/src/clock/MKL25Z4/fsl_clock_MKL25Z4.o
                0x00006cfc                CLOCK_SYS_DisableAdcClock
 .text.CLOCK_SYS_EnableI2cClock
                0x00006d3c       0x4c ./SDK/platform/system/src/clock/MKL25Z4/fsl_clock_MKL25Z4.o
                0x00006d3c                CLOCK_SYS_EnableI2cClock
 .text.CLOCK_SYS_DisableLpsciClock
                0x00006d88       0x40 ./SDK/platform/system/src/clock/MKL25Z4/fsl_clock_MKL25Z4.o
                0x00006d88                CLOCK_SYS_DisableLpsciClock
 .text.CLOCK_SYS_GetLpsciGateCmd
                0x00006dc8       0x44 ./SDK/platform/system/src/clock/MKL25Z4/fsl_clock_MKL25Z4.o
                0x00006dc8                CLOCK_SYS_GetLpsciGateCmd
 .text.CLOCK_SYS_EnableLpsciClock
                0x00006e0c       0x40 ./SDK/platform/system/src/clock/MKL25Z4/fsl_clock_MKL25Z4.o
                0x00006e0c                CLOCK_SYS_EnableLpsciClock
 .text.CLOCK_SYS_EnableUartClock
                0x00006e4c       0x4c ./SDK/platform/system/src/clock/MKL25Z4/fsl_clock_MKL25Z4.o
                0x00006e4c                CLOCK_SYS_EnableUartClock
 .text.CLOCK_SYS_DisableUartClock
                0x00006e98       0x4c ./SDK/platform/system/src/clock/MKL25Z4/fsl_clock_MKL25Z4.o
                0x00006e98                CLOCK_SYS_DisableUartClock
 .text.CLOCK_SYS_GetUartGateCmd
                0x00006ee4       0x50 ./SDK/platform/system/src/clock/MKL25Z4/fsl_clock_MKL25Z4.o
                0x00006ee4                CLOCK_SYS_GetUartGateCmd
 .text.CLOCK_SYS_GetSystickFreq
                0x00006f34       0x28 ./SDK/platform/system/src/clock/fsl_clock_manager.o
                0x00006f34                CLOCK_SYS_GetSystickFreq
 .text.OSA_SemaCreate
                0x00006f5c       0x54 ./SDK/platform/osa/src/fsl_os_abstraction_bm.o
                0x00006f5c                OSA_SemaCreate
 .text.OSA_SemaWait
                0x00006fb0       0xc8 ./SDK/platform/osa/src/fsl_os_abstraction_bm.o
                0x00006fb0                OSA_SemaWait
 .text.OSA_SemaPost
                0x00007078       0x58 ./SDK/platform/osa/src/fsl_os_abstraction_bm.o
                0x00007078                OSA_SemaPost
 .text.OSA_SemaDestroy
                0x000070d0       0x34 ./SDK/platform/osa/src/fsl_os_abstraction_bm.o
                0x000070d0                OSA_SemaDestroy
 .text.OSA_EventSet
                0x00007104       0x4c ./SDK/platform/osa/src/fsl_os_abstraction_bm.o
                0x00007104                OSA_EventSet
 .text.task_init
                0x00007150       0x60 ./SDK/platform/osa/src/fsl_os_abstraction_bm.o
                0x00007150                task_init
 .text.OSA_TimeDelay
                0x000071b0       0x34 ./SDK/platform/osa/src/fsl_os_abstraction_bm.o
                0x000071b0                OSA_TimeDelay
 .text.OSA_InstallIntHandler
                0x000071e4       0x24 ./SDK/platform/osa/src/fsl_os_abstraction_bm.o
                0x000071e4                OSA_InstallIntHandler
 .text.OSA_EnterCritical
                0x00007208       0x24 ./SDK/platform/osa/src/fsl_os_abstraction_bm.o
                0x00007208                OSA_EnterCritical
 .text.OSA_ExitCritical
                0x0000722c       0x24 ./SDK/platform/osa/src/fsl_os_abstraction_bm.o
                0x0000722c                OSA_ExitCritical
 .text.OSA_Init
                0x00007250       0x14 ./SDK/platform/osa/src/fsl_os_abstraction_bm.o
                0x00007250                OSA_Init
 .text.OSA_Start
                0x00007264       0x38 ./SDK/platform/osa/src/fsl_os_abstraction_bm.o
                0x00007264                OSA_Start
 .text.UART_HAL_Init
                0x0000729c       0x38 ./SDK/platform/hal/src/uart/fsl_uart_hal.o
                0x0000729c                UART_HAL_Init
 .text.UART_HAL_SetBaudRate
                0x000072d4       0x6c ./SDK/platform/hal/src/uart/fsl_uart_hal.o
                0x000072d4                UART_HAL_SetBaudRate
 .text.UART_HAL_SetParityMode
                0x00007340       0x40 ./SDK/platform/hal/src/uart/fsl_uart_hal.o
                0x00007340                UART_HAL_SetParityMode
 .text.UART_HAL_Putchar
                0x00007380       0x34 ./SDK/platform/hal/src/uart/fsl_uart_hal.o
                0x00007380                UART_HAL_Putchar
 .text.UART_HAL_Getchar
                0x000073b4       0x34 ./SDK/platform/hal/src/uart/fsl_uart_hal.o
                0x000073b4                UART_HAL_Getchar
 .text.UART_HAL_SetIntMode
                0x000073e8       0xd4 ./SDK/platform/hal/src/uart/fsl_uart_hal.o
                0x000073e8                UART_HAL_SetIntMode
 .text.UART_HAL_GetStatusFlag
                0x000074bc       0x8c ./SDK/platform/hal/src/uart/fsl_uart_hal.o
                0x000074bc                UART_HAL_GetStatusFlag
 .text.UART_HAL_ClearStatusFlag
                0x00007548       0x98 ./SDK/platform/hal/src/uart/fsl_uart_hal.o
                0x00007548                UART_HAL_ClearStatusFlag
 .text.SMC_HAL_SetPowerModeRun
                0x000075e0       0x30 ./SDK/platform/hal/src/smc/fsl_smc_hal.o
 .text.SMC_HAL_SetPowerModeVlpr
                0x00007610       0x30 ./SDK/platform/hal/src/smc/fsl_smc_hal.o
 .text.SMC_HAL_SetMode
                0x00007640      0x17c ./SDK/platform/hal/src/smc/fsl_smc_hal.o
                0x00007640                SMC_HAL_SetMode
 .text.SMC_HAL_GetStat
                0x000077bc       0x18 ./SDK/platform/hal/src/smc/fsl_smc_hal.o
                0x000077bc                SMC_HAL_GetStat
 .text.CLOCK_HAL_GetClkOutStat
                0x000077d4       0x20 ./SDK/platform/hal/src/mcg/fsl_mcg_hal.o
 .text.CLOCK_HAL_IsPllSelected
                0x000077f4       0x24 ./SDK/platform/hal/src/mcg/fsl_mcg_hal.o
 .text.CLOCK_HAL_GetMcgExternalClkFreq
                0x00007818       0x18 ./SDK/platform/hal/src/mcg/fsl_mcg_hal.o
 .text.CLOCK_HAL_TestFllExternalRefFreq
                0x00007830       0x7c ./SDK/platform/hal/src/mcg/fsl_mcg_hal.o
                0x00007830                CLOCK_HAL_TestFllExternalRefFreq
 .text.CLOCK_HAL_GetFllRefClk
                0x000078ac       0x8c ./SDK/platform/hal/src/mcg/fsl_mcg_hal.o
                0x000078ac                CLOCK_HAL_GetFllRefClk
 .text.CLOCK_HAL_TestFllFreq
                0x00007938       0x6c ./SDK/platform/hal/src/mcg/fsl_mcg_hal.o
                0x00007938                CLOCK_HAL_TestFllFreq
 .text.CLOCK_HAL_GetFllClk
                0x000079a4       0x7c ./SDK/platform/hal/src/mcg/fsl_mcg_hal.o
                0x000079a4                CLOCK_HAL_GetFllClk
 .text.CLOCK_HAL_GetPll0RefFreq
                0x00007a20       0x1c ./SDK/platform/hal/src/mcg/fsl_mcg_hal.o
                0x00007a20                CLOCK_HAL_GetPll0RefFreq
 .text.CLOCK_HAL_GetPll0Clk
                0x00007a3c       0x90 ./SDK/platform/hal/src/mcg/fsl_mcg_hal.o
                0x00007a3c                CLOCK_HAL_GetPll0Clk
 .text.CLOCK_HAL_GetInternalRefClk
                0x00007acc       0x64 ./SDK/platform/hal/src/mcg/fsl_mcg_hal.o
                0x00007acc                CLOCK_HAL_GetInternalRefClk
 .text.CLOCK_HAL_GetOutClk
                0x00007b30       0x7c ./SDK/platform/hal/src/mcg/fsl_mcg_hal.o
                0x00007b30                CLOCK_HAL_GetOutClk
 .text.CLOCK_HAL_GetClkOutStat
                0x00007bac       0x20 ./SDK/platform/hal/src/mcg/fsl_mcg_hal_modes.o
 .text.CLOCK_HAL_GetFllSrc
                0x00007bcc       0x20 ./SDK/platform/hal/src/mcg/fsl_mcg_hal_modes.o
 .text.CLOCK_HAL_IsPllSelected
                0x00007bec       0x24 ./SDK/platform/hal/src/mcg/fsl_mcg_hal_modes.o
 .text.CLOCK_HAL_GetMcgMode
                0x00007c10      0x148 ./SDK/platform/hal/src/mcg/fsl_mcg_hal_modes.o
                0x00007c10                CLOCK_HAL_GetMcgMode
 .text.LPTMR_HAL_SetTimerWorkingMode
                0x00007d58       0x5c ./SDK/platform/hal/src/lptmr/fsl_lptmr_hal.o
                0x00007d58                LPTMR_HAL_SetTimerWorkingMode
 .text.LPTMR_HAL_SetPrescalerMode
                0x00007db4       0x3c ./SDK/platform/hal/src/lptmr/fsl_lptmr_hal.o
                0x00007db4                LPTMR_HAL_SetPrescalerMode
 .text.LPSCI_HAL_Init
                0x00007df0       0x4c ./SDK/platform/hal/src/lpsci/fsl_lpsci_hal.o
                0x00007df0                LPSCI_HAL_Init
 .text.LPSCI_HAL_SetBaudRate
                0x00007e3c      0x14c ./SDK/platform/hal/src/lpsci/fsl_lpsci_hal.o
                0x00007e3c                LPSCI_HAL_SetBaudRate
 .text.LPSCI_HAL_SetParityMode
                0x00007f88       0x40 ./SDK/platform/hal/src/lpsci/fsl_lpsci_hal.o
                0x00007f88                LPSCI_HAL_SetParityMode
 .text.LPSCI_HAL_SetIntMode
                0x00007fc8       0xd4 ./SDK/platform/hal/src/lpsci/fsl_lpsci_hal.o
                0x00007fc8                LPSCI_HAL_SetIntMode
 .text.LPSCI_HAL_GetStatusFlag
                0x0000809c       0x8c ./SDK/platform/hal/src/lpsci/fsl_lpsci_hal.o
                0x0000809c                LPSCI_HAL_GetStatusFlag
 .text.LPSCI_HAL_ClearStatusFlag
                0x00008128       0xb8 ./SDK/platform/hal/src/lpsci/fsl_lpsci_hal.o
                0x00008128                LPSCI_HAL_ClearStatusFlag
 .text.LLWU_HAL_SetInternalModuleCmd
                0x000081e0       0x58 ./SDK/platform/hal/src/llwu/fsl_llwu_hal.o
                0x000081e0                LLWU_HAL_SetInternalModuleCmd
 .text.LLWU_HAL_GetInternalModuleWakeupFlag
                0x00008238       0x3c ./SDK/platform/hal/src/llwu/fsl_llwu_hal.o
                0x00008238                LLWU_HAL_GetInternalModuleWakeupFlag
 .text.I2C_HAL_GetStatusFlag
                0x00008274       0x34 ./SDK/platform/hal/src/i2c/fsl_i2c_hal.o
 .text.I2C_HAL_Init
                0x000082a8       0x50 ./SDK/platform/hal/src/i2c/fsl_i2c_hal.o
                0x000082a8                I2C_HAL_Init
 .text.I2C_HAL_SetBaudRate
                0x000082f8       0xe0 ./SDK/platform/hal/src/i2c/fsl_i2c_hal.o
                0x000082f8                I2C_HAL_SetBaudRate
 .text.I2C_HAL_SendStart
                0x000083d8       0x8c ./SDK/platform/hal/src/i2c/fsl_i2c_hal.o
                0x000083d8                I2C_HAL_SendStart
 .text.I2C_HAL_SendStop
                0x00008464       0x78 ./SDK/platform/hal/src/i2c/fsl_i2c_hal.o
                0x00008464                I2C_HAL_SendStop
 .text.GPIO_HAL_SetPinDir
                0x000084dc       0x6c ./SDK/platform/hal/src/gpio/fsl_gpio_hal.o
                0x000084dc                GPIO_HAL_SetPinDir
 .text.GPIO_HAL_WritePinOutput
                0x00008548       0x50 ./SDK/platform/hal/src/gpio/fsl_gpio_hal.o
                0x00008548                GPIO_HAL_WritePinOutput
 .text.ADC16_HAL_Init
                0x00008598       0x34 ./SDK/platform/hal/src/adc16/fsl_adc16_hal.o
                0x00008598                ADC16_HAL_Init
 .text.ADC16_HAL_GetAutoPlusSideGainValue
                0x000085cc       0xe4 ./SDK/platform/hal/src/adc16/fsl_adc16_hal.o
                0x000085cc                ADC16_HAL_GetAutoPlusSideGainValue
 .text.ADC16_HAL_GetAutoMinusSideGainValue
                0x000086b0       0xe4 ./SDK/platform/hal/src/adc16/fsl_adc16_hal.o
                0x000086b0                ADC16_HAL_GetAutoMinusSideGainValue
 .text.ADC16_HAL_ConfigChn
                0x00008794       0x94 ./SDK/platform/hal/src/adc16/fsl_adc16_hal.o
                0x00008794                ADC16_HAL_ConfigChn
 .text.ADC16_HAL_ConfigConverter
                0x00008828      0x1d0 ./SDK/platform/hal/src/adc16/fsl_adc16_hal.o
                0x00008828                ADC16_HAL_ConfigConverter
 .text.ADC16_HAL_ConfigHwAverage
                0x000089f8       0x68 ./SDK/platform/hal/src/adc16/fsl_adc16_hal.o
                0x000089f8                ADC16_HAL_ConfigHwAverage
 .text.NVIC_EnableIRQ
                0x00008a60       0x2c ./SDK/platform/drivers/src/uart/fsl_uart_driver.o
 .text.NVIC_DisableIRQ
                0x00008a8c       0x2c ./SDK/platform/drivers/src/uart/fsl_uart_driver.o
 .text.UART_HAL_EnableTransmitter
                0x00008ab8       0x1c ./SDK/platform/drivers/src/uart/fsl_uart_driver.o
 .text.UART_HAL_DisableTransmitter
                0x00008ad4       0x1c ./SDK/platform/drivers/src/uart/fsl_uart_driver.o
 .text.UART_HAL_EnableReceiver
                0x00008af0       0x1c ./SDK/platform/drivers/src/uart/fsl_uart_driver.o
 .text.UART_HAL_DisableReceiver
                0x00008b0c       0x1c ./SDK/platform/drivers/src/uart/fsl_uart_driver.o
 .text.UART_HAL_SetBitCountPerChar
                0x00008b28       0x28 ./SDK/platform/drivers/src/uart/fsl_uart_driver.o
 .text.UART_HAL_SetStopBitCount
                0x00008b50       0x28 ./SDK/platform/drivers/src/uart/fsl_uart_driver.o
 .text.INT_SYS_EnableIRQ
                0x00008b78       0x5c ./SDK/platform/drivers/src/uart/fsl_uart_driver.o
 .text.INT_SYS_DisableIRQ
                0x00008bd4       0x5c ./SDK/platform/drivers/src/uart/fsl_uart_driver.o
 .text.UART_DRV_Init
                0x00008c30      0x144 ./SDK/platform/drivers/src/uart/fsl_uart_driver.o
                0x00008c30                UART_DRV_Init
 .text.UART_DRV_Deinit
                0x00008d74       0xf0 ./SDK/platform/drivers/src/uart/fsl_uart_driver.o
                0x00008d74                UART_DRV_Deinit
 .text.UART_DRV_InstallRxCallback
                0x00008e64       0x88 ./SDK/platform/drivers/src/uart/fsl_uart_driver.o
                0x00008e64                UART_DRV_InstallRxCallback
 .text.UART_DRV_InstallTxCallback
                0x00008eec       0x60 ./SDK/platform/drivers/src/uart/fsl_uart_driver.o
                0x00008eec                UART_DRV_InstallTxCallback
 .text.UART_DRV_SendData
                0x00008f4c       0x88 ./SDK/platform/drivers/src/uart/fsl_uart_driver.o
                0x00008f4c                UART_DRV_SendData
 .text.UART_DRV_GetTransmitStatus
                0x00008fd4       0x70 ./SDK/platform/drivers/src/uart/fsl_uart_driver.o
                0x00008fd4                UART_DRV_GetTransmitStatus
 .text.UART_DRV_IRQHandler
                0x00009044      0x16c ./SDK/platform/drivers/src/uart/fsl_uart_driver.o
                0x00009044                UART_DRV_IRQHandler
 .text.UART_DRV_CompleteSendData
                0x000091b0       0x74 ./SDK/platform/drivers/src/uart/fsl_uart_driver.o
 .text.UART_DRV_StartSendData
                0x00009224       0x8c ./SDK/platform/drivers/src/uart/fsl_uart_driver.o
 .text.UART_DRV_CompleteReceiveData
                0x000092b0       0x88 ./SDK/platform/drivers/src/uart/fsl_uart_driver.o
 .text.NVIC_EnableIRQ
                0x00009338       0x2c ./SDK/platform/drivers/src/lptmr/fsl_lptmr_driver.o
 .text.NVIC_DisableIRQ
                0x00009364       0x2c ./SDK/platform/drivers/src/lptmr/fsl_lptmr_driver.o
 .text.LPTMR_HAL_Enable
                0x00009390       0x1c ./SDK/platform/drivers/src/lptmr/fsl_lptmr_driver.o
 .text.LPTMR_HAL_Disable
                0x000093ac       0x1c ./SDK/platform/drivers/src/lptmr/fsl_lptmr_driver.o
 .text.LPTMR_HAL_ClearIntFlag
                0x000093c8       0x1c ./SDK/platform/drivers/src/lptmr/fsl_lptmr_driver.o
 .text.LPTMR_HAL_SetIntCmd
                0x000093e4       0x24 ./SDK/platform/drivers/src/lptmr/fsl_lptmr_driver.o
 .text.LPTMR_HAL_SetCompareValue
                0x00009408       0x20 ./SDK/platform/drivers/src/lptmr/fsl_lptmr_driver.o
 .text.SIM_HAL_EnableClock
                0x00009428       0x58 ./SDK/platform/drivers/src/lptmr/fsl_lptmr_driver.o
 .text.SIM_HAL_GetGateCmd
                0x00009480       0x50 ./SDK/platform/drivers/src/lptmr/fsl_lptmr_driver.o
 .text.INT_SYS_EnableIRQ
                0x000094d0       0x5c ./SDK/platform/drivers/src/lptmr/fsl_lptmr_driver.o
 .text.INT_SYS_DisableIRQ
                0x0000952c       0x5c ./SDK/platform/drivers/src/lptmr/fsl_lptmr_driver.o
 .text.CLOCK_SYS_EnableLptmrClock
                0x00009588       0x1c ./SDK/platform/drivers/src/lptmr/fsl_lptmr_driver.o
 .text.CLOCK_SYS_GetLptmrGateCmd
                0x000095a4       0x20 ./SDK/platform/drivers/src/lptmr/fsl_lptmr_driver.o
 .text.LPTMR_DRV_Init
                0x000095c4      0x180 ./SDK/platform/drivers/src/lptmr/fsl_lptmr_driver.o
                0x000095c4                LPTMR_DRV_Init
 .text.LPTMR_DRV_Start
                0x00009744       0x68 ./SDK/platform/drivers/src/lptmr/fsl_lptmr_driver.o
                0x00009744                LPTMR_DRV_Start
 .text.LPTMR_DRV_Stop
                0x000097ac       0x68 ./SDK/platform/drivers/src/lptmr/fsl_lptmr_driver.o
                0x000097ac                LPTMR_DRV_Stop
 .text.LPTMR_DRV_SetTimerPeriodUs
                0x00009814       0xfc ./SDK/platform/drivers/src/lptmr/fsl_lptmr_driver.o
                0x00009814                LPTMR_DRV_SetTimerPeriodUs
 .text.LPTMR_DRV_InstallCallback
                0x00009910       0x6c ./SDK/platform/drivers/src/lptmr/fsl_lptmr_driver.o
                0x00009910                LPTMR_DRV_InstallCallback
 .text.LPTMR_DRV_IRQHandler
                0x0000997c       0x90 ./SDK/platform/drivers/src/lptmr/fsl_lptmr_driver.o
                0x0000997c                LPTMR_DRV_IRQHandler
 .text.NVIC_EnableIRQ
                0x00009a0c       0x2c ./SDK/platform/drivers/src/lpsci/fsl_lpsci_driver.o
 .text.NVIC_DisableIRQ
                0x00009a38       0x2c ./SDK/platform/drivers/src/lpsci/fsl_lpsci_driver.o
 .text.CLOCK_HAL_SetLpsciSrc
                0x00009a64       0x30 ./SDK/platform/drivers/src/lpsci/fsl_lpsci_driver.o
 .text.CLOCK_SYS_SetLpsciSrc
                0x00009a94       0x2c ./SDK/platform/drivers/src/lpsci/fsl_lpsci_driver.o
 .text.LPSCI_HAL_EnableTransmitter
                0x00009ac0       0x1c ./SDK/platform/drivers/src/lpsci/fsl_lpsci_driver.o
 .text.LPSCI_HAL_DisableTransmitter
                0x00009adc       0x1c ./SDK/platform/drivers/src/lpsci/fsl_lpsci_driver.o
 .text.LPSCI_HAL_EnableReceiver
                0x00009af8       0x1c ./SDK/platform/drivers/src/lpsci/fsl_lpsci_driver.o
 .text.LPSCI_HAL_DisableReceiver
                0x00009b14       0x1c ./SDK/platform/drivers/src/lpsci/fsl_lpsci_driver.o
 .text.LPSCI_HAL_SetBitCountPerChar
                0x00009b30       0x28 ./SDK/platform/drivers/src/lpsci/fsl_lpsci_driver.o
 .text.LPSCI_HAL_SetStopBitCount
                0x00009b58       0x28 ./SDK/platform/drivers/src/lpsci/fsl_lpsci_driver.o
 .text.LPSCI_HAL_Putchar
                0x00009b80       0x1c ./SDK/platform/drivers/src/lpsci/fsl_lpsci_driver.o
 .text.LPSCI_HAL_Getchar
                0x00009b9c       0x1c ./SDK/platform/drivers/src/lpsci/fsl_lpsci_driver.o
 .text.INT_SYS_EnableIRQ
                0x00009bb8       0x5c ./SDK/platform/drivers/src/lpsci/fsl_lpsci_driver.o
 .text.INT_SYS_DisableIRQ
                0x00009c14       0x5c ./SDK/platform/drivers/src/lpsci/fsl_lpsci_driver.o
 .text.LPSCI_DRV_Init
                0x00009c70      0x130 ./SDK/platform/drivers/src/lpsci/fsl_lpsci_driver.o
                0x00009c70                LPSCI_DRV_Init
 .text.LPSCI_DRV_Deinit
                0x00009da0       0xd0 ./SDK/platform/drivers/src/lpsci/fsl_lpsci_driver.o
                0x00009da0                LPSCI_DRV_Deinit
 .text.LPSCI_DRV_SendData
                0x00009e70       0x88 ./SDK/platform/drivers/src/lpsci/fsl_lpsci_driver.o
                0x00009e70                LPSCI_DRV_SendData
 .text.LPSCI_DRV_GetTransmitStatus
                0x00009ef8       0x70 ./SDK/platform/drivers/src/lpsci/fsl_lpsci_driver.o
                0x00009ef8                LPSCI_DRV_GetTransmitStatus
 .text.LPSCI_DRV_ReceiveData
                0x00009f68       0x88 ./SDK/platform/drivers/src/lpsci/fsl_lpsci_driver.o
                0x00009f68                LPSCI_DRV_ReceiveData
 .text.LPSCI_DRV_GetReceiveStatus
                0x00009ff0       0x70 ./SDK/platform/drivers/src/lpsci/fsl_lpsci_driver.o
                0x00009ff0                LPSCI_DRV_GetReceiveStatus
 .text.LPSCI_DRV_IRQHandler
                0x0000a060      0x14c ./SDK/platform/drivers/src/lpsci/fsl_lpsci_driver.o
                0x0000a060                LPSCI_DRV_IRQHandler
 .text.LPSCI_DRV_CompleteSendData
                0x0000a1ac       0x74 ./SDK/platform/drivers/src/lpsci/fsl_lpsci_driver.o
 .text.LPSCI_DRV_StartSendData
                0x0000a220       0x8c ./SDK/platform/drivers/src/lpsci/fsl_lpsci_driver.o
 .text.LPSCI_DRV_CompleteReceiveData
                0x0000a2ac       0x84 ./SDK/platform/drivers/src/lpsci/fsl_lpsci_driver.o
 .text.LPSCI_DRV_StartReceiveData
                0x0000a330       0xa8 ./SDK/platform/drivers/src/lpsci/fsl_lpsci_driver.o
 .text.NVIC_EnableIRQ
                0x0000a3d8       0x2c ./SDK/platform/drivers/src/i2c/fsl_i2c_master_driver.o
 .text.I2C_HAL_Enable
                0x0000a404       0x1c ./SDK/platform/drivers/src/i2c/fsl_i2c_master_driver.o
 .text.I2C_HAL_SendAck
                0x0000a420       0x1c ./SDK/platform/drivers/src/i2c/fsl_i2c_master_driver.o
 .text.I2C_HAL_SendNak
                0x0000a43c       0x1c ./SDK/platform/drivers/src/i2c/fsl_i2c_master_driver.o
 .text.I2C_HAL_SetDirMode
                0x0000a458       0x28 ./SDK/platform/drivers/src/i2c/fsl_i2c_master_driver.o
 .text.I2C_HAL_GetDirMode
                0x0000a480       0x20 ./SDK/platform/drivers/src/i2c/fsl_i2c_master_driver.o
 .text.I2C_HAL_ReadByte
                0x0000a4a0       0x18 ./SDK/platform/drivers/src/i2c/fsl_i2c_master_driver.o
 .text.I2C_HAL_WriteByte
                0x0000a4b8       0x1c ./SDK/platform/drivers/src/i2c/fsl_i2c_master_driver.o
 .text.I2C_HAL_GetStatusFlag
                0x0000a4d4       0x34 ./SDK/platform/drivers/src/i2c/fsl_i2c_master_driver.o
 .text.I2C_HAL_IsMaster
                0x0000a508       0x24 ./SDK/platform/drivers/src/i2c/fsl_i2c_master_driver.o
 .text.I2C_HAL_ClearArbitrationLost
                0x0000a52c       0x14 ./SDK/platform/drivers/src/i2c/fsl_i2c_master_driver.o
 .text.I2C_HAL_SetIntCmd
                0x0000a540       0x28 ./SDK/platform/drivers/src/i2c/fsl_i2c_master_driver.o
 .text.I2C_HAL_ClearInt
                0x0000a568       0x14 ./SDK/platform/drivers/src/i2c/fsl_i2c_master_driver.o
 .text.INT_SYS_EnableIRQ
                0x0000a57c       0x5c ./SDK/platform/drivers/src/i2c/fsl_i2c_master_driver.o
 .text.I2C_DRV_MasterInit
                0x0000a5d8       0xc4 ./SDK/platform/drivers/src/i2c/fsl_i2c_master_driver.o
                0x0000a5d8                I2C_DRV_MasterInit
 .text.I2C_DRV_MasterSetBaudRate
                0x0000a69c       0x98 ./SDK/platform/drivers/src/i2c/fsl_i2c_master_driver.o
                0x0000a69c                I2C_DRV_MasterSetBaudRate
 .text.I2C_DRV_MasterSendDataBlocking
                0x0000a734       0x34 ./SDK/platform/drivers/src/i2c/fsl_i2c_master_driver.o
                0x0000a734                I2C_DRV_MasterSendDataBlocking
 .text.I2C_DRV_MasterReceiveDataBlocking
                0x0000a768       0x34 ./SDK/platform/drivers/src/i2c/fsl_i2c_master_driver.o
                0x0000a768                I2C_DRV_MasterReceiveDataBlocking
 .text.I2C_DRV_MasterIRQHandler
                0x0000a79c      0x180 ./SDK/platform/drivers/src/i2c/fsl_i2c_master_driver.o
                0x0000a79c                I2C_DRV_MasterIRQHandler
 .text.I2C_DRV_MasterWait
                0x0000a91c       0x78 ./SDK/platform/drivers/src/i2c/fsl_i2c_master_driver.o
 .text.I2C_DRV_CompleteTransfer
                0x0000a994       0x98 ./SDK/platform/drivers/src/i2c/fsl_i2c_master_driver.o
 .text.I2C_DRV_SendAddress
                0x0000aa2c      0x228 ./SDK/platform/drivers/src/i2c/fsl_i2c_master_driver.o
 .text.I2C_DRV_MasterSend
                0x0000ac54      0x1ac ./SDK/platform/drivers/src/i2c/fsl_i2c_master_driver.o
 .text.I2C_DRV_MasterReceive
                0x0000ae00      0x1bc ./SDK/platform/drivers/src/i2c/fsl_i2c_master_driver.o
 .text.I2C_HAL_GetStatusFlag
                0x0000afbc       0x34 ./SDK/platform/drivers/src/i2c/fsl_i2c_shared_function.o
 .text.I2C_HAL_IsMaster
                0x0000aff0       0x24 ./SDK/platform/drivers/src/i2c/fsl_i2c_shared_function.o
 .text.I2C_DRV_IRQHandler
                0x0000b014       0x78 ./SDK/platform/drivers/src/i2c/fsl_i2c_shared_function.o
                0x0000b014                I2C_DRV_IRQHandler
 .text.I2C_HAL_SetDirMode
                0x0000b08c       0x28 ./SDK/platform/drivers/src/i2c/fsl_i2c_slave_driver.o
 .text.I2C_HAL_GetDirMode
                0x0000b0b4       0x20 ./SDK/platform/drivers/src/i2c/fsl_i2c_slave_driver.o
 .text.I2C_HAL_ReadByte
                0x0000b0d4       0x18 ./SDK/platform/drivers/src/i2c/fsl_i2c_slave_driver.o
 .text.I2C_HAL_WriteByte
                0x0000b0ec       0x1c ./SDK/platform/drivers/src/i2c/fsl_i2c_slave_driver.o
 .text.I2C_HAL_GetStatusFlag
                0x0000b108       0x34 ./SDK/platform/drivers/src/i2c/fsl_i2c_slave_driver.o
 .text.I2C_HAL_SetIntCmd
                0x0000b13c       0x28 ./SDK/platform/drivers/src/i2c/fsl_i2c_slave_driver.o
 .text.I2C_HAL_ClearInt
                0x0000b164       0x14 ./SDK/platform/drivers/src/i2c/fsl_i2c_slave_driver.o
 .text.I2C_HAL_GetStopFlag
                0x0000b178       0x24 ./SDK/platform/drivers/src/i2c/fsl_i2c_slave_driver.o
 .text.I2C_HAL_ClearStopFlag
                0x0000b19c       0x1c ./SDK/platform/drivers/src/i2c/fsl_i2c_slave_driver.o
 .text.I2C_HAL_GetStopIntCmd
                0x0000b1b8       0x24 ./SDK/platform/drivers/src/i2c/fsl_i2c_slave_driver.o
 .text.I2C_DRV_SlaveIRQHandler
                0x0000b1dc      0x370 ./SDK/platform/drivers/src/i2c/fsl_i2c_slave_driver.o
                0x0000b1dc                I2C_DRV_SlaveIRQHandler
 .text.NVIC_EnableIRQ
                0x0000b54c       0x2c ./SDK/platform/drivers/src/gpio/fsl_gpio_driver.o
 .text.PORT_HAL_SetPullCmd
                0x0000b578       0x4c ./SDK/platform/drivers/src/gpio/fsl_gpio_driver.o
 .text.PORT_HAL_SetSlewRateMode
                0x0000b5c4       0x4c ./SDK/platform/drivers/src/gpio/fsl_gpio_driver.o
 .text.PORT_HAL_SetPassiveFilterCmd
                0x0000b610       0x4c ./SDK/platform/drivers/src/gpio/fsl_gpio_driver.o
 .text.PORT_HAL_SetDriveStrengthMode
                0x0000b65c       0x4c ./SDK/platform/drivers/src/gpio/fsl_gpio_driver.o
 .text.PORT_HAL_SetMuxMode
                0x0000b6a8       0x4c ./SDK/platform/drivers/src/gpio/fsl_gpio_driver.o
 .text.PORT_HAL_SetPinIntMode
                0x0000b6f4       0x4c ./SDK/platform/drivers/src/gpio/fsl_gpio_driver.o
 .text.GPIO_HAL_SetPinOutput
                0x0000b740       0x3c ./SDK/platform/drivers/src/gpio/fsl_gpio_driver.o
 .text.GPIO_HAL_ClearPinOutput
                0x0000b77c       0x3c ./SDK/platform/drivers/src/gpio/fsl_gpio_driver.o
 .text.GPIO_HAL_TogglePinOutput
                0x0000b7b8       0x3c ./SDK/platform/drivers/src/gpio/fsl_gpio_driver.o
 .text.INT_SYS_EnableIRQ
                0x0000b7f4       0x5c ./SDK/platform/drivers/src/gpio/fsl_gpio_driver.o
 .text.GPIO_DRV_Init
                0x0000b850       0x4c ./SDK/platform/drivers/src/gpio/fsl_gpio_driver.o
                0x0000b850                GPIO_DRV_Init
 .text.GPIO_DRV_InputPinInit
                0x0000b89c       0xc4 ./SDK/platform/drivers/src/gpio/fsl_gpio_driver.o
                0x0000b89c                GPIO_DRV_InputPinInit
 .text.GPIO_DRV_OutputPinInit
                0x0000b960       0x9c ./SDK/platform/drivers/src/gpio/fsl_gpio_driver.o
                0x0000b960                GPIO_DRV_OutputPinInit
 .text.GPIO_DRV_SetPinOutput
                0x0000b9fc       0x38 ./SDK/platform/drivers/src/gpio/fsl_gpio_driver.o
                0x0000b9fc                GPIO_DRV_SetPinOutput
 .text.GPIO_DRV_ClearPinOutput
                0x0000ba34       0x38 ./SDK/platform/drivers/src/gpio/fsl_gpio_driver.o
                0x0000ba34                GPIO_DRV_ClearPinOutput
 .text.GPIO_DRV_TogglePinOutput
                0x0000ba6c       0x38 ./SDK/platform/drivers/src/gpio/fsl_gpio_driver.o
                0x0000ba6c                GPIO_DRV_TogglePinOutput
 .text.NVIC_EnableIRQ
                0x0000baa4       0x2c ./SDK/platform/drivers/src/adc16/fsl_adc16_driver.o
 .text.NVIC_DisableIRQ
                0x0000bad0       0x2c ./SDK/platform/drivers/src/adc16/fsl_adc16_driver.o
 .text.ADC16_HAL_GetChnConvCompletedFlag
                0x0000bafc       0x4c ./SDK/platform/drivers/src/adc16/fsl_adc16_driver.o
 .text.ADC16_HAL_GetChnConvValue
                0x0000bb48       0x48 ./SDK/platform/drivers/src/adc16/fsl_adc16_driver.o
 .text.ADC16_HAL_SetAutoCalibrationCmd
                0x0000bb90       0x30 ./SDK/platform/drivers/src/adc16/fsl_adc16_driver.o
 .text.ADC16_HAL_GetAutoCalibrationFailedFlag
                0x0000bbc0       0x24 ./SDK/platform/drivers/src/adc16/fsl_adc16_driver.o
 .text.ADC16_HAL_SetPlusSideGainValue
                0x0000bbe4       0x28 ./SDK/platform/drivers/src/adc16/fsl_adc16_driver.o
 .text.ADC16_HAL_SetMinusSideGainValue
                0x0000bc0c       0x28 ./SDK/platform/drivers/src/adc16/fsl_adc16_driver.o
 .text.ADC16_HAL_GetOffsetValue
                0x0000bc34       0x20 ./SDK/platform/drivers/src/adc16/fsl_adc16_driver.o
 .text.ADC16_HAL_SetOffsetValue
                0x0000bc54       0x28 ./SDK/platform/drivers/src/adc16/fsl_adc16_driver.o
 .text.INT_SYS_EnableIRQ
                0x0000bc7c       0x5c ./SDK/platform/drivers/src/adc16/fsl_adc16_driver.o
 .text.INT_SYS_DisableIRQ
                0x0000bcd8       0x5c ./SDK/platform/drivers/src/adc16/fsl_adc16_driver.o
 .text.ADC16_DRV_GetAutoCalibrationParam
                0x0000bd34       0xdc ./SDK/platform/drivers/src/adc16/fsl_adc16_driver.o
                0x0000bd34                ADC16_DRV_GetAutoCalibrationParam
 .text.ADC16_DRV_SetCalibrationParam
                0x0000be10       0x78 ./SDK/platform/drivers/src/adc16/fsl_adc16_driver.o
                0x0000be10                ADC16_DRV_SetCalibrationParam
 .text.ADC16_DRV_Init
                0x0000be88       0x7c ./SDK/platform/drivers/src/adc16/fsl_adc16_driver.o
                0x0000be88                ADC16_DRV_Init
 .text.ADC16_DRV_Deinit
                0x0000bf04       0x64 ./SDK/platform/drivers/src/adc16/fsl_adc16_driver.o
                0x0000bf04                ADC16_DRV_Deinit
 .text.ADC16_DRV_ConfigHwAverage
                0x0000bf68       0x58 ./SDK/platform/drivers/src/adc16/fsl_adc16_driver.o
                0x0000bf68                ADC16_DRV_ConfigHwAverage
 .text.ADC16_DRV_ConfigConvChn
                0x0000bfc0       0x60 ./SDK/platform/drivers/src/adc16/fsl_adc16_driver.o
                0x0000bfc0                ADC16_DRV_ConfigConvChn
 .text.ADC16_DRV_WaitConvDone
                0x0000c020       0x58 ./SDK/platform/drivers/src/adc16/fsl_adc16_driver.o
                0x0000c020                ADC16_DRV_WaitConvDone
 .text.ADC16_DRV_GetConvValueRAW
                0x0000c078       0x50 ./SDK/platform/drivers/src/adc16/fsl_adc16_driver.o
                0x0000c078                ADC16_DRV_GetConvValueRAW
 .text.SystemInit
                0x0000c0c8      0x134 ./SDK/platform/devices/MKL25Z4/startup/system_MKL25Z4.o
                0x0000c0c8                SystemInit
 .text.init_data_bss
                0x0000c1fc       0xc8 ./SDK/platform/devices/startup.o
                0x0000c1fc                init_data_bss
 .text.NVIC_EnableIRQ
                0x0000c2c4       0x2c ./Generated_Code/Cpu.o
 .text.NVIC_SetPriority
                0x0000c2f0       0xe0 ./Generated_Code/Cpu.o
 .text.INT_SYS_EnableIRQ
                0x0000c3d0       0x5c ./Generated_Code/Cpu.o
 .text.Components_Init
                0x0000c42c      0x114 ./Generated_Code/Cpu.o
                0x0000c42c                Components_Init
 .text.UART0_IRQHandler
                0x0000c540       0x10 ./Generated_Code/LPSCI_0.o
                0x0000c540                UART0_IRQHandler
 .text.LPTMR0_IRQHandler
                0x0000c550       0x10 ./Generated_Code/LPTMR_0.o
                0x0000c550                LPTMR0_IRQHandler
 .text.UART1_IRQHandler
                0x0000c560       0x10 ./Generated_Code/UART_1.o
                0x0000c560                UART1_IRQHandler
 .text.SIM_HAL_EnableClock
                0x0000c570       0x58 ./Generated_Code/hardware_init.o
 .text.hardware_init
                0x0000c5c8       0xa8 ./Generated_Code/hardware_init.o
                0x0000c5c8                hardware_init
 .text.NVIC_SetPriority
                0x0000c670       0xe0 ./Generated_Code/osa1.o
 .text.CLOCK_SYS_SetSystickSrc
                0x0000c750       0x30 ./Generated_Code/osa1.o
 .text.SysTick_Handler
                0x0000c780       0x1c ./Generated_Code/osa1.o
                0x0000c780                SysTick_Handler
 *fill*         0x0000c79c        0x4 
 .text.OSA_TimeInit
                0x0000c7a0       0xa0 ./Generated_Code/osa1.o
                0x0000c7a0                OSA_TimeInit
 .text.OSA_TimeDiff
                0x0000c840       0x30 ./Generated_Code/osa1.o
                0x0000c840                OSA_TimeDiff
 .text.OSA_TimeGetMsec
                0x0000c870       0x14 ./Generated_Code/osa1.o
                0x0000c870                OSA_TimeGetMsec
 .text.PORT_HAL_SetMuxMode
                0x0000c884       0x4c ./Generated_Code/pin_init.o
 .text.SIM_HAL_SetUartRxSrcMode
                0x0000c8d0       0x2c ./Generated_Code/pin_init.o
 .text.SIM_HAL_SetLpsciRxSrcMode
                0x0000c8fc       0x2c ./Generated_Code/pin_init.o
 .text.init_adc_pins
                0x0000c928       0x38 ./Generated_Code/pin_init.o
                0x0000c928                init_adc_pins
 .text.init_gpio_pins
                0x0000c960       0x94 ./Generated_Code/pin_init.o
                0x0000c960                init_gpio_pins
 .text.init_i2c_pins
                0x0000c9f4       0x34 ./Generated_Code/pin_init.o
                0x0000c9f4                init_i2c_pins
 .text.init_llwu_pins
                0x0000ca28       0x20 ./Generated_Code/pin_init.o
                0x0000ca28                init_llwu_pins
 .text.init_osc_pins
                0x0000ca48       0x2c ./Generated_Code/pin_init.o
                0x0000ca48                init_osc_pins
 .text.init_rcm_pins
                0x0000ca74       0x20 ./Generated_Code/pin_init.o
                0x0000ca74                init_rcm_pins
 .text.init_rtc_pins
                0x0000ca94       0x20 ./Generated_Code/pin_init.o
                0x0000ca94                init_rtc_pins
 .text.init_sim_pins
                0x0000cab4       0x20 ./Generated_Code/pin_init.o
                0x0000cab4                init_sim_pins
 .text.init_swd_pins
                0x0000cad4       0x2c ./Generated_Code/pin_init.o
                0x0000cad4                init_swd_pins
 .text.init_tsi_pins
                0x0000cb00       0x38 ./Generated_Code/pin_init.o
                0x0000cb00                init_tsi_pins
 .text.init_uart_pins
                0x0000cb38       0x44 ./Generated_Code/pin_init.o
                0x0000cb38                init_uart_pins
 .text.init_uart0_pins
                0x0000cb7c       0x3c ./Generated_Code/pin_init.o
                0x0000cb7c                init_uart0_pins
 .text.__assert_func
                0x0000cbb8       0x3c c:/freescale/kds_v3/toolchain/bin/../lib/gcc/arm-none-eabi/4.8.4/../../../../arm-none-eabi/lib/armv6-m\libg_s.a(lib_a-assert.o)
                0x0000cbb8                __assert_func
 .text.atoi     0x0000cbf4        0xc c:/freescale/kds_v3/toolchain/bin/../lib/gcc/arm-none-eabi/4.8.4/../../../../arm-none-eabi/lib/armv6-m\libg_s.a(lib_a-atoi.o)
                0x0000cbf4                atoi
 .text.__errno  0x0000cc00        0xc c:/freescale/kds_v3/toolchain/bin/../lib/gcc/arm-none-eabi/4.8.4/../../../../arm-none-eabi/lib/armv6-m\libg_s.a(lib_a-errno.o)
                0x0000cc00                __errno
 .text.exit     0x0000cc0c       0x2c c:/freescale/kds_v3/toolchain/bin/../lib/gcc/arm-none-eabi/4.8.4/../../../../arm-none-eabi/lib/armv6-m\libg_s.a(lib_a-exit.o)
                0x0000cc0c                exit
 .text.fprintf  0x0000cc38       0x24 c:/freescale/kds_v3/toolchain/bin/../lib/gcc/arm-none-eabi/4.8.4/../../../../arm-none-eabi/lib/armv6-m\libg_s.a(lib_a-fprintf.o)
                0x0000cc38                fiprintf
                0x0000cc38                fprintf
 .text.__libc_init_array
                0x0000cc5c       0x4c c:/freescale/kds_v3/toolchain/bin/../lib/gcc/arm-none-eabi/4.8.4/../../../../arm-none-eabi/lib/armv6-m\libg_s.a(lib_a-init.o)
                0x0000cc5c                __libc_init_array
 .text.memcpy   0x0000cca8       0x12 c:/freescale/kds_v3/toolchain/bin/../lib/gcc/arm-none-eabi/4.8.4/../../../../arm-none-eabi/lib/armv6-m\libg_s.a(lib_a-memcpy-stub.o)
                0x0000cca8                memcpy
 .text.memset   0x0000ccba       0x10 c:/freescale/kds_v3/toolchain/bin/../lib/gcc/arm-none-eabi/4.8.4/../../../../arm-none-eabi/lib/armv6-m\libg_s.a(lib_a-memset.o)
                0x0000ccba                memset
 *fill*         0x0000ccca        0x2 
 .text._free_r  0x0000cccc       0x90 c:/freescale/kds_v3/toolchain/bin/../lib/gcc/arm-none-eabi/4.8.4/../../../../arm-none-eabi/lib/armv6-m\libg_s.a(lib_a-nano-freer.o)
                0x0000cccc                _free_r
 .text._malloc_r
                0x0000cd5c       0xa8 c:/freescale/kds_v3/toolchain/bin/../lib/gcc/arm-none-eabi/4.8.4/../../../../arm-none-eabi/lib/armv6-m\libg_s.a(lib_a-nano-mallocr.o)
                0x0000cd5c                _malloc_r
 .text._sbrk_r  0x0000ce04       0x24 c:/freescale/kds_v3/toolchain/bin/../lib/gcc/arm-none-eabi/4.8.4/../../../../arm-none-eabi/lib/armv6-m\libg_s.a(lib_a-sbrkr.o)
                0x0000ce04                _sbrk_r
 .text.sprintf  0x0000ce28       0x44 c:/freescale/kds_v3/toolchain/bin/../lib/gcc/arm-none-eabi/4.8.4/../../../../arm-none-eabi/lib/armv6-m\libg_s.a(lib_a-sprintf.o)
                0x0000ce28                siprintf
                0x0000ce28                sprintf
 .text.strlen   0x0000ce6c        0xe c:/freescale/kds_v3/toolchain/bin/../lib/gcc/arm-none-eabi/4.8.4/../../../../arm-none-eabi/lib/armv6-m\libg_s.a(lib_a-strlen.o)
                0x0000ce6c                strlen
 *fill*         0x0000ce7a        0x2 
 .text._strtol_r
                0x0000ce7c      0x114 c:/freescale/kds_v3/toolchain/bin/../lib/gcc/arm-none-eabi/4.8.4/../../../../arm-none-eabi/lib/armv6-m\libg_s.a(lib_a-strtol.o)
                0x0000ce7c                _strtol_r
 .text.strtol   0x0000cf90       0x1c c:/freescale/kds_v3/toolchain/bin/../lib/gcc/arm-none-eabi/4.8.4/../../../../arm-none-eabi/lib/armv6-m\libg_s.a(lib_a-strtol.o)
                0x0000cf90                strtol
 .text.__ssputs_r
                0x0000cfac       0xc0 c:/freescale/kds_v3/toolchain/bin/../lib/gcc/arm-none-eabi/4.8.4/../../../../arm-none-eabi/lib/armv6-m\libg_s.a(lib_a-svfprintf.o)
                0x0000cfac                __ssputs_r
 .text._svfprintf_r
                0x0000d06c      0x1e0 c:/freescale/kds_v3/toolchain/bin/../lib/gcc/arm-none-eabi/4.8.4/../../../../arm-none-eabi/lib/armv6-m\libg_s.a(lib_a-svfprintf.o)
                0x0000d06c                _svfiprintf_r
                0x0000d06c                _svfprintf_r
 .text.__sfputc_r
                0x0000d24c       0x2a c:/freescale/kds_v3/toolchain/bin/../lib/gcc/arm-none-eabi/4.8.4/../../../../arm-none-eabi/lib/armv6-m\libg_s.a(lib_a-vfprintf.o)
 .text.__sfputs_r
                0x0000d276       0x24 c:/freescale/kds_v3/toolchain/bin/../lib/gcc/arm-none-eabi/4.8.4/../../../../arm-none-eabi/lib/armv6-m\libg_s.a(lib_a-vfprintf.o)
                0x0000d276                __sfputs_r
 *fill*         0x0000d29a        0x2 
 .text._vfprintf_r
                0x0000d29c      0x210 c:/freescale/kds_v3/toolchain/bin/../lib/gcc/arm-none-eabi/4.8.4/../../../../arm-none-eabi/lib/armv6-m\libg_s.a(lib_a-vfprintf.o)
                0x0000d29c                _vfprintf_r
                0x0000d29c                _vfiprintf_r
 .text._printf_common
                0x0000d4ac       0xe8 c:/freescale/kds_v3/toolchain/bin/../lib/gcc/arm-none-eabi/4.8.4/../../../../arm-none-eabi/lib/armv6-m\libg_s.a(lib_a-vfprintf_i.o)
                0x0000d4ac                _printf_common
 .text._printf_i
                0x0000d594      0x22c c:/freescale/kds_v3/toolchain/bin/../lib/gcc/arm-none-eabi/4.8.4/../../../../arm-none-eabi/lib/armv6-m\libg_s.a(lib_a-vfprintf_i.o)
                0x0000d594                _printf_i
 .text.__swbuf_r
                0x0000d7c0       0xb0 c:/freescale/kds_v3/toolchain/bin/../lib/gcc/arm-none-eabi/4.8.4/../../../../arm-none-eabi/lib/armv6-m\libg_s.a(lib_a-wbuf.o)
                0x0000d7c0                __swbuf_r
 .text.__swsetup_r
                0x0000d870       0xe4 c:/freescale/kds_v3/toolchain/bin/../lib/gcc/arm-none-eabi/4.8.4/../../../../arm-none-eabi/lib/armv6-m\libg_s.a(lib_a-wsetup.o)
                0x0000d870                __swsetup_r
 .text.abort    0x0000d954        0xe c:/freescale/kds_v3/toolchain/bin/../lib/gcc/arm-none-eabi/4.8.4/../../../../arm-none-eabi/lib/armv6-m\libg_s.a(lib_a-abort.o)
                0x0000d954                abort
 .text.__sflush_r
                0x0000d962      0x112 c:/freescale/kds_v3/toolchain/bin/../lib/gcc/arm-none-eabi/4.8.4/../../../../arm-none-eabi/lib/armv6-m\libg_s.a(lib_a-fflush.o)
                0x0000d962                __sflush_r
 .text._fflush_r
                0x0000da74       0x58 c:/freescale/kds_v3/toolchain/bin/../lib/gcc/arm-none-eabi/4.8.4/../../../../arm-none-eabi/lib/armv6-m\libg_s.a(lib_a-fflush.o)
                0x0000da74                _fflush_r
 .text._cleanup_r
                0x0000dacc       0x34 c:/freescale/kds_v3/toolchain/bin/../lib/gcc/arm-none-eabi/4.8.4/../../../../arm-none-eabi/lib/armv6-m\libg_s.a(lib_a-findfp.o)
                0x0000dacc                _cleanup_r
 .text.std.isra.0
                0x0000db00       0x48 c:/freescale/kds_v3/toolchain/bin/../lib/gcc/arm-none-eabi/4.8.4/../../../../arm-none-eabi/lib/armv6-m\libg_s.a(lib_a-findfp.o)
 .text.__sfmoreglue
                0x0000db48       0x2c c:/freescale/kds_v3/toolchain/bin/../lib/gcc/arm-none-eabi/4.8.4/../../../../arm-none-eabi/lib/armv6-m\libg_s.a(lib_a-findfp.o)
                0x0000db48                __sfmoreglue
 .text.__sinit  0x0000db74       0x64 c:/freescale/kds_v3/toolchain/bin/../lib/gcc/arm-none-eabi/4.8.4/../../../../arm-none-eabi/lib/armv6-m\libg_s.a(lib_a-findfp.o)
                0x0000db74                __sinit
 .text.__sfp    0x0000dbd8       0x7c c:/freescale/kds_v3/toolchain/bin/../lib/gcc/arm-none-eabi/4.8.4/../../../../arm-none-eabi/lib/armv6-m\libg_s.a(lib_a-findfp.o)
                0x0000dbd8                __sfp
 .text.__smakebuf_r
                0x0000dc54       0xa0 c:/freescale/kds_v3/toolchain/bin/../lib/gcc/arm-none-eabi/4.8.4/../../../../arm-none-eabi/lib/armv6-m\libg_s.a(lib_a-makebuf.o)
                0x0000dc54                __smakebuf_r
 .text.memchr   0x0000dcf4       0x16 c:/freescale/kds_v3/toolchain/bin/../lib/gcc/arm-none-eabi/4.8.4/../../../../arm-none-eabi/lib/armv6-m\libg_s.a(lib_a-memchr-stub.o)
                0x0000dcf4                memchr
 .text.memmove  0x0000dd0a       0x32 c:/freescale/kds_v3/toolchain/bin/../lib/gcc/arm-none-eabi/4.8.4/../../../../arm-none-eabi/lib/armv6-m\libg_s.a(lib_a-memmove.o)
                0x0000dd0a                memmove
 .text._realloc_r
                0x0000dd3c       0x4c c:/freescale/kds_v3/toolchain/bin/../lib/gcc/arm-none-eabi/4.8.4/../../../../arm-none-eabi/lib/armv6-m\libg_s.a(lib_a-nano-reallocr.o)
                0x0000dd3c                _realloc_r
 .text._raise_r
                0x0000dd88       0x56 c:/freescale/kds_v3/toolchain/bin/../lib/gcc/arm-none-eabi/4.8.4/../../../../arm-none-eabi/lib/armv6-m\libg_s.a(lib_a-signal.o)
                0x0000dd88                _raise_r
 *fill*         0x0000ddde        0x2 
 .text.raise    0x0000dde0       0x14 c:/freescale/kds_v3/toolchain/bin/../lib/gcc/arm-none-eabi/4.8.4/../../../../arm-none-eabi/lib/armv6-m\libg_s.a(lib_a-signal.o)
                0x0000dde0                raise
 .text._kill_r  0x0000ddf4       0x24 c:/freescale/kds_v3/toolchain/bin/../lib/gcc/arm-none-eabi/4.8.4/../../../../arm-none-eabi/lib/armv6-m\libg_s.a(lib_a-signalr.o)
                0x0000ddf4                _kill_r
 .text._getpid_r
                0x0000de18        0x8 c:/freescale/kds_v3/toolchain/bin/../lib/gcc/arm-none-eabi/4.8.4/../../../../arm-none-eabi/lib/armv6-m\libg_s.a(lib_a-signalr.o)
                0x0000de18                _getpid_r
 .text.__sread  0x0000de20       0x28 c:/freescale/kds_v3/toolchain/bin/../lib/gcc/arm-none-eabi/4.8.4/../../../../arm-none-eabi/lib/armv6-m\libg_s.a(lib_a-stdio.o)
                0x0000de20                __sread
 .text.__swrite
                0x0000de48       0x38 c:/freescale/kds_v3/toolchain/bin/../lib/gcc/arm-none-eabi/4.8.4/../../../../arm-none-eabi/lib/armv6-m\libg_s.a(lib_a-stdio.o)
                0x0000de48                __swrite
 .text.__sseek  0x0000de80       0x2c c:/freescale/kds_v3/toolchain/bin/../lib/gcc/arm-none-eabi/4.8.4/../../../../arm-none-eabi/lib/armv6-m\libg_s.a(lib_a-stdio.o)
                0x0000de80                __sseek
 .text.__sclose
                0x0000deac        0xc c:/freescale/kds_v3/toolchain/bin/../lib/gcc/arm-none-eabi/4.8.4/../../../../arm-none-eabi/lib/armv6-m\libg_s.a(lib_a-stdio.o)
                0x0000deac                __sclose
 .text._write_r
                0x0000deb8       0x28 c:/freescale/kds_v3/toolchain/bin/../lib/gcc/arm-none-eabi/4.8.4/../../../../arm-none-eabi/lib/armv6-m\libg_s.a(lib_a-writer.o)
                0x0000deb8                _write_r
 .text._close_r
                0x0000dee0       0x24 c:/freescale/kds_v3/toolchain/bin/../lib/gcc/arm-none-eabi/4.8.4/../../../../arm-none-eabi/lib/armv6-m\libg_s.a(lib_a-closer.o)
                0x0000dee0                _close_r
 .text._fstat_r
                0x0000df04       0x24 c:/freescale/kds_v3/toolchain/bin/../lib/gcc/arm-none-eabi/4.8.4/../../../../arm-none-eabi/lib/armv6-m\libg_s.a(lib_a-fstatr.o)
                0x0000df04                _fstat_r
 .text._isatty_r
                0x0000df28       0x24 c:/freescale/kds_v3/toolchain/bin/../lib/gcc/arm-none-eabi/4.8.4/../../../../arm-none-eabi/lib/armv6-m\libg_s.a(lib_a-isattyr.o)
                0x0000df28                _isatty_r
 .text._lseek_r
                0x0000df4c       0x28 c:/freescale/kds_v3/toolchain/bin/../lib/gcc/arm-none-eabi/4.8.4/../../../../arm-none-eabi/lib/armv6-m\libg_s.a(lib_a-lseekr.o)
                0x0000df4c                _lseek_r
 .text._malloc_usable_size_r
                0x0000df74       0x12 c:/freescale/kds_v3/toolchain/bin/../lib/gcc/arm-none-eabi/4.8.4/../../../../arm-none-eabi/lib/armv6-m\libg_s.a(lib_a-nano-msizer.o)
                0x0000df74                _malloc_usable_size_r
 *fill*         0x0000df86        0x2 
 .text._read_r  0x0000df88       0x28 c:/freescale/kds_v3/toolchain/bin/../lib/gcc/arm-none-eabi/4.8.4/../../../../arm-none-eabi/lib/armv6-m\libg_s.a(lib_a-readr.o)
                0x0000df88                _read_r
 .text._close   0x0000dfb0       0x10 c:/freescale/kds_v3/toolchain/bin/../lib/gcc/arm-none-eabi/4.8.4/../../../../arm-none-eabi/lib/armv6-m\libnosys.a(close.o)
                0x0000dfb0                _close
 .text._fstat   0x0000dfc0       0x10 c:/freescale/kds_v3/toolchain/bin/../lib/gcc/arm-none-eabi/4.8.4/../../../../arm-none-eabi/lib/armv6-m\libnosys.a(fstat.o)
                0x0000dfc0                _fstat
 .text._getpid  0x0000dfd0       0x10 c:/freescale/kds_v3/toolchain/bin/../lib/gcc/arm-none-eabi/4.8.4/../../../../arm-none-eabi/lib/armv6-m\libnosys.a(getpid.o)
                0x0000dfd0                _getpid
 .text._isatty  0x0000dfe0       0x10 c:/freescale/kds_v3/toolchain/bin/../lib/gcc/arm-none-eabi/4.8.4/../../../../arm-none-eabi/lib/armv6-m\libnosys.a(isatty.o)
                0x0000dfe0                _isatty
 .text._kill    0x0000dff0       0x10 c:/freescale/kds_v3/toolchain/bin/../lib/gcc/arm-none-eabi/4.8.4/../../../../arm-none-eabi/lib/armv6-m\libnosys.a(kill.o)
                0x0000dff0                _kill
 .text._lseek   0x0000e000       0x10 c:/freescale/kds_v3/toolchain/bin/../lib/gcc/arm-none-eabi/4.8.4/../../../../arm-none-eabi/lib/armv6-m\libnosys.a(lseek.o)
                0x0000e000                _lseek
 .text._exit    0x0000e010        0x4 c:/freescale/kds_v3/toolchain/bin/../lib/gcc/arm-none-eabi/4.8.4/../../../../arm-none-eabi/lib/armv6-m\libnosys.a(_exit.o)
                0x0000e010                _exit
 *(.rodata)
 .rodata        0x0000e014      0x368 ./Static_Code/System/PE_low_level_init.o
 .rodata        0x0000e37c       0x68 ./Sources/Components/MMA8451Q_Files/accel.o
 .rodata        0x0000e3e4       0x74 ./Sources/Components/MMA8451Q_Files/fxos_api.o
 .rodata        0x0000e458      0x39c ./Sources/Components/LM35.o
 .rodata        0x0000e7f4      0x38c ./Sources/Components/MB7360.o
 .rodata        0x0000eb80      0x7e4 ./Sources/Components/SIM800L.o
 .rodata        0x0000f364        0x8 ./Sources/Components/UTILITIES.o
 .rodata        0x0000f36c      0x824 ./Sources/StateMachine.o
 .rodata        0x0000fb90       0x90 ./SDK/platform/system/src/power/fsl_power_manager.o
 .rodata        0x0000fc20       0x98 ./SDK/platform/system/src/interrupt/fsl_interrupt_manager.o
 .rodata        0x0000fcb8      0x21c ./SDK/platform/system/src/clock/MKL25Z4/fsl_clock_MKL25Z4.o
 .rodata        0x0000fed4       0x64 ./SDK/platform/osa/src/fsl_os_abstraction_bm.o
 .rodata        0x0000ff38       0x48 ./SDK/platform/hal/src/i2c/fsl_i2c_hal.o
 .rodata        0x0000ff80       0x38 ./SDK/platform/hal/src/gpio/fsl_gpio_hal.o
 .rodata        0x0000ffb8       0x68 ./SDK/platform/hal/src/adc16/fsl_adc16_hal.o
 .rodata        0x00010020      0x128 ./SDK/platform/drivers/src/uart/fsl_uart_driver.o
 .rodata        0x00010148      0x128 ./SDK/platform/drivers/src/lptmr/fsl_lptmr_driver.o
 .rodata        0x00010270      0x118 ./SDK/platform/drivers/src/lpsci/fsl_lpsci_driver.o
 .rodata        0x00010388      0x104 ./SDK/platform/drivers/src/i2c/fsl_i2c_master_driver.o
 .rodata        0x0001048c       0x5c ./SDK/platform/drivers/src/i2c/fsl_i2c_shared_function.o
 .rodata        0x000104e8       0xfc ./SDK/platform/drivers/src/i2c/fsl_i2c_slave_driver.o
 .rodata        0x000105e4      0x12c ./SDK/platform/drivers/src/gpio/fsl_gpio_driver.o
 .rodata        0x00010710      0x164 ./SDK/platform/drivers/src/adc16/fsl_adc16_driver.o
 .rodata        0x00010874      0x400 ./Generated_Code/Cpu.o
 .rodata        0x00010c74       0x2c ./Generated_Code/osa1.o
 .rodata        0x00010ca0       0x50 ./Generated_Code/pin_init.o
 .rodata        0x00010cf0       0x40 c:/freescale/kds_v3/toolchain/bin/../lib/gcc/arm-none-eabi/4.8.4/armv6-m\libgcc.a(divsf3.o)
 .rodata        0x00010d30       0x40 c:/freescale/kds_v3/toolchain/bin/../lib/gcc/arm-none-eabi/4.8.4/armv6-m\libgcc.a(mulsf3.o)
 .rodata        0x00010d70       0x40 c:/freescale/kds_v3/toolchain/bin/../lib/gcc/arm-none-eabi/4.8.4/armv6-m\libgcc.a(divdf3.o)
 .rodata        0x00010db0       0x40 c:/freescale/kds_v3/toolchain/bin/../lib/gcc/arm-none-eabi/4.8.4/armv6-m\libgcc.a(muldf3.o)
 *(.rodata*)
 .rodata.SEND_DATA_SMS_TASK
                0x00010df0       0x24 ./Sources/StateMachine.o
 .rodata.SEND_DATA_GPRS_TASK
                0x00010e14       0x28 ./Sources/StateMachine.o
 .rodata.Application
                0x00010e3c       0x18 ./Sources/StateMachine.o
 .rodata._doprint
                0x00010e54       0xc8 ./SDK/platform/utilities/src/print_scan.o
 .rodata.POWER_SYS_SetMode
                0x00010f1c       0x30 ./SDK/platform/system/src/power/fsl_power_manager.o
 .rodata.__func__.7285
                0x00010f4c       0x1c ./SDK/platform/system/src/power/fsl_power_manager.o
 .rodata.__func__.7289
                0x00010f68       0x20 ./SDK/platform/system/src/power/fsl_power_manager.o
 .rodata.__func__.5068
                0x00010f88       0x18 ./SDK/platform/system/src/interrupt/fsl_interrupt_manager.o
 .rodata.portGateTable
                0x00010fa0        0x8 ./SDK/platform/system/src/clock/MKL25Z4/fsl_clock_MKL25Z4.o
 .rodata.i2cGateTable
                0x00010fa8        0x4 ./SDK/platform/system/src/clock/MKL25Z4/fsl_clock_MKL25Z4.o
 .rodata.uartGateTable
                0x00010fac        0x4 ./SDK/platform/system/src/clock/MKL25Z4/fsl_clock_MKL25Z4.o
 .rodata.__func__.6572
                0x00010fb0       0x1c ./SDK/platform/system/src/clock/MKL25Z4/fsl_clock_MKL25Z4.o
 .rodata.__func__.6585
                0x00010fcc       0x1c ./SDK/platform/system/src/clock/MKL25Z4/fsl_clock_MKL25Z4.o
 .rodata.__func__.6589
                0x00010fe8       0x1c ./SDK/platform/system/src/clock/MKL25Z4/fsl_clock_MKL25Z4.o
 .rodata.__func__.6624
                0x00011004       0x1c ./SDK/platform/system/src/clock/MKL25Z4/fsl_clock_MKL25Z4.o
 .rodata.__func__.6637
                0x00011020       0x1c ./SDK/platform/system/src/clock/MKL25Z4/fsl_clock_MKL25Z4.o
 .rodata.__func__.6641
                0x0001103c       0x1c ./SDK/platform/system/src/clock/MKL25Z4/fsl_clock_MKL25Z4.o
 .rodata.__func__.6645
                0x00011058       0x1c ./SDK/platform/system/src/clock/MKL25Z4/fsl_clock_MKL25Z4.o
 .rodata.__func__.6650
                0x00011074       0x1c ./SDK/platform/system/src/clock/MKL25Z4/fsl_clock_MKL25Z4.o
 .rodata.__func__.6654
                0x00011090       0x1c ./SDK/platform/system/src/clock/MKL25Z4/fsl_clock_MKL25Z4.o
 .rodata.__func__.6658
                0x000110ac       0x1c ./SDK/platform/system/src/clock/MKL25Z4/fsl_clock_MKL25Z4.o
 .rodata.g_oscBase
                0x000110c8        0x4 ./SDK/platform/system/src/clock/fsl_clock_manager_common.o
                0x000110c8                g_oscBase
 .rodata.__func__.6468
                0x000110cc       0x10 ./SDK/platform/osa/src/fsl_os_abstraction_bm.o
 .rodata.__func__.6474
                0x000110dc       0x10 ./SDK/platform/osa/src/fsl_os_abstraction_bm.o
 .rodata.__func__.6478
                0x000110ec       0x10 ./SDK/platform/osa/src/fsl_os_abstraction_bm.o
 .rodata.__func__.6482
                0x000110fc       0x10 ./SDK/platform/osa/src/fsl_os_abstraction_bm.o
 .rodata.__func__.6524
                0x0001110c       0x10 ./SDK/platform/osa/src/fsl_os_abstraction_bm.o
 .rodata.fllFactorTable.5325
                0x0001111c       0x10 ./SDK/platform/hal/src/mcg/fsl_mcg_hal.o
 .rodata.kI2CDividerTable
                0x0001112c       0xc8 ./SDK/platform/hal/src/i2c/fsl_i2c_hal.o
                0x0001112c                kI2CDividerTable
 .rodata.__func__.5300
                0x000111f4       0x14 ./SDK/platform/hal/src/i2c/fsl_i2c_hal.o
 .rodata.__func__.5175
                0x00011208       0x14 ./SDK/platform/hal/src/gpio/fsl_gpio_hal.o
 .rodata.__func__.5181
                0x0001121c       0x18 ./SDK/platform/hal/src/gpio/fsl_gpio_hal.o
 .rodata.__func__.5237
                0x00011234       0x14 ./SDK/platform/hal/src/adc16/fsl_adc16_hal.o
 .rodata.g_uartBase
                0x00011248        0xc ./SDK/platform/drivers/src/uart/fsl_uart_common.o
                0x00011248                g_uartBase
 .rodata.__func__.6888
                0x00011254       0x10 ./SDK/platform/drivers/src/uart/fsl_uart_driver.o
 .rodata.__func__.6861
                0x00011264       0x14 ./SDK/platform/drivers/src/uart/fsl_uart_driver.o
 .rodata.__func__.6894
                0x00011278       0x10 ./SDK/platform/drivers/src/uart/fsl_uart_driver.o
 .rodata.__func__.6865
                0x00011288       0x14 ./SDK/platform/drivers/src/uart/fsl_uart_driver.o
 .rodata.__func__.6907
                0x0001129c       0x1c ./SDK/platform/drivers/src/uart/fsl_uart_driver.o
 .rodata.__func__.6917
                0x000112b8       0x1c ./SDK/platform/drivers/src/uart/fsl_uart_driver.o
 .rodata.__func__.6938
                0x000112d4       0x14 ./SDK/platform/drivers/src/uart/fsl_uart_driver.o
 .rodata.__func__.6945
                0x000112e8       0x1c ./SDK/platform/drivers/src/uart/fsl_uart_driver.o
 .rodata.__func__.7000
                0x00011304       0x1c ./SDK/platform/drivers/src/uart/fsl_uart_driver.o
 .rodata.__func__.7008
                0x00011320       0x18 ./SDK/platform/drivers/src/uart/fsl_uart_driver.o
 .rodata.__func__.7014
                0x00011338       0x20 ./SDK/platform/drivers/src/uart/fsl_uart_driver.o
 .rodata.g_lptmrBase
                0x00011358        0x4 ./SDK/platform/drivers/src/lptmr/fsl_lptmr_common.o
                0x00011358                g_lptmrBase
 .rodata.g_lptmrIrqId
                0x0001135c        0x4 ./SDK/platform/drivers/src/lptmr/fsl_lptmr_common.o
                0x0001135c                g_lptmrIrqId
 .rodata.__func__.6537
                0x00011360       0x10 ./SDK/platform/drivers/src/lptmr/fsl_lptmr_driver.o
 .rodata.__func__.5702
                0x00011370       0x14 ./SDK/platform/drivers/src/lptmr/fsl_lptmr_driver.o
 .rodata.__func__.5706
                0x00011384       0x14 ./SDK/platform/drivers/src/lptmr/fsl_lptmr_driver.o
 .rodata.__func__.6549
                0x00011398       0x10 ./SDK/platform/drivers/src/lptmr/fsl_lptmr_driver.o
 .rodata.__func__.6554
                0x000113a8       0x10 ./SDK/platform/drivers/src/lptmr/fsl_lptmr_driver.o
 .rodata.__func__.6560
                0x000113b8       0x1c ./SDK/platform/drivers/src/lptmr/fsl_lptmr_driver.o
 .rodata.__func__.6585
                0x000113d4       0x1c ./SDK/platform/drivers/src/lptmr/fsl_lptmr_driver.o
 .rodata.__func__.6589
                0x000113f0       0x18 ./SDK/platform/drivers/src/lptmr/fsl_lptmr_driver.o
 .rodata.g_lpsciBase
                0x00011408        0x4 ./SDK/platform/drivers/src/lpsci/fsl_lpsci_common.o
                0x00011408                g_lpsciBase
 .rodata.__func__.6873
                0x0001140c       0x10 ./SDK/platform/drivers/src/lpsci/fsl_lpsci_driver.o
 .rodata.__func__.6846
                0x0001141c       0x14 ./SDK/platform/drivers/src/lpsci/fsl_lpsci_driver.o
 .rodata.__func__.6879
                0x00011430       0x14 ./SDK/platform/drivers/src/lpsci/fsl_lpsci_driver.o
 .rodata.__func__.6850
                0x00011444       0x14 ./SDK/platform/drivers/src/lpsci/fsl_lpsci_driver.o
 .rodata.__func__.6923
                0x00011458       0x14 ./SDK/platform/drivers/src/lpsci/fsl_lpsci_driver.o
 .rodata.__func__.6930
                0x0001146c       0x1c ./SDK/platform/drivers/src/lpsci/fsl_lpsci_driver.o
 .rodata.__func__.6957
                0x00011488       0x18 ./SDK/platform/drivers/src/lpsci/fsl_lpsci_driver.o
 .rodata.__func__.6964
                0x000114a0       0x1c ./SDK/platform/drivers/src/lpsci/fsl_lpsci_driver.o
 .rodata.__func__.6981
                0x000114bc       0x1c ./SDK/platform/drivers/src/lpsci/fsl_lpsci_driver.o
 .rodata.__func__.6989
                0x000114d8       0x18 ./SDK/platform/drivers/src/lpsci/fsl_lpsci_driver.o
 .rodata.__func__.6995
                0x000114f0       0x20 ./SDK/platform/drivers/src/lpsci/fsl_lpsci_driver.o
 .rodata.__func__.7003
                0x00011510       0x1c ./SDK/platform/drivers/src/lpsci/fsl_lpsci_driver.o
 .rodata.g_i2cBase
                0x0001152c        0x8 ./SDK/platform/drivers/src/i2c/fsl_i2c_common.o
                0x0001152c                g_i2cBase
 .rodata.g_i2cIrqId
                0x00011534        0x4 ./SDK/platform/drivers/src/i2c/fsl_i2c_common.o
                0x00011534                g_i2cIrqId
 .rodata.__func__.6885
                0x00011538       0x14 ./SDK/platform/drivers/src/i2c/fsl_i2c_master_driver.o
 .rodata.__func__.6842
                0x0001154c       0x14 ./SDK/platform/drivers/src/i2c/fsl_i2c_master_driver.o
 .rodata.__func__.6897
                0x00011560       0x1c ./SDK/platform/drivers/src/i2c/fsl_i2c_master_driver.o
 .rodata.__func__.6956
                0x0001157c       0x1c ./SDK/platform/drivers/src/i2c/fsl_i2c_master_driver.o
 .rodata.__func__.6969
                0x00011598       0x14 ./SDK/platform/drivers/src/i2c/fsl_i2c_master_driver.o
 .rodata.__func__.6977
                0x000115ac       0x1c ./SDK/platform/drivers/src/i2c/fsl_i2c_master_driver.o
 .rodata.__func__.6988
                0x000115c8       0x14 ./SDK/platform/drivers/src/i2c/fsl_i2c_master_driver.o
 .rodata.__func__.7008
                0x000115dc       0x14 ./SDK/platform/drivers/src/i2c/fsl_i2c_master_driver.o
 .rodata.__func__.7021
                0x000115f0       0x18 ./SDK/platform/drivers/src/i2c/fsl_i2c_master_driver.o
 .rodata.__func__.5280
                0x00011608       0x14 ./SDK/platform/drivers/src/i2c/fsl_i2c_shared_function.o
 .rodata.__func__.6945
                0x0001161c       0x18 ./SDK/platform/drivers/src/i2c/fsl_i2c_slave_driver.o
 .rodata.g_gpioBase
                0x00011634       0x14 ./SDK/platform/drivers/src/gpio/fsl_gpio_common.o
                0x00011634                g_gpioBase
 .rodata.g_portBase
                0x00011648       0x14 ./SDK/platform/drivers/src/gpio/fsl_gpio_common.o
                0x00011648                g_portBase
 .rodata.g_portIrqId
                0x0001165c        0x8 ./SDK/platform/drivers/src/gpio/fsl_gpio_common.o
                0x0001165c                g_portIrqId
 .rodata.__func__.5094
                0x00011664       0x14 ./SDK/platform/drivers/src/gpio/fsl_gpio_driver.o
 .rodata.__func__.5070
                0x00011678       0x14 ./SDK/platform/drivers/src/gpio/fsl_gpio_driver.o
 .rodata.__func__.5082
                0x0001168c       0x20 ./SDK/platform/drivers/src/gpio/fsl_gpio_driver.o
 .rodata.__func__.5108
                0x000116ac       0x18 ./SDK/platform/drivers/src/gpio/fsl_gpio_driver.o